Component: ARM Compiler 5.05 update 1 (build 106) Tool: armlink [4d0efa]

==============================================================================

Section Cross References

    main.o(.text) refers to _printf_pad.o(.text) for _printf_pre_padding
    main.o(.text) refers to _printf_percent.o(.ARM.Collect$$_printf_percent$$00000000) for _printf_percent
    main.o(.text) refers to _printf_f.o(.ARM.Collect$$_printf_percent$$00000003) for _printf_f
    main.o(.text) refers to printf1.o(x$fpl$printf1) for _printf_fp_dec
    main.o(.text) refers to rt_memclr_w.o(.text) for __aeabi_memclr4
    main.o(.text) refers to delay.o(.text) for delay_init
    main.o(.text) refers to misc.o(.text) for NVIC_PriorityGroupConfig
    main.o(.text) refers to usart.o(.text) for uart_init
    main.o(.text) refers to led.o(.text) for LED_Init
    main.o(.text) refers to oled.o(.text) for OLED_Init
    main.o(.text) refers to timer.o(.text) for TIM3_Int_Init
    main.o(.text) refers to mpu6050.o(.text) for MPU_Init
    main.o(.text) refers to inv_mpu.o(.text) for mpu_dmp_init
    main.o(.text) refers to f2d.o(x$fpl$f2d) for __aeabi_f2d
    main.o(.text) refers to noretval__2sprintf.o(.text) for __2sprintf
    system_stm32f10x.o(.text) refers to system_stm32f10x.o(.data) for SystemCoreClock
    led.o(.text) refers to stm32f10x_rcc.o(.text) for RCC_APB2PeriphClockCmd
    led.o(.text) refers to stm32f10x_gpio.o(.text) for GPIO_Init
    key.o(.text) refers to stm32f10x_rcc.o(.text) for RCC_APB2PeriphClockCmd
    key.o(.text) refers to stm32f10x_gpio.o(.text) for GPIO_Init
    key.o(.text) refers to delay.o(.text) for delay_ms
    key.o(.text) refers to key.o(.data) for key_up
    timer.o(.text) refers to stm32f10x_rcc.o(.text) for RCC_APB1PeriphClockCmd
    timer.o(.text) refers to stm32f10x_tim.o(.text) for TIM_TimeBaseInit
    timer.o(.text) refers to misc.o(.text) for NVIC_Init
    oled.o(.text) refers to stm32f10x_gpio.o(.text) for GPIO_SetBits
    oled.o(.text) refers to stm32f10x_rcc.o(.text) for RCC_APB2PeriphClockCmd
    oled.o(.text) refers to dleqf.o(x$fpl$dleqf) for __aeabi_cdcmple
    oled.o(.text) refers to dfix.o(x$fpl$dfix) for __aeabi_d2iz
    oled.o(.text) refers to dflt_clz.o(x$fpl$dflt) for __aeabi_i2d
    oled.o(.text) refers to daddsub_clz.o(x$fpl$drsb) for __aeabi_drsub
    oled.o(.text) refers to dmul.o(x$fpl$dmul) for __aeabi_dmul
    oled.o(.text) refers to dfixu.o(x$fpl$dfixu) for __aeabi_d2uiz
    oled.o(.text) refers to oled.o(.constdata) for F6x8
    oled.o(.text) refers to dflt_clz.o(x$fpl$dfltu) for __aeabi_ui2d
    mpu6050.o(.text) refers to mpuiic.o(.text) for MPU_IIC_Start
    mpu6050.o(.text) refers to stm32f10x_rcc.o(.text) for RCC_APB2PeriphClockCmd
    mpu6050.o(.text) refers to stm32f10x_gpio.o(.text) for GPIO_Init
    mpu6050.o(.text) refers to delay.o(.text) for delay_ms
    mpu6050.o(.text) refers to dflt_clz.o(x$fpl$dflt) for __aeabi_i2d
    mpu6050.o(.text) refers to ddiv.o(x$fpl$ddiv) for __aeabi_ddiv
    mpu6050.o(.text) refers to daddsub_clz.o(x$fpl$dadd) for __aeabi_dadd
    mpu6050.o(.text) refers to d2f.o(x$fpl$d2f) for __aeabi_d2f
    mpu6050.o(.text) refers to fmul.o(x$fpl$fmul) for __aeabi_fmul
    mpu6050.o(.text) refers to ffix.o(x$fpl$ffix) for __aeabi_f2iz
    mpuiic.o(.text) refers to delay.o(.text) for delay_us
    mpuiic.o(.text) refers to stm32f10x_rcc.o(.text) for RCC_APB2PeriphClockCmd
    mpuiic.o(.text) refers to stm32f10x_gpio.o(.text) for GPIO_Init
    inv_mpu.o(.text) refers to _printf_pad.o(.text) for _printf_pre_padding
    inv_mpu.o(.text) refers to _printf_percent.o(.ARM.Collect$$_printf_percent$$00000000) for _printf_percent
    inv_mpu.o(.text) refers to _printf_x.o(.ARM.Collect$$_printf_percent$$0000000C) for _printf_x
    inv_mpu.o(.text) refers to _printf_hex_int.o(.text) for _printf_longlong_hex
    inv_mpu.o(.text) refers to _printf_d.o(.ARM.Collect$$_printf_percent$$00000009) for _printf_d
    inv_mpu.o(.text) refers to _printf_dec.o(.text) for _printf_int_dec
    inv_mpu.o(.text) refers to mpu6050.o(.text) for MPU_Write_Len
    inv_mpu.o(.text) refers to noretval__2printf.o(.text) for __2printf
    inv_mpu.o(.text) refers to delay.o(.text) for delay_ms
    inv_mpu.o(.text) refers to inv_mpu.o(.data) for st
    inv_mpu.o(.text) refers to fflt_clz.o(x$fpl$ffltu) for __aeabi_ui2f
    inv_mpu.o(.text) refers to fflt_clz.o(x$fpl$fflt) for __aeabi_i2f
    inv_mpu.o(.text) refers to faddsub_clz.o(x$fpl$fsub) for __aeabi_fsub
    inv_mpu.o(.text) refers to fdiv.o(x$fpl$fdiv) for __aeabi_fdiv
    inv_mpu.o(.text) refers to faddsub_clz.o(x$fpl$fadd) for __aeabi_fadd
    inv_mpu.o(.text) refers to fmul.o(x$fpl$fmul) for __aeabi_fmul
    inv_mpu.o(.text) refers to ffix.o(x$fpl$ffix) for __aeabi_f2iz
    inv_mpu.o(.text) refers to inv_mpu.o(.conststring) for .conststring
    inv_mpu.o(.text) refers to feqf.o(x$fpl$feqf) for __aeabi_cfcmpeq
    inv_mpu.o(.text) refers to frleqf.o(x$fpl$frleqf) for __aeabi_cfrcmple
[...]
    fac_us                                   0x2000004a   Data           1  delay.o(.data)
    fac_ms                                   0x2000004c   Data           2  delay.o(.data)
    .data                                    0x20000050   Section        6  usart.o(.data)
    .data                                    0x20000056   Section       20  stm32f10x_rcc.o(.data)
    APBAHBPrescTable                         0x20000056   Data          16  stm32f10x_rcc.o(.data)
    ADCPrescTable                            0x20000066   Data           4  stm32f10x_rcc.o(.data)
    .bss                                     0x2000006c   Section       16  inv_mpu_dmp_motion_driver.o(.bss)
    dmp                                      0x2000006c   Data          16  inv_mpu_dmp_motion_driver.o(.bss)
    .bss                                     0x2000007c   Section      200  usart.o(.bss)
    .bss                                     0x20000144   Section       96  libspace.o(.bss)
    HEAP                                     0x200001a8   Section      512  startup_stm32f10x_hd.o(HEAP)
    Heap_Mem                                 0x200001a8   Data         512  startup_stm32f10x_hd.o(HEAP)
    STACK                                    0x200003a8   Section     1024  startup_stm32f10x_hd.o(STACK)
    Stack_Mem                                0x200003a8   Data        1024  startup_stm32f10x_hd.o(STACK)
    __initial_sp                             0x200007a8   Data           0  startup_stm32f10x_hd.o(STACK)

    Global Symbols

    Symbol Name                              Value     Ov Type        Size  Object(Section)

    BuildAttributes$$THM_ISAv4$P$D$K$B$S$PE$A:L22UL41UL21$X:L11$S22US41US21$IEEE1$IW$USESV6$~STKCKD$USESV7$~SHL$OTIME$ROPI$IEEEX$EBA8$UX$STANDARDLIB$REQ8$PRES8$EABIv2 0x00000000   Number         0  anon$$obj.o ABSOLUTE
    __ARM_use_no_argv                        0x00000000   Number         0  main.o ABSOLUTE
    _printf_flags                            0x00000000   Number         0  printf_stubs.o ABSOLUTE
    _printf_return_value                     0x00000000   Number         0  printf_stubs.o ABSOLUTE
    _printf_sizespec                         0x00000000   Number         0  printf_stubs.o ABSOLUTE
    _printf_widthprec                        0x00000000   Number         0  printf_stubs.o ABSOLUTE
    __ARM_exceptions_init                     - Undefined Weak Reference
    __alloca_initialize                       - Undefined Weak Reference
    __arm_preinit_                            - Undefined Weak Reference
    __cpp_initialize__aeabi_                  - Undefined Weak Reference
    __cxa_finalize                            - Undefined Weak Reference
    __sigvec_lookup                           - Undefined Weak Reference
    _atexit_init                              - Undefined Weak Reference
    _call_atexit_fns                          - Undefined Weak Reference
    _clock_init                               - Undefined Weak Reference
    _fp_trap_init                             - Undefined Weak Reference
    _fp_trap_shutdown                         - Undefined Weak Reference
    _get_lc_collate                           - Undefined Weak Reference
    _get_lc_ctype                             - Undefined Weak Reference
    _get_lc_monetary                          - Undefined Weak Reference
    _get_lc_time                              - Undefined Weak Reference
    _getenv_init                              - Undefined Weak Reference
    _handle_redirection                       - Undefined Weak Reference
    _init_alloc                               - Undefined Weak Reference
    _init_user_alloc                          - Undefined Weak Reference
    _initio                                   - Undefined Weak Reference
    _mutex_acquire                            - Undefined Weak Reference
    _mutex_release                            - Undefined Weak Reference
    _printf_truncate_signed                   - Undefined Weak Reference
    _printf_truncate_unsigned                 - Undefined Weak Reference
    _rand_init                                - Undefined Weak Reference
    _signal_finish                            - Undefined Weak Reference
    _signal_init                              - Undefined Weak Reference
    _terminate_alloc                          - Undefined Weak Reference
    _terminate_user_alloc                     - Undefined Weak Reference
    _terminateio                              - Undefined Weak Reference
    __Vectors_Size                           0x00000130   Number         0  startup_stm32f10x_hd.o ABSOLUTE
    __Vectors                                0x08000000   Data           4  startup_stm32f10x_hd.o(RESET)
    __Vectors_End                            0x08000130   Data           0  startup_stm32f10x_hd.o(RESET)
    __main                                   0x08000131   Thumb Code     8  __main.o(!!!main)
    __scatterload                            0x08000139   Thumb Code     0  __scatter.o(!!!scatter)
    __scatterload_rt2                        0x08000139   Thumb Code    44  __scatter.o(!!!scatter)
    __scatterload_rt2_thumb_only             0x08000139   Thumb Code     0  __scatter.o(!!!scatter)
    __scatterload_null                       0x08000147   Thumb Code     0  __scatter.o(!!!scatter)
    __scatterload_copy                       0x0800016d   Thumb Code    26  __scatter_copy.o(!!handler_copy)
    __scatterload_zeroinit                   0x08000189   Thumb Code    28  __scatter_zi.o(!!handler_zi)
    _printf_f                                0x080001a5   Thumb Code     0  _printf_f.o(.ARM.Collect$$_printf_percent$$00000003)
    _printf_percent                          0x080001a5   Thumb Code     0  _printf_percent.o(.ARM.Collect$$_printf_percent$$00000000)
    _printf_d                                0x080001ab   Thumb Code     0  _printf_d.o(.ARM.Collect$$_printf_percent$$00000009)
    _printf_x                                0x080001b1   Thumb Code     0  _printf_x.o(.ARM.Collect$$_printf_percent$$0000000C)
    _printf_percent_end                      0x080001b7   Thumb Code     0  _printf_percent_end.o(.ARM.Collect$$_printf_percent$$00000017)
    __rt_lib_init                            0x080001bb   Thumb Code     0  libinit.o(.ARM.Collect$$libinit$$00000000)
    __rt_lib_init_fp_1                       0x080001bd   Thumb Code     0  libinit2.o(.ARM.Collect$$libinit$$00000002)
    __rt_lib_init_heap_1                     0x080001bd   Thumb Code     0  libinit2.o(.ARM.Collect$$libinit$$0000000A)
    __rt_lib_init_lc_common                  0x080001bd   Thumb Code     0  libinit2.o(.ARM.Collect$$libinit$$0000000F)
    __rt_lib_init_preinit_1                  0x080001bd   Thumb Code     0  libinit2.o(.ARM.Collect$$libinit$$00000004)
    __rt_lib_init_rand_1                     0x080001bd   Thumb Code     0  libinit2.o(.ARM.Collect$$libinit$$0000000E)
    __rt_lib_init_user_alloc_1               0x080001bd   Thumb Code     0  libinit2.o(.ARM.Collect$$libinit$$0000000C)
    __rt_lib_init_lc_collate_1               0x080001c3   Thumb Code     0  libinit2.o(.ARM.Collect$$libinit$$00000011)
    __rt_lib_init_lc_ctype_1                 0x080001c3   Thumb Code     0  libinit2.o(.ARM.Collect$$libinit$$00000013)
    __rt_lib_init_lc_monetary_1              0x080001c3   Thumb Code     0  libinit2.o(.ARM.Collect$$libinit$$00000015)
    __rt_lib_init_lc_numeric_2               0x080001c3   Thumb Code     0  libinit2.o(.ARM.Collect$$libinit$$00000016)
    __rt_lib_init_alloca_1                   0x080001cd   Thumb Code     0  libinit2.o(.ARM.Collect$$libinit$$0000002E)
    __rt_lib_init_argv_1                     0x080001cd   Thumb Code     0  libinit2.o(.ARM.Collect$$libinit$$0000002C)
    __rt_lib_init_atexit_1                   0x080001cd   Thumb Code     0  libinit2.o(.ARM.Collect$$libinit$$0000001B)
    __rt_lib_init_clock_1                    0x080001cd   Thumb Code     0  libinit2.o(.ARM.Collect$$libinit$$00000021)
    __rt_lib_init_cpp_1                      0x080001cd   Thumb Code     0  libinit2.o(.ARM.Collect$$libinit$$00000032)
    __rt_lib_init_exceptions_1               0x080001cd   Thumb Code     0  libinit2.o(.ARM.Collect$$libinit$$00000030)
    __rt_lib_init_fp_trap_1                  0x080001cd   Thumb Code     0  libinit2.o(.ARM.Collect$$libinit$$0000001F)
    __rt_lib_init_getenv_1                   0x080001cd   Thumb Code     0  libinit2.o(.ARM.Collect$$libinit$$00000023)
    __rt_lib_init_lc_numeric_1               0x080001cd   Thumb Code     0  libinit2.o(.ARM.Collect$$libinit$$00000017)
    __rt_lib_init_lc_time_1                  0x080001cd   Thumb Code     0  libinit2.o(.ARM.Collect$$libinit$$00000019)
    __rt_lib_init_return                     0x080001cd   Thumb Code     0  libinit2.o(.ARM.Collect$$libinit$$00000033)
    __rt_lib_init_signal_1                   0x080001cd   Thumb Code     0  libinit2.o(.ARM.Collect$$libinit$$0000001D)
    __rt_lib_init_stdio_1                    0x080001cd   Thumb Code     0  libinit2.o(.ARM.Collect$$libinit$$00000025)
    __rt_lib_shutdown                        0x080001cf   Thumb Code     0  libshutdown.o(.ARM.Collect$$libshutdown$$00000000)
    __rt_lib_shutdown_fp_trap_1              0x080001d1   Thumb Code     0  libshutdown2.o(.ARM.Collect$$libshutdown$$00000006)
    __rt_lib_shutdown_heap_1                 0x080001d1   Thumb Code     0  libshutdown2.o(.ARM.Collect$$libshutdown$$0000000E)
    __rt_lib_shutdown_return                 0x080001d1   Thumb Code     0  libshutdown2.o(.ARM.Collect$$libshutdown$$0000000F)
    __rt_lib_shutdown_signal_1               0x080001d1   Thumb Code     0  libshutdown2.o(.ARM.Collect$$libshutdown$$00000009)
    __rt_lib_shutdown_stdio_1                0x080001d1   Thumb Code     0  libshutdown2.o(.ARM.Collect$$libshutdown$$00000003)
    __rt_lib_shutdown_user_alloc_1           0x080001d1   Thumb Code     0  libshutdown2.o(.ARM.Collect$$libshutdown$$0000000B)
    __rt_entry                               0x080001d3   Thumb Code     0  __rtentry.o(.ARM.Collect$$rtentry$$00000000)
    __rt_entry_presh_1                       0x080001d3   Thumb Code     0  __rtentry2.o(.ARM.Collect$$rtentry$$00000002)
    __rt_entry_sh                            0x080001d3   Thumb Code     0  __rtentry4.o(.ARM.Collect$$rtentry$$00000004)
    __rt_entry_li                            0x080001d9   Thumb Code     0  __rtentry2.o(.ARM.Collect$$rtentry$$0000000A)
    __rt_entry_postsh_1                      0x080001d9   Thumb Code     0  __rtentry2.o(.ARM.Collect$$rtentry$$00000009)
    __rt_entry_main                          0x080001dd   Thumb Code     0  __rtentry2.o(.ARM.Collect$$rtentry$$0000000D)
    __rt_entry_postli_1                      0x080001dd   Thumb Code     0  __rtentry2.o(.ARM.Collect$$rtentry$$0000000C)
    __rt_exit                                0x080001e5   Thumb Code     0  rtexit.o(.ARM.Collect$$rtexit$$00000000)
    __rt_exit_ls                             0x080001e7   Thumb Code     0  rtexit2.o(.ARM.Collect$$rtexit$$00000003)
    __rt_exit_prels_1                        0x080001e7   Thumb Code     0  rtexit2.o(.ARM.Collect$$rtexit$$00000002)
    __rt_exit_exit                           0x080001eb   Thumb Code     0  rtexit2.o(.ARM.Collect$$rtexit$$00000004)
    main                                     0x080001f1   Thumb Code   206  main.o(.text)
    NMI_Handler                              0x080002ed   Thumb Code     2  stm32f10x_it.o(.text)
    HardFault_Handler                        0x080002ef   Thumb Code     4  stm32f10x_it.o(.text)
    MemManage_Handler                        0x080002f3   Thumb Code     4  stm32f10x_it.o(.text)
    BusFault_Handler                         0x080002f7   Thumb Code     4  stm32f10x_it.o(.text)
    UsageFault_Handler                       0x080002fb   Thumb Code     4  stm32f10x_it.o(.text)
    SVC_Handler                              0x080002ff   Thumb Code     2  stm32f10x_it.o(.text)
    DebugMon_Handler                         0x08000301   Thumb Code     2  stm32f10x_it.o(.text)
    PendSV_Handler                           0x08000303   Thumb Code     2  stm32f10x_it.o(.text)
    SysTick_Handler                          0x08000305   Thumb Code     2  stm32f10x_it.o(.text)
    SystemInit                               0x080003e7   Thumb Code    78  system_stm32f10x.o(.text)
    SystemCoreClockUpdate                    0x08000435   Thumb Code   142  system_stm32f10x.o(.text)
    LED_Init                                 0x080004e9   Thumb Code    68  led.o(.text)
    TIM3_Int_Init                            0x08000535   Thumb Code    90  timer.o(.text)
    TIM3_IRQHandler                          0x0800058f   Thumb Code    38  timer.o(.text)
    OLED_WR_Byte                             0x080005bd   Thumb Code   100  oled.o(.text)
    OLED_DLY_ms                              0x08000621   Thumb Code    24  oled.o(.text)
    OLED_WrDat                               0x08000639   Thumb Code    96  oled.o(.text)
    OLED_WrCmd                               0x08000699   Thumb Code    92  oled.o(.text)
    OLED_Fill                                0x080006f5   Thumb Code    58  oled.o(.text)
    OLED_Init                                0x0800072f   Thumb Code   282  oled.o(.text)
    OLED_Set_Pos                             0x08000849   Thumb Code    36  oled.o(.text)
    OLED_CLS                                 0x0800086d   Thumb Code    56  oled.o(.text)
    adjust                                   0x080008a5   Thumb Code    12  oled.o(.text)
    SetStartColumn                           0x080008b1   Thumb Code    44  oled.o(.text)
    SetAddressingMode                        0x080008dd   Thumb Code    18  oled.o(.text)
    SetColumnAddress                         0x080008ef   Thumb Code    26  oled.o(.text)
    SetPageAddress                           0x08000909   Thumb Code    26  oled.o(.text)
    SetStartLine                             0x08000923   Thumb Code    14  oled.o(.text)
    SetContrastControl                       0x08000931   Thumb Code    18  oled.o(.text)
    Set_Charge_Pump                          0x08000943   Thumb Code    20  oled.o(.text)
    Set_Segment_Remap                        0x08000957   Thumb Code    14  oled.o(.text)
    Set_Entire_Display                       0x08000965   Thumb Code    14  oled.o(.text)
    Set_Inverse_Display                      0x08000973   Thumb Code    14  oled.o(.text)
    Set_Multiplex_Ratio                      0x08000981   Thumb Code    18  oled.o(.text)
    Set_Display_On_Off                       0x08000993   Thumb Code    18  oled.o(.text)
    SetStartPage                             0x080009a5   Thumb Code    14  oled.o(.text)
    Set_Common_Remap                         0x080009b3   Thumb Code    14  oled.o(.text)
    Set_Display_Offset                       0x080009c1   Thumb Code    18  oled.o(.text)
    Set_Display_Clock                        0x080009d3   Thumb Code    18  oled.o(.text)
    Set_Precharge_Period                     0x080009e5   Thumb Code    18  oled.o(.text)
    Set_Common_Config                        0x080009f7   Thumb Code    20  oled.o(.text)
    Set_VCOMH                                0x08000a0b   Thumb Code    18  oled.o(.text)
    Set_NOP                                  0x08000a1d   Thumb Code    10  oled.o(.text)
    OLED_P6x8Str                             0x08000a27   Thumb Code    96  oled.o(.text)
    OLED_P8x16Str                            0x08000a87   Thumb Code   130  oled.o(.text)
    OLED_P14x16Str                           0x08000b09   Thumb Code   246  oled.o(.text)
    OLED_Print                               0x08000bff   Thumb Code   100  oled.o(.text)
    Dis_Char                                 0x08000c63   Thumb Code    34  oled.o(.text)
    Dis_String                               0x08000c85   Thumb Code   104  oled.o(.text)
    Dis_Num                                  0x08000ced   Thumb Code   160  oled.o(.text)
    Dis_Float                                0x08000d8d   Thumb Code   464  oled.o(.text)
    Dis_Float2                               0x08000f5d   Thumb Code   354  oled.o(.text)
    Draw_Logo                                0x080010bf   Thumb Code    50  oled.o(.text)
    OLED_P8x16Num_8bit                       0x080010f1   Thumb Code    60  oled.o(.text)
    OLED_P6x8Num_8bit                        0x0800112d   Thumb Code    60  oled.o(.text)
    OLED_Num                                 0x08001169   Thumb Code    60  oled.o(.text)
    OLED_2num                                0x080011a5   Thumb Code    58  oled.o(.text)
    OLED_3num                                0x080011df   Thumb Code    84  oled.o(.text)
    OLED_4num                                0x08001233   Thumb Code   134  oled.o(.text)
    OLED_Num5                                0x080012b9   Thumb Code   152  oled.o(.text)
    MPU_Write_Byte                           0x0800135d   Thumb Code    68  mpu6050.o(.text)
    MPU_Set_LPF                              0x080013a1   Thumb Code    58  mpu6050.o(.text)
    MPU_Set_Rate                             0x080013db   Thumb Code    58  mpu6050.o(.text)
    MPU_Read_Byte                            0x08001415   Thumb Code    58  mpu6050.o(.text)
    MPU_Set_Accel_Fsr                        0x0800144f   Thumb Code    16  mpu6050.o(.text)
    MPU_Set_Gyro_Fsr                         0x0800145f   Thumb Code    16  mpu6050.o(.text)
    MPU_Init                                 0x0800146f   Thumb Code   180  mpu6050.o(.text)
    MPU_Read_Len                             0x08001523   Thumb Code   116  mpu6050.o(.text)
    MPU_Get_Temperature                      0x08001597   Thumb Code    86  mpu6050.o(.text)
    MPU_Get_Gyroscope                        0x080015ed   Thumb Code    80  mpu6050.o(.text)
    MPU_Get_Accelerometer                    0x0800163d   Thumb Code    80  mpu6050.o(.text)
    MPU_Write_Len                            0x0800168d   Thumb Code    96  mpu6050.o(.text)
    MPU_IIC_Delay                            0x08001709   Thumb Code    10  mpuiic.o(.text)
    MPU_IIC_Init                             0x08001713   Thumb Code    50  mpuiic.o(.text)
    MPU_IIC_Start                            0x08001745   Thumb Code    64  mpuiic.o(.text)
    MPU_IIC_Stop                             0x08001785   Thumb Code    66  mpuiic.o(.text)
    MPU_IIC_Wait_Ack                         0x080017c7   Thumb Code    90  mpuiic.o(.text)
    MPU_IIC_Ack                              0x08001821   Thumb Code    70  mpuiic.o(.text)
    MPU_IIC_NAck                             0x08001867   Thumb Code    70  mpuiic.o(.text)
    MPU_IIC_Send_Byte                        0x080018ad   Thumb Code    86  mpuiic.o(.text)
    MPU_IIC_Read_Byte                        0x08001903   Thumb Code   100  mpuiic.o(.text)
    mpu_reg_dump                             0x080019ff   Thumb Code    84  inv_mpu.o(.text)
    mpu_read_reg                             0x08001a53   Thumb Code    66  inv_mpu.o(.text)
    mpu_set_int_latched                      0x08001a95   Thumb Code   102  inv_mpu.o(.text)
    mpu_set_sensors                          0x08001afb   Thumb Code   202  inv_mpu.o(.text)
    mpu_set_bypass                           0x08001bc5   Thumb Code   328  inv_mpu.o(.text)
    mpu_reset_fifo                           0x08001d0d   Thumb Code   472  inv_mpu.o(.text)
    mpu_configure_fifo                       0x08001ee5   Thumb Code   106  inv_mpu.o(.text)
    mpu_set_lpf                              0x08001f4f   Thumb Code   126  inv_mpu.o(.text)
    mpu_lp_accel_mode                        0x08001fcd   Thumb Code   218  inv_mpu.o(.text)
    mpu_set_sample_rate                      0x080020a7   Thumb Code   152  inv_mpu.o(.text)
    mpu_set_accel_fsr                        0x0800213f   Thumb Code   132  inv_mpu.o(.text)
    mpu_set_gyro_fsr                         0x080021c3   Thumb Code   132  inv_mpu.o(.text)
    mpu_init                                 0x08002247   Thumb Code   416  inv_mpu.o(.text)
    mget_ms                                  0x080023e7   Thumb Code     2  inv_mpu.o(.text)
    mpu_get_gyro_reg                         0x080023e9   Thumb Code   110  inv_mpu.o(.text)
    mpu_get_accel_reg                        0x08002457   Thumb Code   110  inv_mpu.o(.text)
    mpu_get_temperature                      0x080024c5   Thumb Code   150  inv_mpu.o(.text)
    mpu_set_accel_bias                       0x0800255b   Thumb Code   468  inv_mpu.o(.text)
    mpu_get_gyro_fsr                         0x0800272f   Thumb Code    64  inv_mpu.o(.text)
    mpu_get_accel_fsr                        0x0800276f   Thumb Code    72  inv_mpu.o(.text)
    mpu_get_lpf                              0x080027b7   Thumb Code    74  inv_mpu.o(.text)
    mpu_get_sample_rate                      0x08002801   Thumb Code    26  inv_mpu.o(.text)
    mpu_get_compass_sample_rate              0x0800281b   Thumb Code    10  inv_mpu.o(.text)
    mpu_set_compass_sample_rate              0x08002825   Thumb Code     8  inv_mpu.o(.text)
    mpu_get_gyro_sens                        0x0800282d   Thumb Code    58  inv_mpu.o(.text)
    mpu_get_accel_sens                       0x08002867   Thumb Code    78  inv_mpu.o(.text)
    mpu_get_fifo_config                      0x080028b5   Thumb Code    12  inv_mpu.o(.text)
    mpu_get_power_state                      0x080028c1   Thumb Code    22  inv_mpu.o(.text)
    mpu_get_int_status                       0x080028d7   Thumb Code    64  inv_mpu.o(.text)
    mpu_read_fifo                            0x08002917   Thumb Code   520  inv_mpu.o(.text)
    mpu_read_fifo_stream                     0x08002b1f   Thumb Code   186  inv_mpu.o(.text)
    mpu_set_int_level                        0x08002bd9   Thumb Code    12  inv_mpu.o(.text)
    mpu_set_dmp_state                        0x080032b9   Thumb Code   138  inv_mpu.o(.text)
    mpu_run_self_test                        0x08003343   Thumb Code   278  inv_mpu.o(.text)
    mpu_write_mem                            0x08003459   Thumb Code   122  inv_mpu.o(.text)
    mpu_read_mem                             0x080034d3   Thumb Code   122  inv_mpu.o(.text)
    mpu_load_firmware                        0x0800354d   Thumb Code   190  inv_mpu.o(.text)
    mpu_get_dmp_state                        0x0800360b   Thumb Code    14  inv_mpu.o(.text)
    setup_compass                            0x08003619   Thumb Code     6  inv_mpu.o(.text)
    mpu_get_compass_reg                      0x0800361f   Thumb Code     8  inv_mpu.o(.text)
    mpu_get_compass_fsr                      0x08003627   Thumb Code     8  inv_mpu.o(.text)
    mpu_lp_motion_interrupt                  0x0800362f   Thumb Code   512  inv_mpu.o(.text)
    run_self_test                            0x0800382f   Thumb Code   148  inv_mpu.o(.text)
    inv_row_2_scale                          0x080038c3   Thumb Code    78  inv_mpu.o(.text)
    inv_orientation_matrix_to_scalar         0x08003911   Thumb Code    40  inv_mpu.o(.text)
    mpu_dmp_init                             0x08003939   Thumb Code   154  inv_mpu.o(.text)
    mpu_dmp_get_data                         0x080039d3   Thumb Code   554  inv_mpu.o(.text)
    dmp_load_motion_driver_firmware          0x08003c01   Thumb Code    20  inv_mpu_dmp_motion_driver.o(.text)
    dmp_set_orientation                      0x08003c15   Thumb Code   290  inv_mpu_dmp_motion_driver.o(.text)
    dmp_set_gyro_bias                        0x08003d37   Thumb Code   294  inv_mpu_dmp_motion_driver.o(.text)
    dmp_set_accel_bias                       0x08003e5d   Thumb Code   300  inv_mpu_dmp_motion_driver.o(.text)
    dmp_set_fifo_rate                        0x08003f89   Thumb Code   136  inv_mpu_dmp_motion_driver.o(.text)
    dmp_get_fifo_rate                        0x08004011   Thumb Code    12  inv_mpu_dmp_motion_driver.o(.text)
    dmp_set_tap_thresh                       0x0800401d   Thumb Code   396  inv_mpu_dmp_motion_driver.o(.text)
    dmp_set_tap_axes                         0x080041a9   Thumb Code    70  inv_mpu_dmp_motion_driver.o(.text)
    dmp_set_tap_count                        0x080041ef   Thumb Code    38  inv_mpu_dmp_motion_driver.o(.text)
    dmp_set_tap_time                         0x08004215   Thumb Code    38  inv_mpu_dmp_motion_driver.o(.text)
    dmp_set_tap_time_multi                   0x0800423b   Thumb Code    38  inv_mpu_dmp_motion_driver.o(.text)
    dmp_set_shake_reject_thresh              0x08004261   Thumb Code    56  inv_mpu_dmp_motion_driver.o(.text)
    dmp_set_shake_reject_time                0x08004299   Thumb Code    38  inv_mpu_dmp_motion_driver.o(.text)
    dmp_set_shake_reject_timeout             0x080042bf   Thumb Code    38  inv_mpu_dmp_motion_driver.o(.text)
    dmp_get_pedometer_step_count             0x080042e5   Thumb Code    66  inv_mpu_dmp_motion_driver.o(.text)
    dmp_set_pedometer_step_count             0x08004327   Thumb Code    42  inv_mpu_dmp_motion_driver.o(.text)
    dmp_get_pedometer_walk_time              0x08004351   Thumb Code    72  inv_mpu_dmp_motion_driver.o(.text)
    dmp_set_pedometer_walk_time              0x08004399   Thumb Code    48  inv_mpu_dmp_motion_driver.o(.text)
    dmp_enable_6x_lp_quat                    0x080043c9   Thumb Code    84  inv_mpu_dmp_motion_driver.o(.text)
    dmp_enable_lp_quat                       0x0800441d   Thumb Code    60  inv_mpu_dmp_motion_driver.o(.text)
    dmp_enable_gyro_cal                      0x08004459   Thumb Code    62  inv_mpu_dmp_motion_driver.o(.text)
    dmp_enable_feature                       0x08004497   Thumb Code   530  inv_mpu_dmp_motion_driver.o(.text)
    dmp_get_enabled_features                 0x080046a9   Thumb Code    12  inv_mpu_dmp_motion_driver.o(.text)
    dmp_set_interrupt_mode                   0x08004713   Thumb Code    66  inv_mpu_dmp_motion_driver.o(.text)
    dmp_read_fifo                            0x08004755   Thumb Code   514  inv_mpu_dmp_motion_driver.o(.text)
    dmp_register_tap_cb                      0x08004957   Thumb Code    10  inv_mpu_dmp_motion_driver.o(.text)
    dmp_register_android_orient_cb           0x08004961   Thumb Code    10  inv_mpu_dmp_motion_driver.o(.text)
    delay_init                               0x08004971   Thumb Code    50  delay.o(.text)
    delay_us                                 0x080049a3   Thumb Code    72  delay.o(.text)
    delay_ms                                 0x080049eb   Thumb Code    72  delay.o(.text)
    _sys_exit                                0x08004a45   Thumb Code     6  usart.o(.text)
    fputc                                    0x08004a4b   Thumb Code    24  usart.o(.text)
    uart_init                                0x08004a63   Thumb Code   152  usart.o(.text)
    USART1_IRQHandler                        0x08004afb   Thumb Code   122  usart.o(.text)
    Reset_Handler                            0x08004b85   Thumb Code     8  startup_stm32f10x_hd.o(.text)
    ADC1_2_IRQHandler                        0x08004b9f   Thumb Code     0  startup_stm32f10x_hd.o(.text)
    ADC3_IRQHandler                          0x08004b9f   Thumb Code     0  startup_stm32f10x_hd.o(.text)
    CAN1_RX1_IRQHandler                      0x08004b9f   Thumb Code     0  startup_stm32f10x_hd.o(.text)
    CAN1_SCE_IRQHandler                      0x08004b9f   Thumb Code     0  startup_stm32f10x_hd.o(.text)
    DMA1_Channel1_IRQHandler                 0x08004b9f   Thumb Code     0  startup_stm32f10x_hd.o(.text)
    DMA1_Channel2_IRQHandler                 0x08004b9f   Thumb Code     0  startup_stm32f10x_hd.o(.text)
    DMA1_Channel3_IRQHandler                 0x08004b9f   Thumb Code     0  startup_stm32f10x_hd.o(.text)
    DMA1_Channel4_IRQHandler                 0x08004b9f   Thumb Code     0  startup_stm32f10x_hd.o(.text)
    DMA1_Channel5_IRQHandler                 0x08004b9f   Thumb Code     0  startup_stm32f10x_hd.o(.text)
    DMA1_Channel6_IRQHandler                 0x08004b9f   Thumb Code     0  startup_stm32f10x_hd.o(.text)
    DMA1_Channel7_IRQHandler                 0x08004b9f   Thumb Code     0  startup_stm32f10x_hd.o(.text)
    DMA2_Channel1_IRQHandler                 0x08004b9f   Thumb Code     0  startup_stm32f10x_hd.o(.text)
    DMA2_Channel2_IRQHandler                 0x08004b9f   Thumb Code     0  startup_stm32f10x_hd.o(.text)
    DMA2_Channel3_IRQHandler                 0x08004b9f   Thumb Code     0  startup_stm32f10x_hd.o(.text)
    DMA2_Channel4_5_IRQHandler               0x08004b9f   Thumb Code     0  startup_stm32f10x_hd.o(.text)
    EXTI0_IRQHandler                         0x08004b9f   Thumb Code     0  startup_stm32f10x_hd.o(.text)
    EXTI15_10_IRQHandler                     0x08004b9f   Thumb Code     0  startup_stm32f10x_hd.o(.text)
    EXTI1_IRQHandler                         0x08004b9f   Thumb Code     0  startup_stm32f10x_hd.o(.text)
    EXTI2_IRQHandler                         0x08004b9f   Thumb Code     0  startup_stm32f10x_hd.o(.text)
    EXTI3_IRQHandler                         0x08004b9f   Thumb Code     0  startup_stm32f10x_hd.o(.text)
    EXTI4_IRQHandler                         0x08004b9f   Thumb Code     0  startup_stm32f10x_hd.o(.text)
    EXTI9_5_IRQHandler                       0x08004b9f   Thumb Code     0  startup_stm32f10x_hd.o(.text)
    FLASH_IRQHandler                         0x08004b9f   Thumb Code     0  startup_stm32f10x_hd.o(.text)
    FSMC_IRQHandler                          0x08004b9f   Thumb Code     0  startup_stm32f10x_hd.o(.text)
    I2C1_ER_IRQHandler                       0x08004b9f   Thumb Code     0  startup_stm32f10x_hd.o(.text)
    I2C1_EV_IRQHandler                       0x08004b9f   Thumb Code     0  startup_stm32f10x_hd.o(.text)
    I2C2_ER_IRQHandler                       0x08004b9f   Thumb Code     0  startup_stm32f10x_hd.o(.text)
    I2C2_EV_IRQHandler                       0x08004b9f   Thumb Code     0  startup_stm32f10x_hd.o(.text)
    PVD_IRQHandler                           0x08004b9f   Thumb Code     0  startup_stm32f10x_hd.o(.text)
    RCC_IRQHandler                           0x08004b9f   Thumb Code     0  startup_stm32f10x_hd.o(.text)
    RTCAlarm_IRQHandler                      0x08004b9f   Thumb Code     0  startup_stm32f10x_hd.o(.text)
    RTC_IRQHandler                           0x08004b9f   Thumb Code     0  startup_stm32f10x_hd.o(.text)
    SDIO_IRQHandler                          0x08004b9f   Thumb Code     0  startup_stm32f10x_hd.o(.text)
    SPI1_IRQHandler                          0x08004b9f   Thumb Code     0  startup_stm32f10x_hd.o(.text)
    SPI2_IRQHandler                          0x08004b9f   Thumb Code     0  startup_stm32f10x_hd.o(.text)
    SPI3_IRQHandler                          0x08004b9f   Thumb Code     0  startup_stm32f10x_hd.o(.text)
    TAMPER_IRQHandler                        0x08004b9f   Thumb Code     0  startup_stm32f10x_hd.o(.text)
    TIM1_BRK_IRQHandler                      0x08004b9f   Thumb Code     0  startup_stm32f10x_hd.o(.text)
    TIM1_CC_IRQHandler                       0x08004b9f   Thumb Code     0  startup_stm32f10x_hd.o(.text)
    TIM1_TRG_COM_IRQHandler                  0x08004b9f   Thumb Code     0  startup_stm32f10x_hd.o(.text)
    TIM1_UP_IRQHandler                       0x08004b9f   Thumb Code     0  startup_stm32f10x_hd.o(.text)
    TIM2_IRQHandler                          0x08004b9f   Thumb Code     0  startup_stm32f10x_hd.o(.text)
    TIM4_IRQHandler                          0x08004b9f   Thumb Code     0  startup_stm32f10x_hd.o(.text)
    TIM5_IRQHandler                          0x08004b9f   Thumb Code     0  startup_stm32f10x_hd.o(.text)
    TIM6_IRQHandler                          0x08004b9f   Thumb Code     0  startup_stm32f10x_hd.o(.text)
    TIM7_IRQHandler                          0x08004b9f   Thumb Code     0  startup_stm32f10x_hd.o(.text)
    TIM8_BRK_IRQHandler                      0x08004b9f   Thumb Code     0  startup_stm32f10x_hd.o(.text)
    TIM8_CC_IRQHandler                       0x08004b9f   Thumb Code     0  startup_stm32f10x_hd.o(.text)
    TIM8_TRG_COM_IRQHandler                  0x08004b9f   Thumb Code     0  startup_stm32f10x_hd.o(.text)
    TIM8_UP_IRQHandler                       0x08004b9f   Thumb Code     0  startup_stm32f10x_hd.o(.text)
    UART4_IRQHandler                         0x08004b9f   Thumb Code     0  startup_stm32f10x_hd.o(.text)
    UART5_IRQHandler                         0x08004b9f   Thumb Code     0  startup_stm32f10x_hd.o(.text)
    USART2_IRQHandler                        0x08004b9f   Thumb Code     0  startup_stm32f10x_hd.o(.text)
    USART3_IRQHandler                        0x08004b9f   Thumb Code     0  startup_stm32f10x_hd.o(.text)
    USBWakeUp_IRQHandler                     0x08004b9f   Thumb Code     0  startup_stm32f10x_hd.o(.text)
    USB_HP_CAN1_TX_IRQHandler                0x08004b9f   Thumb Code     0  startup_stm32f10x_hd.o(.text)
    USB_LP_CAN1_RX0_IRQHandler               0x08004b9f   Thumb Code     0  startup_stm32f10x_hd.o(.text)
    WWDG_IRQHandler                          0x08004b9f   Thumb Code     0  startup_stm32f10x_hd.o(.text)
    __user_initial_stackheap                 0x08004ba1   Thumb Code     0  startup_stm32f10x_hd.o(.text)
    NVIC_PriorityGroupConfig                 0x08004bc5   Thumb Code    10  misc.o(.text)
    NVIC_Init                                0x08004bcf   Thumb Code   100  misc.o(.text)
    NVIC_SetVectorTable                      0x08004c33   Thumb Code    14  misc.o(.text)
    NVIC_SystemLPConfig                      0x08004c41   Thumb Code    34  misc.o(.text)
    SysTick_CLKSourceConfig                  0x08004c63   Thumb Code    40  misc.o(.text)
    GPIO_DeInit                              0x08004ca1   Thumb Code   172  stm32f10x_gpio.o(.text)
    GPIO_AFIODeInit                          0x08004d4d   Thumb Code    20  stm32f10x_gpio.o(.text)
    GPIO_Init                                0x08004d61   Thumb Code   278  stm32f10x_gpio.o(.text)
    GPIO_StructInit                          0x08004e77   Thumb Code    16  stm32f10x_gpio.o(.text)
    GPIO_ReadInputDataBit                    0x08004e87   Thumb Code    18  stm32f10x_gpio.o(.text)
    GPIO_ReadInputData                       0x08004e99   Thumb Code     8  stm32f10x_gpio.o(.text)
    GPIO_ReadOutputDataBit                   0x08004ea1   Thumb Code    18  stm32f10x_gpio.o(.text)
    GPIO_ReadOutputData                      0x08004eb3   Thumb Code     8  stm32f10x_gpio.o(.text)
    GPIO_SetBits                             0x08004ebb   Thumb Code     4  stm32f10x_gpio.o(.text)
    GPIO_ResetBits                           0x08004ebf   Thumb Code     4  stm32f10x_gpio.o(.text)
    GPIO_WriteBit                            0x08004ec3   Thumb Code    10  stm32f10x_gpio.o(.text)
    GPIO_Write                               0x08004ecd   Thumb Code     4  stm32f10x_gpio.o(.text)
    GPIO_PinLockConfig                       0x08004ed1   Thumb Code    18  stm32f10x_gpio.o(.text)
    GPIO_EventOutputConfig                   0x08004ee3   Thumb Code    26  stm32f10x_gpio.o(.text)
    GPIO_EventOutputCmd                      0x08004efd   Thumb Code     6  stm32f10x_gpio.o(.text)
    GPIO_PinRemapConfig                      0x08004f03   Thumb Code   138  stm32f10x_gpio.o(.text)
    GPIO_EXTILineConfig                      0x08004f8d   Thumb Code    66  stm32f10x_gpio.o(.text)
    GPIO_ETH_MediaInterfaceConfig            0x08004fcf   Thumb Code     8  stm32f10x_gpio.o(.text)
    RCC_DeInit                               0x08004ffd   Thumb Code    64  stm32f10x_rcc.o(.text)
    RCC_HSEConfig                            0x0800503d   Thumb Code    70  stm32f10x_rcc.o(.text)
    RCC_GetFlagStatus                        0x08005083   Thumb Code    56  stm32f10x_rcc.o(.text)
    RCC_WaitForHSEStartUp                    0x080050bb   Thumb Code    56  stm32f10x_rcc.o(.text)
    RCC_AdjustHSICalibrationValue            0x080050f3   Thumb Code    20  stm32f10x_rcc.o(.text)
    RCC_HSICmd                               0x08005107   Thumb Code     6  stm32f10x_rcc.o(.text)
    RCC_PLLConfig                            0x0800510d   Thumb Code    24  stm32f10x_rcc.o(.text)
    RCC_PLLCmd                               0x08005125   Thumb Code     6  stm32f10x_rcc.o(.text)
    RCC_SYSCLKConfig                         0x0800512b   Thumb Code    18  stm32f10x_rcc.o(.text)
    RCC_GetSYSCLKSource                      0x0800513d   Thumb Code    10  stm32f10x_rcc.o(.text)
    RCC_HCLKConfig                           0x08005147   Thumb Code    18  stm32f10x_rcc.o(.text)
    RCC_PCLK1Config                          0x08005159   Thumb Code    18  stm32f10x_rcc.o(.text)
    RCC_PCLK2Config                          0x0800516b   Thumb Code    20  stm32f10x_rcc.o(.text)
    RCC_ITConfig                             0x0800517f   Thumb Code    26  stm32f10x_rcc.o(.text)
    RCC_USBCLKConfig                         0x08005199   Thumb Code     8  stm32f10x_rcc.o(.text)
    RCC_ADCCLKConfig                         0x080051a1   Thumb Code    18  stm32f10x_rcc.o(.text)
    RCC_LSEConfig                            0x080051b3   Thumb Code    50  stm32f10x_rcc.o(.text)
    RCC_LSICmd                               0x080051e5   Thumb Code     6  stm32f10x_rcc.o(.text)
    RCC_RTCCLKConfig                         0x080051eb   Thumb Code    12  stm32f10x_rcc.o(.text)
    RCC_RTCCLKCmd                            0x080051f7   Thumb Code     8  stm32f10x_rcc.o(.text)
    RCC_GetClocksFreq                        0x080051ff   Thumb Code   192  stm32f10x_rcc.o(.text)
    RCC_AHBPeriphClockCmd                    0x080052bf   Thumb Code    26  stm32f10x_rcc.o(.text)
    RCC_APB2PeriphClockCmd                   0x080052d9   Thumb Code    26  stm32f10x_rcc.o(.text)
    RCC_APB1PeriphClockCmd                   0x080052f3   Thumb Code    26  stm32f10x_rcc.o(.text)
    RCC_APB2PeriphResetCmd                   0x0800530d   Thumb Code    26  stm32f10x_rcc.o(.text)
    RCC_APB1PeriphResetCmd                   0x08005327   Thumb Code    26  stm32f10x_rcc.o(.text)
    RCC_BackupResetCmd                       0x08005341   Thumb Code     8  stm32f10x_rcc.o(.text)
    RCC_ClockSecuritySystemCmd               0x08005349   Thumb Code     6  stm32f10x_rcc.o(.text)
    RCC_MCOConfig                            0x0800534f   Thumb Code     6  stm32f10x_rcc.o(.text)
    RCC_ClearFlag                            0x08005355   Thumb Code    14  stm32f10x_rcc.o(.text)
    RCC_GetITStatus                          0x08005363   Thumb Code    20  stm32f10x_rcc.o(.text)
    RCC_ClearITPendingBit                    0x08005377   Thumb Code     6  stm32f10x_rcc.o(.text)
    TIM_DeInit                               0x080053a1   Thumb Code   424  stm32f10x_tim.o(.text)
    TIM_TimeBaseInit                         0x08005549   Thumb Code   122  stm32f10x_tim.o(.text)
    TIM_OC1Init                              0x080055c3   Thumb Code   132  stm32f10x_tim.o(.text)
    TIM_OC2Init                              0x08005647   Thumb Code   154  stm32f10x_tim.o(.text)
    TIM_OC3Init                              0x080056e1   Thumb Code   150  stm32f10x_tim.o(.text)
    TIM_OC4Init                              0x08005777   Thumb Code   182  stm32f10x_tim.o(.text)
    TIM_SetIC4Prescaler                      0x0800582d   Thumb Code    26  stm32f10x_tim.o(.text)
    TIM_SetIC3Prescaler                      0x080058c9   Thumb Code    18  stm32f10x_tim.o(.text)
    TIM_SetIC2Prescaler                      0x08005955   Thumb Code    26  stm32f10x_tim.o(.text)
    TIM_SetIC1Prescaler                      0x080059f1   Thumb Code    18  stm32f10x_tim.o(.text)
    TIM_ICInit                               0x08005a6f   Thumb Code   150  stm32f10x_tim.o(.text)
    TIM_PWMIConfig                           0x08005b05   Thumb Code   124  stm32f10x_tim.o(.text)
    TIM_BDTRConfig                           0x08005b81   Thumb Code    32  stm32f10x_tim.o(.text)
    TIM_TimeBaseStructInit                   0x08005ba1   Thumb Code    18  stm32f10x_tim.o(.text)
    TIM_OCStructInit                         0x08005bb3   Thumb Code    20  stm32f10x_tim.o(.text)
    TIM_ICStructInit                         0x08005bc7   Thumb Code    18  stm32f10x_tim.o(.text)
    TIM_BDTRStructInit                       0x08005bd9   Thumb Code    40  stm32f10x_tim.o(.text)
    TIM_Cmd                                  0x08005c01   Thumb Code    24  stm32f10x_tim.o(.text)
    TIM_CtrlPWMOutputs                       0x08005c19   Thumb Code    30  stm32f10x_tim.o(.text)
    TIM_ITConfig                             0x08005c37   Thumb Code    18  stm32f10x_tim.o(.text)
    TIM_GenerateEvent                        0x08005c49   Thumb Code     4  stm32f10x_tim.o(.text)
    TIM_DMAConfig                            0x08005c4d   Thumb Code    10  stm32f10x_tim.o(.text)
    TIM_DMACmd                               0x08005c57   Thumb Code    18  stm32f10x_tim.o(.text)
    TIM_InternalClockConfig                  0x08005c69   Thumb Code    12  stm32f10x_tim.o(.text)
    TIM_SelectInputTrigger                   0x08005c75   Thumb Code    18  stm32f10x_tim.o(.text)
    TIM_ITRxExternalClockConfig              0x08005c87   Thumb Code    24  stm32f10x_tim.o(.text)
    TIM_TIxExternalClockConfig               0x08005c9f   Thumb Code    62  stm32f10x_tim.o(.text)
    TIM_ETRConfig                            0x08005cdd   Thumb Code    28  stm32f10x_tim.o(.text)
    TIM_ETRClockMode1Config                  0x08005cf9   Thumb Code    54  stm32f10x_tim.o(.text)
    TIM_ETRClockMode2Config                  0x08005d2f   Thumb Code    32  stm32f10x_tim.o(.text)
    TIM_PrescalerConfig                      0x08005d4f   Thumb Code     6  stm32f10x_tim.o(.text)
    TIM_CounterModeConfig                    0x08005d55   Thumb Code    18  stm32f10x_tim.o(.text)
    TIM_EncoderInterfaceConfig               0x08005d67   Thumb Code    66  stm32f10x_tim.o(.text)
    TIM_ForcedOC1Config                      0x08005da9   Thumb Code    18  stm32f10x_tim.o(.text)
    TIM_ForcedOC2Config                      0x08005dbb   Thumb Code    26  stm32f10x_tim.o(.text)
    TIM_ForcedOC3Config                      0x08005dd5   Thumb Code    18  stm32f10x_tim.o(.text)
    TIM_ForcedOC4Config                      0x08005de7   Thumb Code    26  stm32f10x_tim.o(.text)
    TIM_ARRPreloadConfig                     0x08005e01   Thumb Code    24  stm32f10x_tim.o(.text)
    TIM_SelectCOM                            0x08005e19   Thumb Code    24  stm32f10x_tim.o(.text)
    TIM_SelectCCDMA                          0x08005e31   Thumb Code    24  stm32f10x_tim.o(.text)
    TIM_CCPreloadControl                     0x08005e49   Thumb Code    24  stm32f10x_tim.o(.text)
    TIM_OC1PreloadConfig                     0x08005e61   Thumb Code    18  stm32f10x_tim.o(.text)
    TIM_OC2PreloadConfig                     0x08005e73   Thumb Code    26  stm32f10x_tim.o(.text)
    TIM_OC3PreloadConfig                     0x08005e8d   Thumb Code    18  stm32f10x_tim.o(.text)
    TIM_OC4PreloadConfig                     0x08005e9f   Thumb Code    26  stm32f10x_tim.o(.text)
    TIM_OC1FastConfig                        0x08005eb9   Thumb Code    18  stm32f10x_tim.o(.text)
    TIM_OC2FastConfig                        0x08005ecb   Thumb Code    26  stm32f10x_tim.o(.text)
    TIM_OC3FastConfig                        0x08005ee5   Thumb Code    18  stm32f10x_tim.o(.text)
    TIM_OC4FastConfig                        0x08005ef7   Thumb Code    26  stm32f10x_tim.o(.text)
    TIM_ClearOC1Ref                          0x08005f11   Thumb Code    18  stm32f10x_tim.o(.text)
    TIM_ClearOC2Ref                          0x08005f23   Thumb Code    24  stm32f10x_tim.o(.text)
    TIM_ClearOC3Ref                          0x08005f3b   Thumb Code    18  stm32f10x_tim.o(.text)
    TIM_ClearOC4Ref                          0x08005f4d   Thumb Code    24  stm32f10x_tim.o(.text)
    TIM_OC1PolarityConfig                    0x08005f65   Thumb Code    18  stm32f10x_tim.o(.text)
    TIM_OC1NPolarityConfig                   0x08005f77   Thumb Code    18  stm32f10x_tim.o(.text)
    TIM_OC2PolarityConfig                    0x08005f89   Thumb Code    26  stm32f10x_tim.o(.text)
    TIM_OC2NPolarityConfig                   0x08005fa3   Thumb Code    26  stm32f10x_tim.o(.text)
    TIM_OC3PolarityConfig                    0x08005fbd   Thumb Code    26  stm32f10x_tim.o(.text)
    TIM_OC3NPolarityConfig                   0x08005fd7   Thumb Code    26  stm32f10x_tim.o(.text)
    TIM_OC4PolarityConfig                    0x08005ff1   Thumb Code    26  stm32f10x_tim.o(.text)
    TIM_CCxCmd                               0x0800600b   Thumb Code    30  stm32f10x_tim.o(.text)
    TIM_CCxNCmd                              0x08006029   Thumb Code    30  stm32f10x_tim.o(.text)
    TIM_SelectOCxM                           0x08006047   Thumb Code    82  stm32f10x_tim.o(.text)
    TIM_UpdateDisableConfig                  0x08006099   Thumb Code    24  stm32f10x_tim.o(.text)
    TIM_UpdateRequestConfig                  0x080060b1   Thumb Code    24  stm32f10x_tim.o(.text)
    TIM_SelectHallSensor                     0x080060c9   Thumb Code    24  stm32f10x_tim.o(.text)
    TIM_SelectOnePulseMode                   0x080060e1   Thumb Code    18  stm32f10x_tim.o(.text)
    TIM_SelectOutputTrigger                  0x080060f3   Thumb Code    18  stm32f10x_tim.o(.text)
    TIM_SelectSlaveMode                      0x08006105   Thumb Code    18  stm32f10x_tim.o(.text)
    TIM_SelectMasterSlaveMode                0x08006117   Thumb Code    18  stm32f10x_tim.o(.text)
    TIM_SetCounter                           0x08006129   Thumb Code     4  stm32f10x_tim.o(.text)
    TIM_SetAutoreload                        0x0800612d   Thumb Code     4  stm32f10x_tim.o(.text)
    TIM_SetCompare1                          0x08006131   Thumb Code     4  stm32f10x_tim.o(.text)
    TIM_SetCompare2                          0x08006135   Thumb Code     4  stm32f10x_tim.o(.text)
    TIM_SetCompare3                          0x08006139   Thumb Code     4  stm32f10x_tim.o(.text)
    TIM_SetCompare4                          0x0800613d   Thumb Code     6  stm32f10x_tim.o(.text)
    TIM_SetClockDivision                     0x08006143   Thumb Code    18  stm32f10x_tim.o(.text)
    TIM_GetCapture1                          0x08006155   Thumb Code     6  stm32f10x_tim.o(.text)
    TIM_GetCapture2                          0x0800615b   Thumb Code     6  stm32f10x_tim.o(.text)
    TIM_GetCapture3                          0x08006161   Thumb Code     6  stm32f10x_tim.o(.text)
    TIM_GetCapture4                          0x08006167   Thumb Code     8  stm32f10x_tim.o(.text)
    TIM_GetCounter                           0x0800616f   Thumb Code     6  stm32f10x_tim.o(.text)
    TIM_GetPrescaler                         0x08006175   Thumb Code     6  stm32f10x_tim.o(.text)
    TIM_GetFlagStatus                        0x0800617b   Thumb Code    18  stm32f10x_tim.o(.text)
    TIM_ClearFlag                            0x0800618d   Thumb Code     6  stm32f10x_tim.o(.text)
    TIM_GetITStatus                          0x08006193   Thumb Code    34  stm32f10x_tim.o(.text)
    TIM_ClearITPendingBit                    0x080061b5   Thumb Code     6  stm32f10x_tim.o(.text)
    USART_DeInit                             0x080061bd   Thumb Code   134  stm32f10x_usart.o(.text)
    USART_Init                               0x08006243   Thumb Code   210  stm32f10x_usart.o(.text)
    USART_StructInit                         0x08006315   Thumb Code    24  stm32f10x_usart.o(.text)
    USART_ClockInit                          0x0800632d   Thumb Code    34  stm32f10x_usart.o(.text)
    USART_ClockStructInit                    0x0800634f   Thumb Code    12  stm32f10x_usart.o(.text)
    USART_Cmd                                0x0800635b   Thumb Code    24  stm32f10x_usart.o(.text)
    USART_ITConfig                           0x08006373   Thumb Code    74  stm32f10x_usart.o(.text)
    USART_DMACmd                             0x080063bd   Thumb Code    18  stm32f10x_usart.o(.text)
    USART_SetAddress                         0x080063cf   Thumb Code    18  stm32f10x_usart.o(.text)
    USART_WakeUpConfig                       0x080063e1   Thumb Code    18  stm32f10x_usart.o(.text)
    USART_ReceiverWakeUpCmd                  0x080063f3   Thumb Code    24  stm32f10x_usart.o(.text)
    USART_LINBreakDetectLengthConfig         0x0800640b   Thumb Code    18  stm32f10x_usart.o(.text)
    USART_LINCmd                             0x0800641d   Thumb Code    24  stm32f10x_usart.o(.text)
    USART_SendData                           0x08006435   Thumb Code     8  stm32f10x_usart.o(.text)
    USART_ReceiveData                        0x0800643d   Thumb Code    10  stm32f10x_usart.o(.text)
    USART_SendBreak                          0x08006447   Thumb Code    10  stm32f10x_usart.o(.text)
    USART_SetGuardTime                       0x08006451   Thumb Code    16  stm32f10x_usart.o(.text)
    USART_SetPrescaler                       0x08006461   Thumb Code    16  stm32f10x_usart.o(.text)
    USART_SmartCardCmd                       0x08006471   Thumb Code    24  stm32f10x_usart.o(.text)
    USART_SmartCardNACKCmd                   0x08006489   Thumb Code    24  stm32f10x_usart.o(.text)
    USART_HalfDuplexCmd                      0x080064a1   Thumb Code    24  stm32f10x_usart.o(.text)
    USART_OverSampling8Cmd                   0x080064b9   Thumb Code    22  stm32f10x_usart.o(.text)
    USART_OneBitMethodCmd                    0x080064cf   Thumb Code    24  stm32f10x_usart.o(.text)
    USART_IrDAConfig                         0x080064e7   Thumb Code    18  stm32f10x_usart.o(.text)
    USART_IrDACmd                            0x080064f9   Thumb Code    24  stm32f10x_usart.o(.text)
    USART_GetFlagStatus                      0x08006511   Thumb Code    26  stm32f10x_usart.o(.text)
    USART_ClearFlag                          0x0800652b   Thumb Code    18  stm32f10x_usart.o(.text)
    USART_GetITStatus                        0x0800653d   Thumb Code    84  stm32f10x_usart.o(.text)
    USART_ClearITPendingBit                  0x08006591   Thumb Code    52  stm32f10x_usart.o(.text)
    __use_no_semihosting                     0x080065c5   Thumb Code     2  use_no_semi_2.o(.text)
    __aeabi_ldivmod                          0x080065c7   Thumb Code     0  llsdiv.o(.text)
    _ll_sdiv                                 0x080065c7   Thumb Code    72  llsdiv.o(.text)
    __2printf                                0x08006611   Thumb Code    20  noretval__2printf.o(.text)
    __2sprintf                               0x08006629   Thumb Code    34  noretval__2sprintf.o(.text)
    _printf_pre_padding                      0x08006651   Thumb Code    44  _printf_pad.o(.text)
    _printf_post_padding                     0x0800667d   Thumb Code    34  _printf_pad.o(.text)
    _printf_int_dec                          0x080066a1   Thumb Code   104  _printf_dec.o(.text)
    _printf_int_hex                          0x08006719   Thumb Code    84  _printf_hex_int.o(.text)
    _printf_longlong_hex                     0x08006719   Thumb Code     0  _printf_hex_int.o(.text)
    __printf                                 0x08006771   Thumb Code   308  __printf_flags_wp.o(.text)
    memcmp                                   0x080068a9   Thumb Code    88  memcmp.o(.text)
    __aeabi_memset                           0x08006901   Thumb Code    16  aeabi_memset.o(.text)
    __aeabi_memclr4                          0x08006911   Thumb Code     0  rt_memclr_w.o(.text)
    __aeabi_memclr8                          0x08006911   Thumb Code     0  rt_memclr_w.o(.text)
    __rt_memclr_w                            0x08006911   Thumb Code    78  rt_memclr_w.o(.text)
    _memset_w                                0x08006915   Thumb Code     0  rt_memclr_w.o(.text)
    __use_two_region_memory                  0x0800695f   Thumb Code     2  heapauxi.o(.text)
    __rt_heap_escrow$2region                 0x08006961   Thumb Code     2  heapauxi.o(.text)
    __rt_heap_expand$2region                 0x08006963   Thumb Code     2  heapauxi.o(.text)
    __I$use$semihosting                      0x08006965   Thumb Code     0  use_no_semi.o(.text)
    __use_no_semihosting_swi                 0x08006965   Thumb Code     2  use_no_semi.o(.text)
    __aeabi_uldivmod                         0x08006967   Thumb Code     0  lludivv7m.o(.text)
    _ll_udiv                                 0x08006967   Thumb Code   238  lludivv7m.o(.text)
    __read_errno                             0x08006a55   Thumb Code    10  _rserrno.o(.text)
    __set_errno                              0x08006a5f   Thumb Code    12  _rserrno.o(.text)
    _printf_int_common                       0x08006a6b   Thumb Code   178  _printf_intcommon.o(.text)
    __lib_sel_fp_printf                      0x08006b1d   Thumb Code     2  _printf_fp_dec.o(.text)
    _printf_fp_dec_real                      0x08006ccb   Thumb Code   620  _printf_fp_dec.o(.text)
    _printf_char_common                      0x08006f43   Thumb Code    32  _printf_char_common.o(.text)
    _sputc                                   0x08006f69   Thumb Code    10  _sputc.o(.text)
    _printf_char_file                        0x08006f75   Thumb Code    32  _printf_char_file.o(.text)
    __aeabi_memclr                           0x08006f99   Thumb Code     0  rt_memclr.o(.text)
    __rt_memclr                              0x08006f99   Thumb Code    68  rt_memclr.o(.text)
    _memset                                  0x08006f9d   Thumb Code     0  rt_memclr.o(.text)
    __rt_locale                              0x08006fdd   Thumb Code     8  rt_locale_intlibspace.o(.text)
    __aeabi_errno_addr                       0x08006fe5   Thumb Code     8  rt_errno_addr_intlibspace.o(.text)
    __errno$intlibspace                      0x08006fe5   Thumb Code     0  rt_errno_addr_intlibspace.o(.text)
    __rt_errno_addr$intlibspace              0x08006fe5   Thumb Code     0  rt_errno_addr_intlibspace.o(.text)
    _ll_udiv10                               0x08006fed   Thumb Code   138  lludiv10.o(.text)
    _printf_fp_infnan                        0x08007079   Thumb Code   112  _printf_fp_infnan.o(.text)
    _btod_etento                             0x080070f9   Thumb Code   216  bigflt0.o(.text)
    ferror                                   0x080071d5   Thumb Code     8  ferror.o(.text)
    __user_libspace                          0x080071dd   Thumb Code     8  libspace.o(.text)
    __user_perproc_libspace                  0x080071dd   Thumb Code     0  libspace.o(.text)
    __user_perthread_libspace                0x080071dd   Thumb Code     0  libspace.o(.text)
    __user_setup_stackheap                   0x080071e5   Thumb Code    74  sys_stackheap_outer.o(.text)
    exit                                     0x0800722f   Thumb Code    12  exit.o(.text)
    strcmp                                   0x0800723d   Thumb Code   128  strcmpv7m.o(.text)
    _btod_d2e                                0x080072bd   Thumb Code    62  btod.o(CL$$btod_d2e)
    _d2e_denorm_low                          0x080072fb   Thumb Code    70  btod.o(CL$$btod_d2e_denorm_low)
    _d2e_norm_op1                            0x08007341   Thumb Code    96  btod.o(CL$$btod_d2e_norm_op1)
    __btod_div_common                        0x080073a1   Thumb Code   696  btod.o(CL$$btod_div_common)
    _e2e                                     0x080076d9   Thumb Code   198  btod.o(CL$$btod_e2e)
    _btod_ediv                               0x0800779f   Thumb Code    40  btod.o(CL$$btod_ediv)
    _btod_emul                               0x080077c7   Thumb Code    40  btod.o(CL$$btod_emul)
    __btod_mult_common                       0x080077ef   Thumb Code   580  btod.o(CL$$btod_mult_common)
    __ARM_fpclassify                         0x08007a33   Thumb Code    40  fpclassify.o(i.__ARM_fpclassify)
    __kernel_poly                            0x08007a5b   Thumb Code   170  poly.o(i.__kernel_poly)
    __mathlib_dbl_infnan                     0x08007b05   Thumb Code     6  dunder.o(i.__mathlib_dbl_infnan)
    __mathlib_dbl_infnan2                    0x08007b0b   Thumb Code     4  dunder.o(i.__mathlib_dbl_infnan2)
    __mathlib_dbl_invalid                    0x08007b0f   Thumb Code    12  dunder.o(i.__mathlib_dbl_invalid)
    __mathlib_dbl_underflow                  0x08007b1d   Thumb Code    10  dunder.o(i.__mathlib_dbl_underflow)
    _is_digit                                0x08007b2d   Thumb Code    14  __printf_wp.o(i._is_digit)
    asin                                     0x08007b3d   Thumb Code   572  asin.o(i.asin)
    atan                                     0x08007dad   Thumb Code   474  atan.o(i.atan)
    atan2                                    0x08007fcd   Thumb Code   346  atan2.o(i.atan2)
    sqrt                                     0x0800814d   Thumb Code    76  sqrt.o(i.sqrt)
    _get_lc_numeric                          0x08008199   Thumb Code    44  lc_numeric_c.o(locale$$code)
    __aeabi_d2f                              0x080081c5   Thumb Code     0  d2f.o(x$fpl$d2f)
    _d2f                                     0x080081c5   Thumb Code    98  d2f.o(x$fpl$d2f)
    __aeabi_dadd                             0x08008229   Thumb Code     0  daddsub_clz.o(x$fpl$dadd)
    _dadd                                    0x08008229   Thumb Code   332  daddsub_clz.o(x$fpl$dadd)
    __fpl_dcheck_NaN1                        0x08008379   Thumb Code    10  dcheck1.o(x$fpl$dcheck1)
    __fpl_dcmp_Inf                           0x08008389   Thumb Code    24  dcmpi.o(x$fpl$dcmpinf)
    __aeabi_ddiv                             0x080083a1   Thumb Code     0  ddiv.o(x$fpl$ddiv)
    _ddiv                                    0x080083a1   Thumb Code   552  ddiv.o(x$fpl$ddiv)
    __aeabi_d2iz                             0x08008651   Thumb Code     0  dfix.o(x$fpl$dfix)
    _dfix                                    0x08008651   Thumb Code    94  dfix.o(x$fpl$dfix)
    __aeabi_d2uiz                            0x080086b1   Thumb Code     0  dfixu.o(x$fpl$dfixu)
    _dfixu                                   0x080086b1   Thumb Code    90  dfixu.o(x$fpl$dfixu)
    __aeabi_i2d                              0x0800870b   Thumb Code     0  dflt_clz.o(x$fpl$dflt)
    _dflt                                    0x0800870b   Thumb Code    46  dflt_clz.o(x$fpl$dflt)
    __aeabi_ui2d                             0x08008739   Thumb Code     0  dflt_clz.o(x$fpl$dfltu)
    _dfltu                                   0x08008739   Thumb Code    38  dflt_clz.o(x$fpl$dfltu)
    __aeabi_cdcmple                          0x08008761   Thumb Code     0  dleqf.o(x$fpl$dleqf)
    _dcmple                                  0x08008761   Thumb Code   120  dleqf.o(x$fpl$dleqf)
    __fpl_dcmple_InfNaN                      0x080087c3   Thumb Code     0  dleqf.o(x$fpl$dleqf)
    __aeabi_dmul                             0x080087d9   Thumb Code     0  dmul.o(x$fpl$dmul)
    _dmul                                    0x080087d9   Thumb Code   332  dmul.o(x$fpl$dmul)
    __fpl_dnaninf                            0x0800892d   Thumb Code   156  dnaninf.o(x$fpl$dnaninf)
    __fpl_dretinf                            0x080089c9   Thumb Code    12  dretinf.o(x$fpl$dretinf)
    __aeabi_drsub                            0x080089d5   Thumb Code     0  daddsub_clz.o(x$fpl$drsb)
    _drsb                                    0x080089d5   Thumb Code    22  daddsub_clz.o(x$fpl$drsb)
    _dsqrt                                   0x080089ed   Thumb Code   456  dsqrt_noumaal.o(x$fpl$dsqrt)
    __aeabi_dsub                             0x08008bb9   Thumb Code     0  daddsub_clz.o(x$fpl$dsub)
    _dsub                                    0x08008bb9   Thumb Code   464  daddsub_clz.o(x$fpl$dsub)
    __aeabi_f2d                              0x08008d8d   Thumb Code     0  f2d.o(x$fpl$f2d)
    _f2d                                     0x08008d8d   Thumb Code    86  f2d.o(x$fpl$f2d)
    __aeabi_fadd                             0x08008de5   Thumb Code     0  faddsub_clz.o(x$fpl$fadd)
    _fadd                                    0x08008de5   Thumb Code   196  faddsub_clz.o(x$fpl$fadd)
    __fpl_fcmp_Inf                           0x08008ea9   Thumb Code    24  fcmpi.o(x$fpl$fcmpinf)
    __aeabi_fdiv                             0x08008ec1   Thumb Code     0  fdiv.o(x$fpl$fdiv)
    _fdiv                                    0x08008ec1   Thumb Code   384  fdiv.o(x$fpl$fdiv)
    __aeabi_cfcmpeq                          0x08009045   Thumb Code     0  feqf.o(x$fpl$feqf)
    _fcmpeq                                  0x08009045   Thumb Code   104  feqf.o(x$fpl$feqf)
    __aeabi_f2iz                             0x080090ad   Thumb Code     0  ffix.o(x$fpl$ffix)
    _ffix                                    0x080090ad   Thumb Code    54  ffix.o(x$fpl$ffix)
    __aeabi_f2uiz                            0x080090e5   Thumb Code     0  ffixu.o(x$fpl$ffixu)
    _ffixu                                   0x080090e5   Thumb Code    62  ffixu.o(x$fpl$ffixu)
    __aeabi_i2f                              0x08009125   Thumb Code     0  fflt_clz.o(x$fpl$fflt)
    _fflt                                    0x08009125   Thumb Code    48  fflt_clz.o(x$fpl$fflt)
    __aeabi_ui2f                             0x08009155   Thumb Code     0  fflt_clz.o(x$fpl$ffltu)
    _ffltu                                   0x08009155   Thumb Code    38  fflt_clz.o(x$fpl$ffltu)
    __aeabi_cfcmple                          0x0800917d   Thumb Code     0  fleqf.o(x$fpl$fleqf)
    _fcmple                                  0x0800917d   Thumb Code   104  fleqf.o(x$fpl$fleqf)
    __fpl_fcmple_InfNaN                      0x080091cf   Thumb Code     0  fleqf.o(x$fpl$fleqf)
    __aeabi_fmul                             0x080091e5   Thumb Code     0  fmul.o(x$fpl$fmul)
    _fmul                                    0x080091e5   Thumb Code   258  fmul.o(x$fpl$fmul)
    __fpl_fnaninf                            0x080092e7   Thumb Code   140  fnaninf.o(x$fpl$fnaninf)
    __fpl_fretinf                            0x08009373   Thumb Code    10  fretinf.o(x$fpl$fretinf)
    __aeabi_cfrcmple                         0x0800937d   Thumb Code     0  frleqf.o(x$fpl$frleqf)
    _frcmple                                 0x0800937d   Thumb Code    98  frleqf.o(x$fpl$frleqf)
    __aeabi_fsub                             0x080093e1   Thumb Code     0  faddsub_clz.o(x$fpl$fsub)
    _fsub                                    0x080093e1   Thumb Code   234  faddsub_clz.o(x$fpl$fsub)
    _printf_fp_dec                           0x080094cb   Thumb Code     4  printf1.o(x$fpl$printf1)
    __fpl_return_NaN                         0x080094cf   Thumb Code   100  retnan.o(x$fpl$retnan)
    __ARM_scalbn                             0x08009533   Thumb Code    92  scalbn.o(x$fpl$scalbn)
    __fpl_cmpreturn                          0x0800958f   Thumb Code    48  trapv.o(x$fpl$trapveneer)
    F6x8                                     0x080095be   Data         552  oled.o(.constdata)
    __I$use$fp                               0x080095be   Number         0  usenofp.o(x$fpl$usenofp)
    F14x16_Idx                               0x080097e6   Data          49  oled.o(.constdata)
    F14x16                                   0x08009817   Data         672  oled.o(.constdata)
    F8X16                                    0x08009ab7   Data        1520  oled.o(.constdata)
    LOGO128x64                               0x0800a0a7   Data        1024  oled.o(.constdata)
    reg                                      0x0800a4a8   Data          27  inv_mpu.o(.constdata)
    hw                                       0x0800a4c4   Data          12  inv_mpu.o(.constdata)
    test                                     0x0800a4d0   Data          40  inv_mpu.o(.constdata)
    __mathlib_zero                           0x0800b210   Data           8  qnan.o(.constdata)
    Region$$Table$$Base                      0x0800b2fc   Number         0  anon$$obj.o(Region$$Table)
    Region$$Table$$Limit                     0x0800b31c   Number         0  anon$$obj.o(Region$$Table)
    SystemCoreClock                          0x20000000   Data           4  system_stm32f10x.o(.data)
    AHBPrescTable                            0x20000004   Data          16  system_stm32f10x.o(.data)
    __stdout                                 0x20000050   Data           4  usart.o(.data)
    USART_RX_STA                             0x20000054   Data           2  usart.o(.data)
    USART_RX_BUF                             0x2000007c   Data         200  usart.o(.bss)
    __libspace_start                         0x20000144   Data          96  libspace.o(.bss)
    __temporary_stack_top$libspace           0x200001a4   Data           0  libspace.o(.bss)



==============================================================================

Memory Map of the image

  Image Entry point : 0x08000131

  Load Region LR_IROM1 (Base: 0x08000000, Size: 0x0000b3a4, Max: 0x00080000, ABSOLUTE)

    Execution Region ER_IROM1 (Base: 0x08000000, Size: 0x0000b338, Max: 0x00080000, ABSOLUTE)

    Base Addr    Size         Type   Attr      Idx    E Section Name        Object

    0x08000000   0x00000130   Data   RO          395    RESET               startup_stm32f10x_hd.o
    0x08000130   0x00000008   Code   RO          559  * !!!main             c_w.l(__main.o)
    0x08000138   0x00000034   Code   RO          936    !!!scatter          c_w.l(__scatter.o)
    0x0800016c   0x0000001a   Code   RO          938    !!handler_copy      c_w.l(__scatter_copy.o)
    0x08000186   0x00000002   PAD
    0x08000188   0x0000001c   Code   RO          940    !!handler_zi        c_w.l(__scatter_zi.o)
    0x080001a4   0x00000000   Code   RO          550    .ARM.Collect$$_printf_percent$$00000000  c_w.l(_printf_percent.o)
    0x080001a4   0x00000006   Code   RO          549    .ARM.Collect$$_printf_percent$$00000003  c_w.l(_printf_f.o)
    0x080001aa   0x00000006   Code   RO          548    .ARM.Collect$$_printf_percent$$00000009  c_w.l(_printf_d.o)
    0x080001b0   0x00000006   Code   RO          547    .ARM.Collect$$_printf_percent$$0000000C  c_w.l(_printf_x.o)
    0x080001b6   0x00000004   Code   RO          662    .ARM.Collect$$_printf_percent$$00000017  c_w.l(_printf_percent_end.o)
    0x080001ba   0x00000002   Code   RO          806    .ARM.Collect$$libinit$$00000000  c_w.l(libinit.o)
    0x080001bc   0x00000000   Code   RO          808    .ARM.Collect$$libinit$$00000002  c_w.l(libinit2.o)
    0x080001bc   0x00000000   Code   RO          810    .ARM.Collect$$libinit$$00000004  c_w.l(libinit2.o)
    0x080001bc   0x00000000   Code   RO          813    .ARM.Collect$$libinit$$0000000A  c_w.l(libinit2.o)
    0x080001bc   0x00000000   Code   RO          815    .ARM.Collect$$libinit$$0000000C  c_w.l(libinit2.o)
    0x080001bc   0x00000000   Code   RO          817    .ARM.Collect$$libinit$$0000000E  c_w.l(libinit2.o)
    0x080001bc   0x00000006   Code   RO          818    .ARM.Collect$$libinit$$0000000F  c_w.l(libinit2.o)
    0x080001c2   0x00000000   Code   RO          820    .ARM.Collect$$libinit$$00000011  c_w.l(libinit2.o)
    0x080001c2   0x00000000   Code   RO          822    .ARM.Collect$$libinit$$00000013  c_w.l(libinit2.o)
    0x080001c2   0x00000000   Code   RO          824    .ARM.Collect$$libinit$$00000015  c_w.l(libinit2.o)
    0x080001c2   0x0000000a   Code   RO          825    .ARM.Collect$$libinit$$00000016  c_w.l(libinit2.o)
    0x080001cc   0x00000000   Code   RO          826    .ARM.Collect$$libinit$$00000017  c_w.l(libinit2.o)
    0x080001cc   0x00000000   Code   RO          828    .ARM.Collect$$libinit$$00000019  c_w.l(libinit2.o)
    0x080001cc   0x00000000   Code   RO          830    .ARM.Collect$$libinit$$0000001B  c_w.l(libinit2.o)
    0x080001cc   0x00000000   Code   RO          832    .ARM.Collect$$libinit$$0000001D  c_w.l(libinit2.o)
    0x080001cc   0x00000000   Code   RO          834    .ARM.Collect$$libinit$$0000001F  c_w.l(libinit2.o)
    0x080001cc   0x00000000   Code   RO          836    .ARM.Collect$$libinit$$00000021  c_w.l(libinit2.o)
    0x080001cc   0x00000000   Code   RO          838    .ARM.Collect$$libinit$$00000023  c_w.l(libinit2.o)
    0x080001cc   0x00000000   Code   RO          840    .ARM.Collect$$libinit$$00000025  c_w.l(libinit2.o)
    0x080001cc   0x00000000   Code   RO          844    .ARM.Collect$$libinit$$0000002C  c_w.l(libinit2.o)
    0x080001cc   0x00000000   Code   RO          846    .ARM.Collect$$libinit$$0000002E  c_w.l(libinit2.o)
    0x080001cc   0x00000000   Code   RO          848    .ARM.Collect$$libinit$$00000030  c_w.l(libinit2.o)
    0x080001cc   0x00000000   Code   RO          850    .ARM.Collect$$libinit$$00000032  c_w.l(libinit2.o)
    0x080001cc   0x00000002   Code   RO          851    .ARM.Collect$$libinit$$00000033  c_w.l(libinit2.o)
    0x080001ce   0x00000002   Code   RO          897    .ARM.Collect$$libshutdown$$00000000  c_w.l(libshutdown.o)
    0x080001d0   0x00000000   Code   RO          907    .ARM.Collect$$libshutdown$$00000003  c_w.l(libshutdown2.o)
    0x080001d0   0x00000000   Code   RO          910    .ARM.Collect$$libshutdown$$00000006  c_w.l(libshutdown2.o)
    0x080001d0   0x00000000   Code   RO          913    .ARM.Collect$$libshutdown$$00000009  c_w.l(libshutdown2.o)
    0x080001d0   0x00000000   Code   RO          915    .ARM.Collect$$libshutdown$$0000000B  c_w.l(libshutdown2.o)
    0x080001d0   0x00000000   Code   RO          918    .ARM.Collect$$libshutdown$$0000000E  c_w.l(libshutdown2.o)
    0x080001d0   0x00000002   Code   RO          919    .ARM.Collect$$libshutdown$$0000000F  c_w.l(libshutdown2.o)
    0x080001d2   0x00000000   Code   RO          647    .ARM.Collect$$rtentry$$00000000  c_w.l(__rtentry.o)
    0x080001d2   0x00000000   Code   RO          718    .ARM.Collect$$rtentry$$00000002  c_w.l(__rtentry2.o)
    0x080001d2   0x00000006   Code   RO          730    .ARM.Collect$$rtentry$$00000004  c_w.l(__rtentry4.o)
    0x080001d8   0x00000000   Code   RO          720    .ARM.Collect$$rtentry$$00000009  c_w.l(__rtentry2.o)
    0x080001d8   0x00000004   Code   RO          721    .ARM.Collect$$rtentry$$0000000A  c_w.l(__rtentry2.o)
    0x080001dc   0x00000000   Code   RO          723    .ARM.Collect$$rtentry$$0000000C  c_w.l(__rtentry2.o)
    0x080001dc   0x00000008   Code   RO          724    .ARM.Collect$$rtentry$$0000000D  c_w.l(__rtentry2.o)
    0x080001e4   0x00000002   Code   RO          854    .ARM.Collect$$rtexit$$00000000  c_w.l(rtexit.o)
    0x080001e6   0x00000000   Code   RO          867    .ARM.Collect$$rtexit$$00000002  c_w.l(rtexit2.o)
    0x080001e6   0x00000004   Code   RO          868    .ARM.Collect$$rtexit$$00000003  c_w.l(rtexit2.o)
    0x080001ea   0x00000006   Code   RO          869    .ARM.Collect$$rtexit$$00000004  c_w.l(rtexit2.o)
    0x080001f0   0x000000fc   Code   RO            1    .text               main.o
    0x080002ec   0x0000001a   Code   RO          136    .text               stm32f10x_it.o
    0x08000306   0x00000002   PAD
    0x08000308   0x000001e0   Code   RO          177    .text               system_stm32f10x.o
    0x080004e8   0x0000004c   Code   RO          195    .text               led.o
    0x08000534   0x00000088   Code   RO          220    .text               timer.o
    0x080005bc   0x00000da0   Code   RO          232    .text               oled.o
    0x0800135c   0x000003ac   Code   RO          247    .text               mpu6050.o
    0x08001708   0x0000026c   Code   RO          259    .text               mpuiic.o
    0x08001974   0x0000228c   Code   RO          271    .text               inv_mpu.o
    0x08003c00   0x00000d70   Code   RO          304    .text               inv_mpu_dmp_motion_driver.o
    0x08004970   0x000000d4   Code   RO          329    .text               delay.o
    0x08004a44   0x00000140   Code   RO          360    .text               usart.o
    0x08004b84   0x00000040   Code   RO          396    .text               startup_stm32f10x_hd.o
    0x08004bc4   0x000000dc   Code   RO          400    .text               misc.o
    0x08004ca0   0x0000035c   Code   RO          412    .text               stm32f10x_gpio.o
    0x08004ffc   0x000003a4   Code   RO          424    .text               stm32f10x_rcc.o
    0x080053a0   0x00000e1a   Code   RO          438    .text               stm32f10x_tim.o
    0x080061ba   0x00000002   PAD
    0x080061bc   0x00000408   Code   RO          450    .text               stm32f10x_usart.o
    0x080065c4   0x00000002   Code   RO          488    .text               c_w.l(use_no_semi_2.o)
    0x080065c6   0x00000048   Code   RO          490    .text               c_w.l(llsdiv.o)
    0x0800660e   0x00000002   PAD
    0x08006610   0x00000018   Code   RO          496    .text               c_w.l(noretval__2printf.o)
    0x08006628   0x00000028   Code   RO          498    .text               c_w.l(noretval__2sprintf.o)
    0x08006650   0x0000004e   Code   RO          502    .text               c_w.l(_printf_pad.o)
    0x0800669e   0x00000002   PAD
    0x080066a0   0x00000078   Code   RO          504    .text               c_w.l(_printf_dec.o)
    0x08006718   0x00000058   Code   RO          509    .text               c_w.l(_printf_hex_int.o)
    0x08006770   0x00000138   Code   RO          539    .text               c_w.l(__printf_flags_wp.o)
    0x080068a8   0x00000058   Code   RO          551    .text               c_w.l(memcmp.o)
    0x08006900   0x00000010   Code   RO          553    .text               c_w.l(aeabi_memset.o)
    0x08006910   0x0000004e   Code   RO          555    .text               c_w.l(rt_memclr_w.o)
    0x0800695e   0x00000006   Code   RO          557    .text               c_w.l(heapauxi.o)
    0x08006964   0x00000002   Code   RO          645    .text               c_w.l(use_no_semi.o)
    0x08006966   0x000000ee   Code   RO          648    .text               c_w.l(lludivv7m.o)
    0x08006a54   0x00000016   Code   RO          650    .text               c_w.l(_rserrno.o)
    0x08006a6a   0x000000b2   Code   RO          652    .text               c_w.l(_printf_intcommon.o)
    0x08006b1c   0x0000041a   Code   RO          654    .text               c_w.l(_printf_fp_dec.o)
    0x08006f36   0x00000002   PAD
    0x08006f38   0x00000030   Code   RO          656    .text               c_w.l(_printf_char_common.o)
    0x08006f68   0x0000000a   Code   RO          658    .text               c_w.l(_sputc.o)
    0x08006f72   0x00000002   PAD
    0x08006f74   0x00000024   Code   RO          660    .text               c_w.l(_printf_char_file.o)
    0x08006f98   0x00000044   Code   RO          663    .text               c_w.l(rt_memclr.o)
    0x08006fdc   0x00000008   Code   RO          739    .text               c_w.l(rt_locale_intlibspace.o)
    0x08006fe4   0x00000008   Code   RO          744    .text               c_w.l(rt_errno_addr_intlibspace.o)
    0x08006fec   0x0000008a   Code   RO          746    .text               c_w.l(lludiv10.o)
    0x08007076   0x00000002   PAD
    0x08007078   0x00000080   Code   RO          748    .text               c_w.l(_printf_fp_infnan.o)
    0x080070f8   0x000000dc   Code   RO          752    .text               c_w.l(bigflt0.o)
    0x080071d4   0x00000008   Code   RO          777    .text               c_w.l(ferror.o)
    0x080071dc   0x00000008   Code   RO          790    .text               c_w.l(libspace.o)
    0x080071e4   0x0000004a   Code   RO          793    .text               c_w.l(sys_stackheap_outer.o)
    0x0800722e   0x0000000c   Code   RO          797    .text               c_w.l(exit.o)
    0x0800723a   0x00000002   PAD
    0x0800723c   0x00000080   Code   RO          799    .text               c_w.l(strcmpv7m.o)
    0x080072bc   0x0000003e   Code   RO          755    CL$$btod_d2e        c_w.l(btod.o)
    0x080072fa   0x00000046   Code   RO          757    CL$$btod_d2e_denorm_low  c_w.l(btod.o)
    0x08007340   0x00000060   Code   RO          756    CL$$btod_d2e_norm_op1  c_w.l(btod.o)
    0x080073a0   0x00000338   Code   RO          765    CL$$btod_div_common  c_w.l(btod.o)
    0x080076d8   0x000000c6   Code   RO          762    CL$$btod_e2e        c_w.l(btod.o)
    0x0800779e   0x00000028   Code   RO          759    CL$$btod_ediv       c_w.l(btod.o)
    0x080077c6   0x00000028   Code   RO          758    CL$$btod_emul       c_w.l(btod.o)
    0x080077ee   0x00000244   Code   RO          764    CL$$btod_mult_common  c_w.l(btod.o)
    0x08007a32   0x00000028   Code   RO          704    i.__ARM_fpclassify  m_ws.l(fpclassify.o)
    0x08007a5a   0x000000aa   Code   RO          706    i.__kernel_poly     m_ws.l(poly.o)
    0x08007b04   0x00000006   Code   RO          691    i.__mathlib_dbl_infnan  m_ws.l(dunder.o)
    0x08007b0a   0x00000004   Code   RO          692    i.__mathlib_dbl_infnan2  m_ws.l(dunder.o)
    0x08007b0e   0x0000000c   Code   RO          693    i.__mathlib_dbl_invalid  m_ws.l(dunder.o)
    0x08007b1a   0x00000002   PAD
    0x08007b1c   0x00000010   Code   RO          696    i.__mathlib_dbl_underflow  m_ws.l(dunder.o)
    0x08007b2c   0x0000000e   Code   RO          537    i._is_digit         c_w.l(__printf_wp.o)
    0x08007b3a   0x00000002   PAD
    0x08007b3c   0x00000270   Code   RO          628    i.asin              m_ws.l(asin.o)
    0x08007dac   0x00000220   Code   RO          681    i.atan              m_ws.l(atan.o)
    0x08007fcc   0x00000180   Code   RO          638    i.atan2             m_ws.l(atan2.o)
    0x0800814c   0x0000004c   Code   RO          710    i.sqrt              m_ws.l(sqrt.o)
    0x08008198   0x0000002c   Code   RO          782    locale$$code        c_w.l(lc_numeric_c.o)
    0x080081c4   0x00000062   Code   RO          561    x$fpl$d2f           fz_ws.l(d2f.o)
    0x08008226   0x00000002   PAD
    0x08008228   0x00000150   Code   RO          563    x$fpl$dadd          fz_ws.l(daddsub_clz.o)
    0x08008378   0x00000010   Code   RO          784    x$fpl$dcheck1       fz_ws.l(dcheck1.o)
    0x08008388   0x00000018   Code   RO          665    x$fpl$dcmpinf       fz_ws.l(dcmpi.o)
    0x080083a0   0x000002b0   Code   RO          570    x$fpl$ddiv          fz_ws.l(ddiv.o)
    0x08008650   0x0000005e   Code   RO          573    x$fpl$dfix          fz_ws.l(dfix.o)
    0x080086ae   0x00000002   PAD
    0x080086b0   0x0000005a   Code   RO          577    x$fpl$dfixu         fz_ws.l(dfixu.o)
    0x0800870a   0x0000002e   Code   RO          582    x$fpl$dflt          fz_ws.l(dflt_clz.o)
    0x08008738   0x00000026   Code   RO          581    x$fpl$dfltu         fz_ws.l(dflt_clz.o)
    0x0800875e   0x00000002   PAD
    0x08008760   0x00000078   Code   RO          587    x$fpl$dleqf         fz_ws.l(dleqf.o)
    0x080087d8   0x00000154   Code   RO          589    x$fpl$dmul          fz_ws.l(dmul.o)
    0x0800892c   0x0000009c   Code   RO          667    x$fpl$dnaninf       fz_ws.l(dnaninf.o)
    0x080089c8   0x0000000c   Code   RO          669    x$fpl$dretinf       fz_ws.l(dretinf.o)
    0x080089d4   0x00000016   Code   RO          564    x$fpl$drsb          fz_ws.l(daddsub_clz.o)
    0x080089ea   0x00000002   PAD
    0x080089ec   0x000001cc   Code   RO          786    x$fpl$dsqrt         fz_ws.l(dsqrt_noumaal.o)
    0x08008bb8   0x000001d4   Code   RO          565    x$fpl$dsub          fz_ws.l(daddsub_clz.o)
    0x08008d8c   0x00000056   Code   RO          591    x$fpl$f2d           fz_ws.l(f2d.o)
    0x08008de2   0x00000002   PAD
    0x08008de4   0x000000c4   Code   RO          593    x$fpl$fadd          fz_ws.l(faddsub_clz.o)
    0x08008ea8   0x00000018   Code   RO          671    x$fpl$fcmpinf       fz_ws.l(fcmpi.o)
    0x08008ec0   0x00000184   Code   RO          600    x$fpl$fdiv          fz_ws.l(fdiv.o)
    0x08009044   0x00000068   Code   RO          603    x$fpl$feqf          fz_ws.l(feqf.o)
    0x080090ac   0x00000036   Code   RO          605    x$fpl$ffix          fz_ws.l(ffix.o)
    0x080090e2   0x00000002   PAD
    0x080090e4   0x0000003e   Code   RO          609    x$fpl$ffixu         fz_ws.l(ffixu.o)
    0x08009122   0x00000002   PAD
    0x08009124   0x00000030   Code   RO          614    x$fpl$fflt          fz_ws.l(fflt_clz.o)
    0x08009154   0x00000026   Code   RO          613    x$fpl$ffltu         fz_ws.l(fflt_clz.o)
    0x0800917a   0x00000002   PAD
    0x0800917c   0x00000068   Code   RO          619    x$fpl$fleqf         fz_ws.l(fleqf.o)
    0x080091e4   0x00000102   Code   RO          621    x$fpl$fmul          fz_ws.l(fmul.o)
    0x080092e6   0x0000008c   Code   RO          673    x$fpl$fnaninf       fz_ws.l(fnaninf.o)
    0x08009372   0x0000000a   Code   RO          675    x$fpl$fretinf       fz_ws.l(fretinf.o)
    0x0800937c   0x00000062   Code   RO          623    x$fpl$frleqf        fz_ws.l(frleqf.o)
    0x080093de   0x00000002   PAD
    0x080093e0   0x000000ea   Code   RO          595    x$fpl$fsub          fz_ws.l(faddsub_clz.o)
    0x080094ca   0x00000004   Code   RO          625    x$fpl$printf1       fz_ws.l(printf1.o)
    0x080094ce   0x00000064   Code   RO          852    x$fpl$retnan        fz_ws.l(retnan.o)
    0x08009532   0x0000005c   Code   RO          677    x$fpl$scalbn        fz_ws.l(scalbn.o)
    0x0800958e   0x00000030   Code   RO          864    x$fpl$trapveneer    fz_ws.l(trapv.o)
    0x080095be   0x00000000   Code   RO          679    x$fpl$usenofp       fz_ws.l(usenofp.o)
    0x080095be   0x00000ee9   Data   RO          233    .constdata          oled.o
    0x0800a4a7   0x00000001   PAD
    0x0800a4a8   0x00000050   Data   RO          272    .constdata          inv_mpu.o
    0x0800a4f8   0x00000bf6   Data   RO          306    .constdata          inv_mpu_dmp_motion_driver.o
    0x0800b0ee   0x00000028   Data   RO          510    .constdata          c_w.l(_printf_hex_int.o)
    0x0800b116   0x00000011   Data   RO          540    .constdata          c_w.l(__printf_flags_wp.o)
    0x0800b127   0x00000001   PAD
    0x0800b128   0x00000050   Data   RO          629    .constdata          m_ws.l(asin.o)
    0x0800b178   0x00000098   Data   RO          682    .constdata          m_ws.l(atan.o)
    0x0800b210   0x00000008   Data   RO          708    .constdata          m_ws.l(qnan.o)
    0x0800b218   0x00000094   Data   RO          753    .constdata          c_w.l(bigflt0.o)
    0x0800b2ac   0x0000004d   Data   RO          273    .conststring        inv_mpu.o
    0x0800b2f9   0x00000003   PAD
    0x0800b2fc   0x00000020   Data   RO          934    Region$$Table       anon$$obj.o
    0x0800b31c   0x0000001c   Data   RO          781    locale$$data        c_w.l(lc_numeric_c.o)


    Execution Region RW_IRAM1 (Base: 0x20000000, Size: 0x000007a8, Max: 0x00010000, ABSOLUTE)

    Base Addr    Size         Type   Attr      Idx    E Section Name        Object

    0x20000000   0x00000014   Data   RW          178    .data               system_stm32f10x.o
    0x20000014   0x00000035   Data   RW          274    .data               inv_mpu.o
    0x20000049   0x00000001   PAD
    0x2000004a   0x00000004   Data   RW          330    .data               delay.o
    0x2000004e   0x00000002   PAD
    0x20000050   0x00000006   Data   RW          362    .data               usart.o
    0x20000056   0x00000014   Data   RW          425    .data               stm32f10x_rcc.o
    0x2000006a   0x00000002   PAD
    0x2000006c   0x00000010   Zero   RW          305    .bss                inv_mpu_dmp_motion_driver.o
    0x2000007c   0x000000c8   Zero   RW          361    .bss                usart.o
    0x20000144   0x00000060   Zero   RW          791    .bss                c_w.l(libspace.o)
    0x200001a4   0x00000004   PAD
    0x200001a8   0x00000200   Zero   RW          394    HEAP                startup_stm32f10x_hd.o
    0x200003a8   0x00000400   Zero   RW          393    STACK               startup_stm32f10x_hd.o


==============================================================================

Image component sizes


      Code (inc. data)   RO Data    RW Data    ZI Data      Debug   Object Name

       212         18          0          4          0        959   delay.o
      8844        196        157         53          0      23141   inv_mpu.o
      3440        126       3062          0         16      14987   inv_mpu_dmp_motion_driver.o
        76          8          0          0          0        463   led.o
       252         46          0          0          0     253251   main.o
       220         22          0          0          0       1737   misc.o
       940         28          0          0          0       4163   mpu6050.o
       620         14          0          0          0       2010   mpuiic.o
      3488         38       3817          0          0      12087   oled.o
        64         26        304          0       1536        768   startup_stm32f10x_hd.o
       860         38          0          0          0       5581   stm32f10x_gpio.o
        26          0          0          0          0       1146   stm32f10x_it.o
       932         36          0         20          0       8716   stm32f10x_rcc.o
      3610         88          0          0          0      22064   stm32f10x_tim.o
      1032         22          0          0          0       8304   stm32f10x_usart.o
         0          0          0          0          0         32   sys.o
       480         38          0         20          0       1643   system_stm32f10x.o
       136          8          0          0          0        736   timer.o
       320         16          0          6        200       3054   usart.o

    ----------------------------------------------------------------------
     25556        768       7376        108       1752     364842   Object Totals
         0          0         32          0          0          0   (incl. Generated)
         4          0          4          5          0          0   (incl. Padding)

    ----------------------------------------------------------------------

      Code (inc. data)   RO Data    RW Data    ZI Data      Debug   Library Member Name

         8          0          0          0          0         68   __main.o
       312          4         17          0          0         92   __printf_flags_wp.o
        14          0          0          0          0         68   __printf_wp.o
         0          0          0          0          0          0   __rtentry.o
        12          0          0          0          0          0   __rtentry2.o
         6          0          0          0          0          0   __rtentry4.o
        52          8          0          0          0          0   __scatter.o
        26          0          0          0          0          0   __scatter_copy.o
        28          0          0          0          0          0   __scatter_zi.o
        48          6          0          0          0         96   _printf_char_common.o
        36          4          0          0          0         80   _printf_char_file.o
         6          0          0          0          0          0   _printf_d.o
       120         16          0          0          0         92   _printf_dec.o
         6          0          0          0          0          0   _printf_f.o
      1050          0          0          0          0        216   _printf_fp_dec.o
       128         16          0          0          0         84   _printf_fp_infnan.o
        88          4         40          0          0         88   _printf_hex_int.o
       178          0          0          0          0         88   _printf_intcommon.o
        78          0          0          0          0        108   _printf_pad.o
         0          0          0          0          0          0   _printf_percent.o
         4          0          0          0          0          0   _printf_percent_end.o
         6          0          0          0          0          0   _printf_x.o
        22          0          0          0          0        100   _rserrno.o
        10          0          0          0          0         68   _sputc.o
        16          0          0          0          0         68   aeabi_memset.o
       220          4        148          0          0         96   bigflt0.o
      1910        128          0          0          0        672   btod.o
        12          0          0          0          0         72   exit.o
         8          0          0          0          0         68   ferror.o
         6          0          0          0          0        152   heapauxi.o
        44         10         28          0          0         76   lc_numeric_c.o
         2          0          0          0          0          0   libinit.o
        18          0          0          0          0          0   libinit2.o
         2          0          0          0          0          0   libshutdown.o
         2          0          0          0          0          0   libshutdown2.o
         8          4          0          0         96         68   libspace.o
        72          0          0          0          0         76   llsdiv.o
       138          0          0          0          0         80   lludiv10.o
       238          0          0          0          0        100   lludivv7m.o
        88          0          0          0          0         76   memcmp.o
        24          4          0          0          0         84   noretval__2printf.o
        40          6          0          0          0         84   noretval__2sprintf.o
         8          4          0          0          0         68   rt_errno_addr_intlibspace.o
         8          4          0          0          0         68   rt_locale_intlibspace.o
        68          0          0          0          0         68   rt_memclr.o
        78          0          0          0          0         80   rt_memclr_w.o
         2          0          0          0          0          0   rtexit.o
        10          0          0          0          0          0   rtexit2.o
       128          0          0          0          0         68   strcmpv7m.o
        74          0          0          0          0         80   sys_stackheap_outer.o
         2          0          0          0          0         68   use_no_semi.o
         2          0          0          0          0         68   use_no_semi_2.o
        98          4          0          0          0         92   d2f.o
       826         16          0          0          0        348   daddsub_clz.o
        16          4          0          0          0         68   dcheck1.o
        24          0          0          0          0         68   dcmpi.o
       688        140          0          0          0        208   ddiv.o
        94          4          0          0          0         92   dfix.o
        90          4          0          0          0         92   dfixu.o
        84          0          0          0          0        136   dflt_clz.o
       120          4          0          0          0         92   dleqf.o
       340         12          0          0          0        104   dmul.o
       156          4          0          0          0         92   dnaninf.o
        12          0          0          0          0         68   dretinf.o
       460         56          0          0          0        120   dsqrt_noumaal.o
        86          4          0          0          0         84   f2d.o
       430          8          0          0          0        168   faddsub_clz.o
        24          0          0          0          0         68   fcmpi.o
       388         76          0          0          0         96   fdiv.o
       104          4          0          0          0         84   feqf.o
        54          4          0          0          0         84   ffix.o
        62          4          0          0          0         84   ffixu.o
        86          0          0          0          0        136   fflt_clz.o
       104          4          0          0          0         84   fleqf.o
       258          4          0          0          0         84   fmul.o
       140          4          0          0          0         84   fnaninf.o
        10          0          0          0          0         68   fretinf.o
        98          0          0          0          0         68   frleqf.o
         4          0          0          0          0         68   printf1.o
       100          0          0          0          0         68   retnan.o
        92          0          0          0          0         68   scalbn.o
        48          0          0          0          0         68   trapv.o
         0          0          0          0          0          0   usenofp.o
       624         52         80          0          0        168   asin.o
       544         70        152          0          0        124   atan.o
       384         38          0          0          0        144   atan2.o
        38          6          0          0          0        272   dunder.o
        40          0          0          0          0         68   fpclassify.o
       170          0          0          0          0         96   poly.o
         0          0          8          0          0          0   qnan.o
        76          0          0          0          0         84   sqrt.o

    ----------------------------------------------------------------------
     12474        748        474          0        100       7588   Library Totals
        36          0          1          0          4          0   (incl. Padding)

    ----------------------------------------------------------------------

      Code (inc. data)   RO Data    RW Data    ZI Data      Debug   Library Name

      5466        222        233          0         96       3588   c_w.l
      5096        360          0          0          0       3044   fz_ws.l
      1876        166        240          0          0        956   m_ws.l

    ----------------------------------------------------------------------
     12474        748        474          0        100       7588   Library Totals

    ----------------------------------------------------------------------

==============================================================================


      Code (inc. data)   RO Data    RW Data    ZI Data      Debug   

     38030       1516       7850        108       1852     366654   Grand Totals
     38030       1516       7850        108       1852     366654   ELF Image Totals
     38030       1516       7850        108          0          0   ROM Totals

==============================================================================

    Total RO  Size (Code + RO Data)                45880 (  44.80kB)
    Total RW  Size (RW Data + ZI Data)              1960 (   1.91kB)
    Total ROM Size (Code + RO Data + RW Data)      45988 (  44.91kB)

==============================================================================

