Component: ARM Compiler 5.05 update 1 (build 106) Tool: armlink [4d0efa]

==============================================================================

Section Cross References

    main.o(.text) refers to _printf_pad.o(.text) for _printf_pre_padding
    main.o(.text) refers to _printf_percent.o(.ARM.Collect$$_printf_percent$$00000000) for _printf_percent
    main.o(.text) refers to _printf_f.o(.ARM.Collect$$_printf_percent$$00000003) for _printf_f
    main.o(.text) refers to printf1.o(x$fpl$printf1) for _printf_fp_dec
    main.o(.text) refers to _printf_d.o(.ARM.Collect$$_printf_percent$$00000009) for _printf_d
    main.o(.text) refers to _printf_dec.o(.text) for _printf_int_dec
    main.o(.text) refers to rt_memclr_w.o(.text) for __aeabi_memclr4
    main.o(.text) refers to f2d.o(x$fpl$f2d) for __aeabi_f2d
    main.o(.text) refers to noretval__2sprintf.o(.text) for __2sprintf
    main.o(.text) refers to oled.o(.text) for OLED_P6x8Str
    main.o(.text) refers to sys.o(.text) for Stm32_Clock_Init
    main.o(.text) refers to delay.o(.text) for delay_init
    main.o(.text) refers to usart.o(.text) for uart_init
    main.o(.text) refers to led.o(.text) for LED_Init
    main.o(.text) refers to key.o(.text) for KEY_Init
    main.o(.text) refers to motor.o(.text) for Motor_Init
    main.o(.text) refers to servo.o(.text) for TIM3_PWM_Init
    main.o(.text) refers to mpu6050.o(.text) for MPU_Init
    main.o(.text) refers to encoder.o(.text) for Encoder_Init_TIM2
    main.o(.text) refers to inv_mpu.o(.text) for mpu_dmp_init
    main.o(.text) refers to odom.o(.text) for init_Odom_Variables
    main.o(.text) refers to agv_control.o(.text) for AGV_PIDCtrlInit
    main.o(.text) refers to timer.o(.text) for TIM5_Int_Init
    main.o(.text) refers to stm32f10x_tim.o(.text) for TIM_Cmd
    main.o(.text) refers to odom.o(.bss) for pos_current
    main.o(.text) refers to main.o(.data) for encoder_left
    main.o(.text) refers to agv_control.o(.bss) for yaw_assist_pid
    main.o(.text) refers to stm32f10x_it.o(.data) for heartbeat
    system_stm32f10x.o(.text) refers to system_stm32f10x.o(.data) for SystemCoreClock
    inv_mpu.o(.text) refers to _printf_pad.o(.text) for _printf_pre_padding
    inv_mpu.o(.text) refers to _printf_percent.o(.ARM.Collect$$_printf_percent$$00000000) for _printf_percent
    inv_mpu.o(.text) refers to _printf_x.o(.ARM.Collect$$_printf_percent$$0000000C) for _printf_x
    inv_mpu.o(.text) refers to _printf_hex_int.o(.text) for _printf_longlong_hex
    inv_mpu.o(.text) refers to _printf_d.o(.ARM.Collect$$_printf_percent$$00000009) for _printf_d
    inv_mpu.o(.text) refers to _printf_dec.o(.text) for _printf_int_dec
    inv_mpu.o(.text) refers to mpu6050.o(.text) for MPU_Write_Len
    inv_mpu.o(.text) refers to noretval__2printf.o(.text) for __2printf
    inv_mpu.o(.text) refers to delay.o(.text) for delay_ms
    inv_mpu.o(.text) refers to inv_mpu.o(.data) for st
    inv_mpu.o(.text) refers to fflt_clz.o(x$fpl$ffltu) for __aeabi_ui2f
    inv_mpu.o(.text) refers to fflt_clz.o(x$fpl$fflt) for __aeabi_i2f
    inv_mpu.o(.text) refers to faddsub_clz.o(x$fpl$fsub) for __aeabi_fsub
    inv_mpu.o(.text) refers to fdiv.o(x$fpl$fdiv) for __aeabi_fdiv
    inv_mpu.o(.text) refers to faddsub_clz.o(x$fpl$fadd) for __aeabi_fadd
    inv_mpu.o(.text) refers to fmul.o(x$fpl$fmul) for __aeabi_fmul
    inv_mpu.o(.text) refers to ffix.o(x$fpl$ffix) for __aeabi_f2iz
    inv_mpu.o(.text) refers to inv_mpu.o(.conststring) for .conststring
    inv_mpu.o(.text) refers to feqf.o(x$fpl$feqf) for __aeabi_cfcmpeq
    inv_mpu.o(.text) refers to frleqf.o(x$fpl$frleqf) for __aeabi_cfrcmple
    inv_mpu.o(.text) refers to fleqf.o(x$fpl$fleqf) for __aeabi_cfcmple
    inv_mpu.o(.text) refers to inv_mpu.o(.constdata) for test
    inv_mpu.o(.text) refers to llsdiv.o(.text) for __aeabi_ldivmod
    inv_mpu.o(.text) refers to memcmp.o(.text) for memcmp
    inv_mpu.o(.text) refers to inv_mpu_dmp_motion_driver.o(.text) for dmp_set_gyro_bias
    inv_mpu.o(.text) refers to mpuiic.o(.text) for MPU_IIC_Init
    inv_mpu.o(.text) refers to f2d.o(x$fpl$f2d) for __aeabi_f2d
    inv_mpu.o(.text) refers to asin.o(i.asin) for asin
    inv_mpu.o(.text) refers to dmul.o(x$fpl$dmul) for __aeabi_dmul
    inv_mpu.o(.text) refers to d2f.o(x$fpl$d2f) for __aeabi_d2f
    inv_mpu.o(.text) refers to atan2.o(i.atan2) for atan2
    inv_mpu.o(.data) refers to inv_mpu.o(.constdata) for reg
    stm32f10x_it.o(.text) refers to stm32f10x_tim.o(.text) for TIM_GetITStatus
    stm32f10x_it.o(.text) refers to odom.o(.text) for update_Odom_IMU
    stm32f10x_it.o(.text) refers to feqf.o(x$fpl$feqf) for __aeabi_cfcmpeq
    stm32f10x_it.o(.text) refers to frleqf.o(x$fpl$frleqf) for __aeabi_cfrcmple
    stm32f10x_it.o(.text) refers to f2d.o(x$fpl$f2d) for __aeabi_f2d
    stm32f10x_it.o(.text) refers to dleqf.o(x$fpl$dleqf) for __aeabi_cdcmple
    stm32f10x_it.o(.text) refers to stm32f10x_gpio.o(.text) for GPIO_ReadInputDataBit
[...]
    dmp_set_orientation                      0x080035ad   Thumb Code   290  inv_mpu_dmp_motion_driver.o(.text)
    dmp_set_gyro_bias                        0x080036cf   Thumb Code   294  inv_mpu_dmp_motion_driver.o(.text)
    dmp_set_accel_bias                       0x080037f5   Thumb Code   300  inv_mpu_dmp_motion_driver.o(.text)
    dmp_set_fifo_rate                        0x08003921   Thumb Code   136  inv_mpu_dmp_motion_driver.o(.text)
    dmp_get_fifo_rate                        0x080039a9   Thumb Code    12  inv_mpu_dmp_motion_driver.o(.text)
    dmp_set_tap_thresh                       0x080039b5   Thumb Code   396  inv_mpu_dmp_motion_driver.o(.text)
    dmp_set_tap_axes                         0x08003b41   Thumb Code    70  inv_mpu_dmp_motion_driver.o(.text)
    dmp_set_tap_count                        0x08003b87   Thumb Code    38  inv_mpu_dmp_motion_driver.o(.text)
    dmp_set_tap_time                         0x08003bad   Thumb Code    38  inv_mpu_dmp_motion_driver.o(.text)
    dmp_set_tap_time_multi                   0x08003bd3   Thumb Code    38  inv_mpu_dmp_motion_driver.o(.text)
    dmp_set_shake_reject_thresh              0x08003bf9   Thumb Code    56  inv_mpu_dmp_motion_driver.o(.text)
    dmp_set_shake_reject_time                0x08003c31   Thumb Code    38  inv_mpu_dmp_motion_driver.o(.text)
    dmp_set_shake_reject_timeout             0x08003c57   Thumb Code    38  inv_mpu_dmp_motion_driver.o(.text)
    dmp_get_pedometer_step_count             0x08003c7d   Thumb Code    66  inv_mpu_dmp_motion_driver.o(.text)
    dmp_set_pedometer_step_count             0x08003cbf   Thumb Code    42  inv_mpu_dmp_motion_driver.o(.text)
    dmp_get_pedometer_walk_time              0x08003ce9   Thumb Code    72  inv_mpu_dmp_motion_driver.o(.text)
    dmp_set_pedometer_walk_time              0x08003d31   Thumb Code    48  inv_mpu_dmp_motion_driver.o(.text)
    dmp_enable_6x_lp_quat                    0x08003d61   Thumb Code    84  inv_mpu_dmp_motion_driver.o(.text)
    dmp_enable_lp_quat                       0x08003db5   Thumb Code    60  inv_mpu_dmp_motion_driver.o(.text)
    dmp_enable_gyro_cal                      0x08003df1   Thumb Code    62  inv_mpu_dmp_motion_driver.o(.text)
    dmp_enable_feature                       0x08003e2f   Thumb Code   530  inv_mpu_dmp_motion_driver.o(.text)
    dmp_get_enabled_features                 0x08004041   Thumb Code    12  inv_mpu_dmp_motion_driver.o(.text)
    dmp_set_interrupt_mode                   0x080040ab   Thumb Code    66  inv_mpu_dmp_motion_driver.o(.text)
    dmp_read_fifo                            0x080040ed   Thumb Code   514  inv_mpu_dmp_motion_driver.o(.text)
    dmp_register_tap_cb                      0x080042ef   Thumb Code    10  inv_mpu_dmp_motion_driver.o(.text)
    dmp_register_android_orient_cb           0x080042f9   Thumb Code    10  inv_mpu_dmp_motion_driver.o(.text)
    OLED_WR_Byte                             0x08004309   Thumb Code    92  oled.o(.text)
    OLED_DLY_ms                              0x08004365   Thumb Code    24  oled.o(.text)
    OLED_WrDat                               0x0800437d   Thumb Code    86  oled.o(.text)
    OLED_WrCmd                               0x080043d3   Thumb Code    84  oled.o(.text)
    OLED_Fill                                0x08004427   Thumb Code    58  oled.o(.text)
    OLED_Init                                0x08004461   Thumb Code   308  oled.o(.text)
    OLED_Set_Pos                             0x08004595   Thumb Code    36  oled.o(.text)
    OLED_CLS                                 0x080045b9   Thumb Code    56  oled.o(.text)
    adjust                                   0x080045f1   Thumb Code    12  oled.o(.text)
    SetStartColumn                           0x080045fd   Thumb Code    44  oled.o(.text)
    SetAddressingMode                        0x08004629   Thumb Code    18  oled.o(.text)
    SetColumnAddress                         0x0800463b   Thumb Code    26  oled.o(.text)
    SetPageAddress                           0x08004655   Thumb Code    26  oled.o(.text)
    SetStartLine                             0x0800466f   Thumb Code    14  oled.o(.text)
    SetContrastControl                       0x0800467d   Thumb Code    18  oled.o(.text)
    Set_Charge_Pump                          0x0800468f   Thumb Code    20  oled.o(.text)
    Set_Segment_Remap                        0x080046a3   Thumb Code    14  oled.o(.text)
    Set_Entire_Display                       0x080046b1   Thumb Code    14  oled.o(.text)
    Set_Inverse_Display                      0x080046bf   Thumb Code    14  oled.o(.text)
    Set_Multiplex_Ratio                      0x080046cd   Thumb Code    18  oled.o(.text)
    Set_Display_On_Off                       0x080046df   Thumb Code    22  oled.o(.text)
    SetStartPage                             0x080046f5   Thumb Code    14  oled.o(.text)
    Set_Common_Remap                         0x08004703   Thumb Code    14  oled.o(.text)
    Set_Display_Offset                       0x08004711   Thumb Code    18  oled.o(.text)
    Set_Display_Clock                        0x08004723   Thumb Code    18  oled.o(.text)
    Set_Precharge_Period                     0x08004735   Thumb Code    18  oled.o(.text)
    Set_Common_Config                        0x08004747   Thumb Code    20  oled.o(.text)
    Set_VCOMH                                0x0800475b   Thumb Code    18  oled.o(.text)
    Set_NOP                                  0x0800476d   Thumb Code    10  oled.o(.text)
    OLED_P6x8Str                             0x08004777   Thumb Code    96  oled.o(.text)
    OLED_P8x16Str                            0x080047d7   Thumb Code   130  oled.o(.text)
    OLED_P14x16Str                           0x08004859   Thumb Code   246  oled.o(.text)
    OLED_Print                               0x0800494f   Thumb Code   100  oled.o(.text)
    Dis_Char                                 0x080049b3   Thumb Code    34  oled.o(.text)
    Dis_String                               0x080049d5   Thumb Code   104  oled.o(.text)
    Dis_Num                                  0x08004a3d   Thumb Code   160  oled.o(.text)
    Dis_Float                                0x08004add   Thumb Code   464  oled.o(.text)
    Dis_Float2                               0x08004cad   Thumb Code   354  oled.o(.text)
    Draw_Logo                                0x08004e0f   Thumb Code    50  oled.o(.text)
    OLED_P8x16Num_8bit                       0x08004e41   Thumb Code    60  oled.o(.text)
    OLED_P6x8Num_8bit                        0x08004e7d   Thumb Code    60  oled.o(.text)
    OLED_Num                                 0x08004eb9   Thumb Code    60  oled.o(.text)
    OLED_2num                                0x08004ef5   Thumb Code    58  oled.o(.text)
    OLED_3num                                0x08004f2f   Thumb Code    84  oled.o(.text)
    OLED_4num                                0x08004f83   Thumb Code   134  oled.o(.text)
    OLED_Num5                                0x08005009   Thumb Code   152  oled.o(.text)
    Motor_Init                               0x080050ad   Thumb Code    74  motor.o(.text)
    PWM_Init                                 0x080050f7   Thumb Code   172  motor.o(.text)
    Set_motor                                0x080051a3   Thumb Code   222  motor.o(.text)
    TIM3_Int_Init                            0x08005299   Thumb Code   104  servo.o(.text)
    TIM3_PWM_Init                            0x08005301   Thumb Code   126  servo.o(.text)
    set_Servo_Angles                         0x0800537f   Thumb Code    52  servo.o(.text)
    Encoder_Init_TIM2                        0x080053c9   Thumb Code   152  encoder.o(.text)
    Encoder_Init_TIM4                        0x08005461   Thumb Code   146  encoder.o(.text)
    TIM4_IRQHandler                          0x080054f3   Thumb Code    22  encoder.o(.text)
    TIM2_IRQHandler                          0x08005509   Thumb Code    22  encoder.o(.text)
    delay_init                               0x0800552d   Thumb Code    50  delay.o(.text)
    delay_us                                 0x0800555f   Thumb Code    72  delay.o(.text)
    delay_ms                                 0x080055a7   Thumb Code    72  delay.o(.text)
    MY_NVIC_SetVectorTable                   0x08005601   Thumb Code    12  sys.o(.text)
    MY_NVIC_PriorityGroupConfig              0x0800560d   Thumb Code    36  sys.o(.text)
    MY_NVIC_Init                             0x08005631   Thumb Code   116  sys.o(.text)
    Ex_NVIC_Config                           0x080056a5   Thumb Code   146  sys.o(.text)
    MYRCC_DeInit                             0x08005737   Thumb Code    90  sys.o(.text)
    Sys_Standby                              0x08005791   Thumb Code    68  sys.o(.text)
    Sys_Soft_Reset                           0x080057d5   Thumb Code    12  sys.o(.text)
    JTAG_Set                                 0x080057e1   Thumb Code    42  sys.o(.text)
    Stm32_Clock_Init                         0x0800580b   Thumb Code   134  sys.o(.text)
    _sys_exit                                0x080058bd   Thumb Code     6  usart.o(.text)
    fputc                                    0x080058c3   Thumb Code    24  usart.o(.text)
    uart_init                                0x080058db   Thumb Code   154  usart.o(.text)
    Reset_Handler                            0x0800597d   Thumb Code     8  startup_stm32f10x_hd.o(.text)
    ADC1_2_IRQHandler                        0x08005997   Thumb Code     0  startup_stm32f10x_hd.o(.text)
    ADC3_IRQHandler                          0x08005997   Thumb Code     0  startup_stm32f10x_hd.o(.text)
    CAN1_RX1_IRQHandler                      0x08005997   Thumb Code     0  startup_stm32f10x_hd.o(.text)
    CAN1_SCE_IRQHandler                      0x08005997   Thumb Code     0  startup_stm32f10x_hd.o(.text)
    DMA1_Channel1_IRQHandler                 0x08005997   Thumb Code     0  startup_stm32f10x_hd.o(.text)
    DMA1_Channel2_IRQHandler                 0x08005997   Thumb Code     0  startup_stm32f10x_hd.o(.text)
    DMA1_Channel3_IRQHandler                 0x08005997   Thumb Code     0  startup_stm32f10x_hd.o(.text)
    DMA1_Channel4_IRQHandler                 0x08005997   Thumb Code     0  startup_stm32f10x_hd.o(.text)
    DMA1_Channel5_IRQHandler                 0x08005997   Thumb Code     0  startup_stm32f10x_hd.o(.text)
    DMA1_Channel6_IRQHandler                 0x08005997   Thumb Code     0  startup_stm32f10x_hd.o(.text)
    DMA1_Channel7_IRQHandler                 0x08005997   Thumb Code     0  startup_stm32f10x_hd.o(.text)
    DMA2_Channel1_IRQHandler                 0x08005997   Thumb Code     0  startup_stm32f10x_hd.o(.text)
    DMA2_Channel2_IRQHandler                 0x08005997   Thumb Code     0  startup_stm32f10x_hd.o(.text)
    DMA2_Channel3_IRQHandler                 0x08005997   Thumb Code     0  startup_stm32f10x_hd.o(.text)
    DMA2_Channel4_5_IRQHandler               0x08005997   Thumb Code     0  startup_stm32f10x_hd.o(.text)
    EXTI0_IRQHandler                         0x08005997   Thumb Code     0  startup_stm32f10x_hd.o(.text)
    EXTI15_10_IRQHandler                     0x08005997   Thumb Code     0  startup_stm32f10x_hd.o(.text)
    EXTI1_IRQHandler                         0x08005997   Thumb Code     0  startup_stm32f10x_hd.o(.text)
    EXTI3_IRQHandler                         0x08005997   Thumb Code     0  startup_stm32f10x_hd.o(.text)
    EXTI4_IRQHandler                         0x08005997   Thumb Code     0  startup_stm32f10x_hd.o(.text)
    EXTI9_5_IRQHandler                       0x08005997   Thumb Code     0  startup_stm32f10x_hd.o(.text)
    FLASH_IRQHandler                         0x08005997   Thumb Code     0  startup_stm32f10x_hd.o(.text)
    FSMC_IRQHandler                          0x08005997   Thumb Code     0  startup_stm32f10x_hd.o(.text)
    I2C1_ER_IRQHandler                       0x08005997   Thumb Code     0  startup_stm32f10x_hd.o(.text)
    I2C1_EV_IRQHandler                       0x08005997   Thumb Code     0  startup_stm32f10x_hd.o(.text)
    I2C2_ER_IRQHandler                       0x08005997   Thumb Code     0  startup_stm32f10x_hd.o(.text)
    I2C2_EV_IRQHandler                       0x08005997   Thumb Code     0  startup_stm32f10x_hd.o(.text)
    PVD_IRQHandler                           0x08005997   Thumb Code     0  startup_stm32f10x_hd.o(.text)
    RCC_IRQHandler                           0x08005997   Thumb Code     0  startup_stm32f10x_hd.o(.text)
    RTCAlarm_IRQHandler                      0x08005997   Thumb Code     0  startup_stm32f10x_hd.o(.text)
    RTC_IRQHandler                           0x08005997   Thumb Code     0  startup_stm32f10x_hd.o(.text)
    SDIO_IRQHandler                          0x08005997   Thumb Code     0  startup_stm32f10x_hd.o(.text)
    SPI1_IRQHandler                          0x08005997   Thumb Code     0  startup_stm32f10x_hd.o(.text)
    SPI2_IRQHandler                          0x08005997   Thumb Code     0  startup_stm32f10x_hd.o(.text)
    SPI3_IRQHandler                          0x08005997   Thumb Code     0  startup_stm32f10x_hd.o(.text)
    TAMPER_IRQHandler                        0x08005997   Thumb Code     0  startup_stm32f10x_hd.o(.text)
    TIM1_BRK_IRQHandler                      0x08005997   Thumb Code     0  startup_stm32f10x_hd.o(.text)
    TIM1_CC_IRQHandler                       0x08005997   Thumb Code     0  startup_stm32f10x_hd.o(.text)
    TIM1_TRG_COM_IRQHandler                  0x08005997   Thumb Code     0  startup_stm32f10x_hd.o(.text)
    TIM1_UP_IRQHandler                       0x08005997   Thumb Code     0  startup_stm32f10x_hd.o(.text)
    TIM3_IRQHandler                          0x08005997   Thumb Code     0  startup_stm32f10x_hd.o(.text)
    TIM6_IRQHandler                          0x08005997   Thumb Code     0  startup_stm32f10x_hd.o(.text)
    TIM7_IRQHandler                          0x08005997   Thumb Code     0  startup_stm32f10x_hd.o(.text)
    TIM8_BRK_IRQHandler                      0x08005997   Thumb Code     0  startup_stm32f10x_hd.o(.text)
    TIM8_CC_IRQHandler                       0x08005997   Thumb Code     0  startup_stm32f10x_hd.o(.text)
    TIM8_TRG_COM_IRQHandler                  0x08005997   Thumb Code     0  startup_stm32f10x_hd.o(.text)
    TIM8_UP_IRQHandler                       0x08005997   Thumb Code     0  startup_stm32f10x_hd.o(.text)
    UART4_IRQHandler                         0x08005997   Thumb Code     0  startup_stm32f10x_hd.o(.text)
    UART5_IRQHandler                         0x08005997   Thumb Code     0  startup_stm32f10x_hd.o(.text)
    USART2_IRQHandler                        0x08005997   Thumb Code     0  startup_stm32f10x_hd.o(.text)
    USART3_IRQHandler                        0x08005997   Thumb Code     0  startup_stm32f10x_hd.o(.text)
    USBWakeUp_IRQHandler                     0x08005997   Thumb Code     0  startup_stm32f10x_hd.o(.text)
    USB_HP_CAN1_TX_IRQHandler                0x08005997   Thumb Code     0  startup_stm32f10x_hd.o(.text)
    USB_LP_CAN1_RX0_IRQHandler               0x08005997   Thumb Code     0  startup_stm32f10x_hd.o(.text)
    WWDG_IRQHandler                          0x08005997   Thumb Code     0  startup_stm32f10x_hd.o(.text)
    __user_initial_stackheap                 0x08005999   Thumb Code     0  startup_stm32f10x_hd.o(.text)
    NVIC_PriorityGroupConfig                 0x080059bd   Thumb Code    10  misc.o(.text)
    NVIC_Init                                0x080059c7   Thumb Code   100  misc.o(.text)
    NVIC_SetVectorTable                      0x08005a2b   Thumb Code    14  misc.o(.text)
    NVIC_SystemLPConfig                      0x08005a39   Thumb Code    34  misc.o(.text)
    SysTick_CLKSourceConfig                  0x08005a5b   Thumb Code    40  misc.o(.text)
    GPIO_DeInit                              0x08005a99   Thumb Code   172  stm32f10x_gpio.o(.text)
    GPIO_AFIODeInit                          0x08005b45   Thumb Code    20  stm32f10x_gpio.o(.text)
    GPIO_Init                                0x08005b59   Thumb Code   278  stm32f10x_gpio.o(.text)
    GPIO_StructInit                          0x08005c6f   Thumb Code    16  stm32f10x_gpio.o(.text)
    GPIO_ReadInputDataBit                    0x08005c7f   Thumb Code    18  stm32f10x_gpio.o(.text)
    GPIO_ReadInputData                       0x08005c91   Thumb Code     8  stm32f10x_gpio.o(.text)
    GPIO_ReadOutputDataBit                   0x08005c99   Thumb Code    18  stm32f10x_gpio.o(.text)
    GPIO_ReadOutputData                      0x08005cab   Thumb Code     8  stm32f10x_gpio.o(.text)
    GPIO_SetBits                             0x08005cb3   Thumb Code     4  stm32f10x_gpio.o(.text)
    GPIO_ResetBits                           0x08005cb7   Thumb Code     4  stm32f10x_gpio.o(.text)
    GPIO_WriteBit                            0x08005cbb   Thumb Code    10  stm32f10x_gpio.o(.text)
    GPIO_Write                               0x08005cc5   Thumb Code     4  stm32f10x_gpio.o(.text)
    GPIO_PinLockConfig                       0x08005cc9   Thumb Code    18  stm32f10x_gpio.o(.text)
    GPIO_EventOutputConfig                   0x08005cdb   Thumb Code    26  stm32f10x_gpio.o(.text)
    GPIO_EventOutputCmd                      0x08005cf5   Thumb Code     6  stm32f10x_gpio.o(.text)
    GPIO_PinRemapConfig                      0x08005cfb   Thumb Code   138  stm32f10x_gpio.o(.text)
    GPIO_EXTILineConfig                      0x08005d85   Thumb Code    66  stm32f10x_gpio.o(.text)
    GPIO_ETH_MediaInterfaceConfig            0x08005dc7   Thumb Code     8  stm32f10x_gpio.o(.text)
    RCC_DeInit                               0x08005df5   Thumb Code    64  stm32f10x_rcc.o(.text)
    RCC_HSEConfig                            0x08005e35   Thumb Code    70  stm32f10x_rcc.o(.text)
    RCC_GetFlagStatus                        0x08005e7b   Thumb Code    56  stm32f10x_rcc.o(.text)
    RCC_WaitForHSEStartUp                    0x08005eb3   Thumb Code    56  stm32f10x_rcc.o(.text)
    RCC_AdjustHSICalibrationValue            0x08005eeb   Thumb Code    20  stm32f10x_rcc.o(.text)
    RCC_HSICmd                               0x08005eff   Thumb Code     6  stm32f10x_rcc.o(.text)
    RCC_PLLConfig                            0x08005f05   Thumb Code    24  stm32f10x_rcc.o(.text)
    RCC_PLLCmd                               0x08005f1d   Thumb Code     6  stm32f10x_rcc.o(.text)
    RCC_SYSCLKConfig                         0x08005f23   Thumb Code    18  stm32f10x_rcc.o(.text)
    RCC_GetSYSCLKSource                      0x08005f35   Thumb Code    10  stm32f10x_rcc.o(.text)
    RCC_HCLKConfig                           0x08005f3f   Thumb Code    18  stm32f10x_rcc.o(.text)
    RCC_PCLK1Config                          0x08005f51   Thumb Code    18  stm32f10x_rcc.o(.text)
    RCC_PCLK2Config                          0x08005f63   Thumb Code    20  stm32f10x_rcc.o(.text)
    RCC_ITConfig                             0x08005f77   Thumb Code    26  stm32f10x_rcc.o(.text)
    RCC_USBCLKConfig                         0x08005f91   Thumb Code     8  stm32f10x_rcc.o(.text)
    RCC_ADCCLKConfig                         0x08005f99   Thumb Code    18  stm32f10x_rcc.o(.text)
    RCC_LSEConfig                            0x08005fab   Thumb Code    50  stm32f10x_rcc.o(.text)
    RCC_LSICmd                               0x08005fdd   Thumb Code     6  stm32f10x_rcc.o(.text)
    RCC_RTCCLKConfig                         0x08005fe3   Thumb Code    12  stm32f10x_rcc.o(.text)
    RCC_RTCCLKCmd                            0x08005fef   Thumb Code     8  stm32f10x_rcc.o(.text)
    RCC_GetClocksFreq                        0x08005ff7   Thumb Code   192  stm32f10x_rcc.o(.text)
    RCC_AHBPeriphClockCmd                    0x080060b7   Thumb Code    26  stm32f10x_rcc.o(.text)
    RCC_APB2PeriphClockCmd                   0x080060d1   Thumb Code    26  stm32f10x_rcc.o(.text)
    RCC_APB1PeriphClockCmd                   0x080060eb   Thumb Code    26  stm32f10x_rcc.o(.text)
    RCC_APB2PeriphResetCmd                   0x08006105   Thumb Code    26  stm32f10x_rcc.o(.text)
    RCC_APB1PeriphResetCmd                   0x0800611f   Thumb Code    26  stm32f10x_rcc.o(.text)
    RCC_BackupResetCmd                       0x08006139   Thumb Code     8  stm32f10x_rcc.o(.text)
    RCC_ClockSecuritySystemCmd               0x08006141   Thumb Code     6  stm32f10x_rcc.o(.text)
    RCC_MCOConfig                            0x08006147   Thumb Code     6  stm32f10x_rcc.o(.text)
    RCC_ClearFlag                            0x0800614d   Thumb Code    14  stm32f10x_rcc.o(.text)
    RCC_GetITStatus                          0x0800615b   Thumb Code    20  stm32f10x_rcc.o(.text)
    RCC_ClearITPendingBit                    0x0800616f   Thumb Code     6  stm32f10x_rcc.o(.text)
    TIM_DeInit                               0x08006199   Thumb Code   424  stm32f10x_tim.o(.text)
    TIM_TimeBaseInit                         0x08006341   Thumb Code   122  stm32f10x_tim.o(.text)
    TIM_OC1Init                              0x080063bb   Thumb Code   132  stm32f10x_tim.o(.text)
    TIM_OC2Init                              0x0800643f   Thumb Code   154  stm32f10x_tim.o(.text)
    TIM_OC3Init                              0x080064d9   Thumb Code   150  stm32f10x_tim.o(.text)
    TIM_OC4Init                              0x0800656f   Thumb Code   182  stm32f10x_tim.o(.text)
    TIM_SetIC4Prescaler                      0x08006625   Thumb Code    26  stm32f10x_tim.o(.text)
    TIM_SetIC3Prescaler                      0x080066c1   Thumb Code    18  stm32f10x_tim.o(.text)
    TIM_SetIC2Prescaler                      0x0800674d   Thumb Code    26  stm32f10x_tim.o(.text)
    TIM_SetIC1Prescaler                      0x080067e9   Thumb Code    18  stm32f10x_tim.o(.text)
    TIM_ICInit                               0x08006867   Thumb Code   150  stm32f10x_tim.o(.text)
    TIM_PWMIConfig                           0x080068fd   Thumb Code   124  stm32f10x_tim.o(.text)
    TIM_BDTRConfig                           0x08006979   Thumb Code    32  stm32f10x_tim.o(.text)
    TIM_TimeBaseStructInit                   0x08006999   Thumb Code    18  stm32f10x_tim.o(.text)
    TIM_OCStructInit                         0x080069ab   Thumb Code    20  stm32f10x_tim.o(.text)
    TIM_ICStructInit                         0x080069bf   Thumb Code    18  stm32f10x_tim.o(.text)
    TIM_BDTRStructInit                       0x080069d1   Thumb Code    40  stm32f10x_tim.o(.text)
    TIM_Cmd                                  0x080069f9   Thumb Code    24  stm32f10x_tim.o(.text)
    TIM_CtrlPWMOutputs                       0x08006a11   Thumb Code    30  stm32f10x_tim.o(.text)
    TIM_ITConfig                             0x08006a2f   Thumb Code    18  stm32f10x_tim.o(.text)
    TIM_GenerateEvent                        0x08006a41   Thumb Code     4  stm32f10x_tim.o(.text)
    TIM_DMAConfig                            0x08006a45   Thumb Code    10  stm32f10x_tim.o(.text)
    TIM_DMACmd                               0x08006a4f   Thumb Code    18  stm32f10x_tim.o(.text)
    TIM_InternalClockConfig                  0x08006a61   Thumb Code    12  stm32f10x_tim.o(.text)
    TIM_SelectInputTrigger                   0x08006a6d   Thumb Code    18  stm32f10x_tim.o(.text)
    TIM_ITRxExternalClockConfig              0x08006a7f   Thumb Code    24  stm32f10x_tim.o(.text)
    TIM_TIxExternalClockConfig               0x08006a97   Thumb Code    62  stm32f10x_tim.o(.text)
    TIM_ETRConfig                            0x08006ad5   Thumb Code    28  stm32f10x_tim.o(.text)
    TIM_ETRClockMode1Config                  0x08006af1   Thumb Code    54  stm32f10x_tim.o(.text)
    TIM_ETRClockMode2Config                  0x08006b27   Thumb Code    32  stm32f10x_tim.o(.text)
    TIM_PrescalerConfig                      0x08006b47   Thumb Code     6  stm32f10x_tim.o(.text)
    TIM_CounterModeConfig                    0x08006b4d   Thumb Code    18  stm32f10x_tim.o(.text)
    TIM_EncoderInterfaceConfig               0x08006b5f   Thumb Code    66  stm32f10x_tim.o(.text)
    TIM_ForcedOC1Config                      0x08006ba1   Thumb Code    18  stm32f10x_tim.o(.text)
    TIM_ForcedOC2Config                      0x08006bb3   Thumb Code    26  stm32f10x_tim.o(.text)
    TIM_ForcedOC3Config                      0x08006bcd   Thumb Code    18  stm32f10x_tim.o(.text)
    TIM_ForcedOC4Config                      0x08006bdf   Thumb Code    26  stm32f10x_tim.o(.text)
    TIM_ARRPreloadConfig                     0x08006bf9   Thumb Code    24  stm32f10x_tim.o(.text)
    TIM_SelectCOM                            0x08006c11   Thumb Code    24  stm32f10x_tim.o(.text)
    TIM_SelectCCDMA                          0x08006c29   Thumb Code    24  stm32f10x_tim.o(.text)
    TIM_CCPreloadControl                     0x08006c41   Thumb Code    24  stm32f10x_tim.o(.text)
    TIM_OC1PreloadConfig                     0x08006c59   Thumb Code    18  stm32f10x_tim.o(.text)
    TIM_OC2PreloadConfig                     0x08006c6b   Thumb Code    26  stm32f10x_tim.o(.text)
    TIM_OC3PreloadConfig                     0x08006c85   Thumb Code    18  stm32f10x_tim.o(.text)
    TIM_OC4PreloadConfig                     0x08006c97   Thumb Code    26  stm32f10x_tim.o(.text)
    TIM_OC1FastConfig                        0x08006cb1   Thumb Code    18  stm32f10x_tim.o(.text)
    TIM_OC2FastConfig                        0x08006cc3   Thumb Code    26  stm32f10x_tim.o(.text)
    TIM_OC3FastConfig                        0x08006cdd   Thumb Code    18  stm32f10x_tim.o(.text)
    TIM_OC4FastConfig                        0x08006cef   Thumb Code    26  stm32f10x_tim.o(.text)
    TIM_ClearOC1Ref                          0x08006d09   Thumb Code    18  stm32f10x_tim.o(.text)
    TIM_ClearOC2Ref                          0x08006d1b   Thumb Code    24  stm32f10x_tim.o(.text)
    TIM_ClearOC3Ref                          0x08006d33   Thumb Code    18  stm32f10x_tim.o(.text)
    TIM_ClearOC4Ref                          0x08006d45   Thumb Code    24  stm32f10x_tim.o(.text)
    TIM_OC1PolarityConfig                    0x08006d5d   Thumb Code    18  stm32f10x_tim.o(.text)
    TIM_OC1NPolarityConfig                   0x08006d6f   Thumb Code    18  stm32f10x_tim.o(.text)
    TIM_OC2PolarityConfig                    0x08006d81   Thumb Code    26  stm32f10x_tim.o(.text)
    TIM_OC2NPolarityConfig                   0x08006d9b   Thumb Code    26  stm32f10x_tim.o(.text)
    TIM_OC3PolarityConfig                    0x08006db5   Thumb Code    26  stm32f10x_tim.o(.text)
    TIM_OC3NPolarityConfig                   0x08006dcf   Thumb Code    26  stm32f10x_tim.o(.text)
    TIM_OC4PolarityConfig                    0x08006de9   Thumb Code    26  stm32f10x_tim.o(.text)
    TIM_CCxCmd                               0x08006e03   Thumb Code    30  stm32f10x_tim.o(.text)
    TIM_CCxNCmd                              0x08006e21   Thumb Code    30  stm32f10x_tim.o(.text)
    TIM_SelectOCxM                           0x08006e3f   Thumb Code    82  stm32f10x_tim.o(.text)
    TIM_UpdateDisableConfig                  0x08006e91   Thumb Code    24  stm32f10x_tim.o(.text)
    TIM_UpdateRequestConfig                  0x08006ea9   Thumb Code    24  stm32f10x_tim.o(.text)
    TIM_SelectHallSensor                     0x08006ec1   Thumb Code    24  stm32f10x_tim.o(.text)
    TIM_SelectOnePulseMode                   0x08006ed9   Thumb Code    18  stm32f10x_tim.o(.text)
    TIM_SelectOutputTrigger                  0x08006eeb   Thumb Code    18  stm32f10x_tim.o(.text)
    TIM_SelectSlaveMode                      0x08006efd   Thumb Code    18  stm32f10x_tim.o(.text)
    TIM_SelectMasterSlaveMode                0x08006f0f   Thumb Code    18  stm32f10x_tim.o(.text)
    TIM_SetCounter                           0x08006f21   Thumb Code     4  stm32f10x_tim.o(.text)
    TIM_SetAutoreload                        0x08006f25   Thumb Code     4  stm32f10x_tim.o(.text)
    TIM_SetCompare1                          0x08006f29   Thumb Code     4  stm32f10x_tim.o(.text)
    TIM_SetCompare2                          0x08006f2d   Thumb Code     4  stm32f10x_tim.o(.text)
    TIM_SetCompare3                          0x08006f31   Thumb Code     4  stm32f10x_tim.o(.text)
    TIM_SetCompare4                          0x08006f35   Thumb Code     6  stm32f10x_tim.o(.text)
    TIM_SetClockDivision                     0x08006f3b   Thumb Code    18  stm32f10x_tim.o(.text)
    TIM_GetCapture1                          0x08006f4d   Thumb Code     6  stm32f10x_tim.o(.text)
    TIM_GetCapture2                          0x08006f53   Thumb Code     6  stm32f10x_tim.o(.text)
    TIM_GetCapture3                          0x08006f59   Thumb Code     6  stm32f10x_tim.o(.text)
    TIM_GetCapture4                          0x08006f5f   Thumb Code     8  stm32f10x_tim.o(.text)
    TIM_GetCounter                           0x08006f67   Thumb Code     6  stm32f10x_tim.o(.text)
    TIM_GetPrescaler                         0x08006f6d   Thumb Code     6  stm32f10x_tim.o(.text)
    TIM_GetFlagStatus                        0x08006f73   Thumb Code    18  stm32f10x_tim.o(.text)
    TIM_ClearFlag                            0x08006f85   Thumb Code     6  stm32f10x_tim.o(.text)
    TIM_GetITStatus                          0x08006f8b   Thumb Code    34  stm32f10x_tim.o(.text)
    TIM_ClearITPendingBit                    0x08006fad   Thumb Code     6  stm32f10x_tim.o(.text)
    USART_DeInit                             0x08006fb5   Thumb Code   134  stm32f10x_usart.o(.text)
    USART_Init                               0x0800703b   Thumb Code   210  stm32f10x_usart.o(.text)
    USART_StructInit                         0x0800710d   Thumb Code    24  stm32f10x_usart.o(.text)
    USART_ClockInit                          0x08007125   Thumb Code    34  stm32f10x_usart.o(.text)
    USART_ClockStructInit                    0x08007147   Thumb Code    12  stm32f10x_usart.o(.text)
    USART_Cmd                                0x08007153   Thumb Code    24  stm32f10x_usart.o(.text)
    USART_ITConfig                           0x0800716b   Thumb Code    74  stm32f10x_usart.o(.text)
    USART_DMACmd                             0x080071b5   Thumb Code    18  stm32f10x_usart.o(.text)
    USART_SetAddress                         0x080071c7   Thumb Code    18  stm32f10x_usart.o(.text)
    USART_WakeUpConfig                       0x080071d9   Thumb Code    18  stm32f10x_usart.o(.text)
    USART_ReceiverWakeUpCmd                  0x080071eb   Thumb Code    24  stm32f10x_usart.o(.text)
    USART_LINBreakDetectLengthConfig         0x08007203   Thumb Code    18  stm32f10x_usart.o(.text)
    USART_LINCmd                             0x08007215   Thumb Code    24  stm32f10x_usart.o(.text)
    USART_SendData                           0x0800722d   Thumb Code     8  stm32f10x_usart.o(.text)
    USART_ReceiveData                        0x08007235   Thumb Code    10  stm32f10x_usart.o(.text)
    USART_SendBreak                          0x0800723f   Thumb Code    10  stm32f10x_usart.o(.text)
    USART_SetGuardTime                       0x08007249   Thumb Code    16  stm32f10x_usart.o(.text)
    USART_SetPrescaler                       0x08007259   Thumb Code    16  stm32f10x_usart.o(.text)
    USART_SmartCardCmd                       0x08007269   Thumb Code    24  stm32f10x_usart.o(.text)
    USART_SmartCardNACKCmd                   0x08007281   Thumb Code    24  stm32f10x_usart.o(.text)
    USART_HalfDuplexCmd                      0x08007299   Thumb Code    24  stm32f10x_usart.o(.text)
    USART_OverSampling8Cmd                   0x080072b1   Thumb Code    22  stm32f10x_usart.o(.text)
    USART_OneBitMethodCmd                    0x080072c7   Thumb Code    24  stm32f10x_usart.o(.text)
    USART_IrDAConfig                         0x080072df   Thumb Code    18  stm32f10x_usart.o(.text)
    USART_IrDACmd                            0x080072f1   Thumb Code    24  stm32f10x_usart.o(.text)
    USART_GetFlagStatus                      0x08007309   Thumb Code    26  stm32f10x_usart.o(.text)
    USART_ClearFlag                          0x08007323   Thumb Code    18  stm32f10x_usart.o(.text)
    USART_GetITStatus                        0x08007335   Thumb Code    84  stm32f10x_usart.o(.text)
    USART_ClearITPendingBit                  0x08007389   Thumb Code    52  stm32f10x_usart.o(.text)
    EXTI_DeInit                              0x080073bd   Thumb Code    28  stm32f10x_exti.o(.text)
    EXTI_Init                                0x080073d9   Thumb Code   142  stm32f10x_exti.o(.text)
    EXTI_StructInit                          0x08007467   Thumb Code    16  stm32f10x_exti.o(.text)
    EXTI_GenerateSWInterrupt                 0x08007477   Thumb Code    16  stm32f10x_exti.o(.text)
    EXTI_GetFlagStatus                       0x08007487   Thumb Code    22  stm32f10x_exti.o(.text)
    EXTI_ClearFlag                           0x0800749d   Thumb Code     8  stm32f10x_exti.o(.text)
    EXTI_GetITStatus                         0x080074a5   Thumb Code    34  stm32f10x_exti.o(.text)
    EXTI_ClearITPendingBit                   0x080074c7   Thumb Code     8  stm32f10x_exti.o(.text)
    init_Odom_Variables                      0x080074d9   Thumb Code    70  odom.o(.text)
    update_LocationVector                    0x0800751f   Thumb Code   180  odom.o(.text)
    update_Yaw                               0x080075d3   Thumb Code   118  odom.o(.text)
    update_Vel_LR                            0x08007649   Thumb Code   300  odom.o(.text)
    update_Dst_LR                            0x08007775   Thumb Code   186  odom.o(.text)
    update_IMU_Data                          0x0800782f   Thumb Code   420  odom.o(.text)
    update_Odom_IMU                          0x080079d3   Thumb Code   136  odom.o(.text)
    AGV_PIDCtrlInit                          0x08007aad   Thumb Code   172  agv_control.o(.text)
    AGV_YawCtrl                              0x08007b59   Thumb Code   262  agv_control.o(.text)
    AGV_VelCtrl                              0x08007c5f   Thumb Code   100  agv_control.o(.text)
    AGV_Pos_Vel_Ctrl_Straight                0x08007cc3   Thumb Code    40  agv_control.o(.text)
    AGV_Pos_Vel_Ctrl_Complex                 0x08007ceb   Thumb Code   368  agv_control.o(.text)
    AGV_Tracking_Simple_Spin                 0x08007e5b   Thumb Code   174  agv_control.o(.text)
    AGV_Tracking_Angle_Dst_Ctrl              0x08007f09   Thumb Code   338  agv_control.o(.text)
    AGV_Tracking_Dst_Precise_Control         0x0800805b   Thumb Code   398  agv_control.o(.text)
    AGV_360_YawCtrl                          0x08008219   Thumb Code   218  find.o(.text)
    AGV_SetMotorOut                          0x080082f3   Thumb Code   194  find.o(.text)
    init_PIDObject                           0x080083d1   Thumb Code    48  pid.o(.text)
    limit_Data                               0x08008401   Thumb Code    50  pid.o(.text)
    calc_Pid                                 0x08008433   Thumb Code   128  pid.o(.text)
    calc_Incremental_PI                      0x080084b3   Thumb Code    76  pid.o(.text)
    __use_no_semihosting                     0x080084ff   Thumb Code     2  use_no_semi_2.o(.text)
    __aeabi_ldivmod                          0x08008501   Thumb Code     0  llsdiv.o(.text)
    _ll_sdiv                                 0x08008501   Thumb Code    72  llsdiv.o(.text)
    __2printf                                0x08008549   Thumb Code    20  noretval__2printf.o(.text)
    __2sprintf                               0x08008561   Thumb Code    34  noretval__2sprintf.o(.text)
    _printf_pre_padding                      0x08008589   Thumb Code    44  _printf_pad.o(.text)
    _printf_post_padding                     0x080085b5   Thumb Code    34  _printf_pad.o(.text)
    _printf_int_dec                          0x080085d9   Thumb Code   104  _printf_dec.o(.text)
    _printf_int_hex                          0x08008651   Thumb Code    84  _printf_hex_int.o(.text)
    _printf_longlong_hex                     0x08008651   Thumb Code     0  _printf_hex_int.o(.text)
    __printf                                 0x080086a9   Thumb Code   308  __printf_flags_wp.o(.text)
    memcmp                                   0x080087e1   Thumb Code    88  memcmp.o(.text)
    __aeabi_memset                           0x08008839   Thumb Code    16  aeabi_memset.o(.text)
    __aeabi_memclr                           0x08008849   Thumb Code     0  rt_memclr.o(.text)
    __rt_memclr                              0x08008849   Thumb Code    68  rt_memclr.o(.text)
    _memset                                  0x0800884d   Thumb Code     0  rt_memclr.o(.text)
    __aeabi_memclr4                          0x0800888d   Thumb Code     0  rt_memclr_w.o(.text)
    __aeabi_memclr8                          0x0800888d   Thumb Code     0  rt_memclr_w.o(.text)
    __rt_memclr_w                            0x0800888d   Thumb Code    78  rt_memclr_w.o(.text)
    _memset_w                                0x08008891   Thumb Code     0  rt_memclr_w.o(.text)
    __use_two_region_memory                  0x080088db   Thumb Code     2  heapauxi.o(.text)
    __rt_heap_escrow$2region                 0x080088dd   Thumb Code     2  heapauxi.o(.text)
    __rt_heap_expand$2region                 0x080088df   Thumb Code     2  heapauxi.o(.text)
    __I$use$semihosting                      0x080088e1   Thumb Code     0  use_no_semi.o(.text)
    __use_no_semihosting_swi                 0x080088e1   Thumb Code     2  use_no_semi.o(.text)
    __aeabi_uldivmod                         0x080088e3   Thumb Code     0  lludivv7m.o(.text)
    _ll_udiv                                 0x080088e3   Thumb Code   238  lludivv7m.o(.text)
    __read_errno                             0x080089d1   Thumb Code    10  _rserrno.o(.text)
    __set_errno                              0x080089db   Thumb Code    12  _rserrno.o(.text)
    _printf_int_common                       0x080089e7   Thumb Code   178  _printf_intcommon.o(.text)
    __lib_sel_fp_printf                      0x08008a99   Thumb Code     2  _printf_fp_dec.o(.text)
    _printf_fp_dec_real                      0x08008c47   Thumb Code   620  _printf_fp_dec.o(.text)
    _printf_char_common                      0x08008ebf   Thumb Code    32  _printf_char_common.o(.text)
    _sputc                                   0x08008ee5   Thumb Code    10  _sputc.o(.text)
    _printf_char_file                        0x08008ef1   Thumb Code    32  _printf_char_file.o(.text)
    __strtod_int                             0x08008f51   Thumb Code    88  strtod.o(.text)
    __rt_locale                              0x08008fb5   Thumb Code     8  rt_locale_intlibspace.o(.text)
    __aeabi_errno_addr                       0x08008fbd   Thumb Code     8  rt_errno_addr_intlibspace.o(.text)
    __errno$intlibspace                      0x08008fbd   Thumb Code     0  rt_errno_addr_intlibspace.o(.text)
    __rt_errno_addr$intlibspace              0x08008fbd   Thumb Code     0  rt_errno_addr_intlibspace.o(.text)
    _ll_udiv10                               0x08008fc5   Thumb Code   138  lludiv10.o(.text)
    isspace                                  0x0800904f   Thumb Code    18  isspace.o(.text)
    _printf_fp_infnan                        0x08009061   Thumb Code   112  _printf_fp_infnan.o(.text)
    _sgetc                                   0x080090e1   Thumb Code    30  _sgetc.o(.text)
    _sbackspace                              0x080090ff   Thumb Code    34  _sgetc.o(.text)
    _btod_etento                             0x08009121   Thumb Code   216  bigflt0.o(.text)
    ferror                                   0x080091fd   Thumb Code     8  ferror.o(.text)
    __user_libspace                          0x08009205   Thumb Code     8  libspace.o(.text)
    __user_perproc_libspace                  0x08009205   Thumb Code     0  libspace.o(.text)
    __user_perthread_libspace                0x08009205   Thumb Code     0  libspace.o(.text)
    __user_setup_stackheap                   0x0800920d   Thumb Code    74  sys_stackheap_outer.o(.text)
    __rt_ctype_table                         0x08009259   Thumb Code    16  rt_ctype_table.o(.text)
    _scanf_really_real                       0x08009465   Thumb Code   668  scanf_fp.o(.text)
    exit                                     0x0800970d   Thumb Code    12  exit.o(.text)
    strcmp                                   0x08009719   Thumb Code   128  strcmpv7m.o(.text)
    _scanf_really_hex_real                   0x08009799   Thumb Code   778  scanf_hexfp.o(.text)
    _scanf_really_infnan                     0x08009ab1   Thumb Code   292  scanf_infnan.o(.text)
    __aeabi_llsl                             0x08009be5   Thumb Code     0  llshl.o(.text)
    _ll_shift_l                              0x08009be5   Thumb Code    38  llshl.o(.text)
    _chval                                   0x08009c0b   Thumb Code    28  _chval.o(.text)
    _btod_d2e                                0x08009c27   Thumb Code    62  btod.o(CL$$btod_d2e)
    _d2e_denorm_low                          0x08009c65   Thumb Code    70  btod.o(CL$$btod_d2e_denorm_low)
    _d2e_norm_op1                            0x08009cab   Thumb Code    96  btod.o(CL$$btod_d2e_norm_op1)
    __btod_div_common                        0x08009d0b   Thumb Code   696  btod.o(CL$$btod_div_common)
    _e2d                                     0x0800a045   Thumb Code    80  btod.o(CL$$btod_e2d)
    _e2e                                     0x0800a099   Thumb Code   198  btod.o(CL$$btod_e2e)
    _btod_ediv                               0x0800a15f   Thumb Code    40  btod.o(CL$$btod_ediv)
    _btod_edivd                              0x0800a187   Thumb Code    40  btod.o(CL$$btod_edivd)
    _btod_emul                               0x0800a1af   Thumb Code    40  btod.o(CL$$btod_emul)
    _btod_emuld                              0x0800a1d7   Thumb Code    40  btod.o(CL$$btod_emuld)
    __btod_mult_common                       0x0800a1ff   Thumb Code   580  btod.o(CL$$btod_mult_common)
    __ARM_fpclassify                         0x0800a443   Thumb Code    40  fpclassify.o(i.__ARM_fpclassify)
    __ieee754_rem_pio2                       0x0800a46d   Thumb Code   828  rred.o(i.__ieee754_rem_pio2)
    __kernel_cos                             0x0800a7f5   Thumb Code   230  cos_i.o(i.__kernel_cos)
    __kernel_poly                            0x0800a8f1   Thumb Code   170  poly.o(i.__kernel_poly)
    __kernel_sin                             0x0800a99d   Thumb Code   224  sin_i.o(i.__kernel_sin)
    __mathlib_dbl_infnan                     0x0800aa89   Thumb Code     6  dunder.o(i.__mathlib_dbl_infnan)
    __mathlib_dbl_infnan2                    0x0800aa8f   Thumb Code     4  dunder.o(i.__mathlib_dbl_infnan2)
    __mathlib_dbl_invalid                    0x0800aa93   Thumb Code    12  dunder.o(i.__mathlib_dbl_invalid)
    __mathlib_dbl_overflow                   0x0800aa9f   Thumb Code    14  dunder.o(i.__mathlib_dbl_overflow)
    __mathlib_dbl_underflow                  0x0800aaad   Thumb Code    10  dunder.o(i.__mathlib_dbl_underflow)
    __mathlib_narrow                         0x0800aabd   Thumb Code    16  narrow.o(i.__mathlib_narrow)
    __mathlib_tofloat                        0x0800aacd   Thumb Code   132  narrow.o(i.__mathlib_tofloat)
    __support_ldexp                          0x0800ab55   Thumb Code    22  ldexp.o(i.__support_ldexp)
    _is_digit                                0x0800ab6b   Thumb Code    14  __printf_wp.o(i._is_digit)
    asin                                     0x0800ab79   Thumb Code   572  asin.o(i.asin)
    atan                                     0x0800ade9   Thumb Code   474  atan.o(i.atan)
    atan2                                    0x0800b009   Thumb Code   346  atan2.o(i.atan2)
    atof                                     0x0800b189   Thumb Code    42  atof.o(i.atof)
    cos                                      0x0800b1b5   Thumb Code   148  cos.o(i.cos)
    frexp                                    0x0800b251   Thumb Code    80  frexp.o(i.frexp)
    ldexp                                    0x0800b2a9   Thumb Code   116  ldexp.o(i.ldexp)
    sin                                      0x0800b31d   Thumb Code   150  sin.o(i.sin)
    sqrt                                     0x0800b3bd   Thumb Code    76  sqrt.o(i.sqrt)
    _get_lc_numeric                          0x0800b409   Thumb Code    44  lc_numeric_c.o(locale$$code)
    _get_lc_ctype                            0x0800b435   Thumb Code    44  lc_ctype_c.o(locale$$code)
    __aeabi_d2f                              0x0800b461   Thumb Code     0  d2f.o(x$fpl$d2f)
    _d2f                                     0x0800b461   Thumb Code    98  d2f.o(x$fpl$d2f)
    __aeabi_dadd                             0x0800b4c5   Thumb Code     0  daddsub_clz.o(x$fpl$dadd)
    _dadd                                    0x0800b4c5   Thumb Code   332  daddsub_clz.o(x$fpl$dadd)
    __fpl_dcheck_NaN1                        0x0800b615   Thumb Code    10  dcheck1.o(x$fpl$dcheck1)
    __fpl_dcmp_Inf                           0x0800b625   Thumb Code    24  dcmpi.o(x$fpl$dcmpinf)
    __aeabi_ddiv                             0x0800b63d   Thumb Code     0  ddiv.o(x$fpl$ddiv)
    _ddiv                                    0x0800b63d   Thumb Code   552  ddiv.o(x$fpl$ddiv)
    __aeabi_cdcmpeq                          0x0800b8ed   Thumb Code     0  deqf.o(x$fpl$deqf)
    _dcmpeq                                  0x0800b8ed   Thumb Code   120  deqf.o(x$fpl$deqf)
    __aeabi_d2iz                             0x0800b965   Thumb Code     0  dfix.o(x$fpl$dfix)
    _dfix                                    0x0800b965   Thumb Code    94  dfix.o(x$fpl$dfix)
    __aeabi_d2uiz                            0x0800b9c5   Thumb Code     0  dfixu.o(x$fpl$dfixu)
    _dfixu                                   0x0800b9c5   Thumb Code    90  dfixu.o(x$fpl$dfixu)
    __aeabi_i2d                              0x0800ba1f   Thumb Code     0  dflt_clz.o(x$fpl$dflt)
    _dflt                                    0x0800ba1f   Thumb Code    46  dflt_clz.o(x$fpl$dflt)
    __aeabi_ui2d                             0x0800ba4d   Thumb Code     0  dflt_clz.o(x$fpl$dfltu)
    _dfltu                                   0x0800ba4d   Thumb Code    38  dflt_clz.o(x$fpl$dfltu)
    __aeabi_cdcmple                          0x0800ba75   Thumb Code     0  dleqf.o(x$fpl$dleqf)
    _dcmple                                  0x0800ba75   Thumb Code   120  dleqf.o(x$fpl$dleqf)
    __fpl_dcmple_InfNaN                      0x0800bad7   Thumb Code     0  dleqf.o(x$fpl$dleqf)
    __aeabi_dmul                             0x0800baed   Thumb Code     0  dmul.o(x$fpl$dmul)
    _dmul                                    0x0800baed   Thumb Code   332  dmul.o(x$fpl$dmul)
    __fpl_dnaninf                            0x0800bc41   Thumb Code   156  dnaninf.o(x$fpl$dnaninf)
    __fpl_dretinf                            0x0800bcdd   Thumb Code    12  dretinf.o(x$fpl$dretinf)
    __aeabi_cdrcmple                         0x0800bce9   Thumb Code     0  drleqf.o(x$fpl$drleqf)
    _drcmple                                 0x0800bce9   Thumb Code   108  drleqf.o(x$fpl$drleqf)
    __aeabi_drsub                            0x0800bd55   Thumb Code     0  daddsub_clz.o(x$fpl$drsb)
    _drsb                                    0x0800bd55   Thumb Code    22  daddsub_clz.o(x$fpl$drsb)
    _dsqrt                                   0x0800bd6d   Thumb Code   456  dsqrt_noumaal.o(x$fpl$dsqrt)
    __aeabi_dsub                             0x0800bf39   Thumb Code     0  daddsub_clz.o(x$fpl$dsub)
    _dsub                                    0x0800bf39   Thumb Code   464  daddsub_clz.o(x$fpl$dsub)
    __aeabi_f2d                              0x0800c10d   Thumb Code     0  f2d.o(x$fpl$f2d)
    _f2d                                     0x0800c10d   Thumb Code    86  f2d.o(x$fpl$f2d)
    __aeabi_fadd                             0x0800c165   Thumb Code     0  faddsub_clz.o(x$fpl$fadd)
    _fadd                                    0x0800c165   Thumb Code   196  faddsub_clz.o(x$fpl$fadd)
    __fpl_fcmp_Inf                           0x0800c229   Thumb Code    24  fcmpi.o(x$fpl$fcmpinf)
    __aeabi_fdiv                             0x0800c241   Thumb Code     0  fdiv.o(x$fpl$fdiv)
    _fdiv                                    0x0800c241   Thumb Code   384  fdiv.o(x$fpl$fdiv)
    __aeabi_cfcmpeq                          0x0800c3c5   Thumb Code     0  feqf.o(x$fpl$feqf)
    _fcmpeq                                  0x0800c3c5   Thumb Code   104  feqf.o(x$fpl$feqf)
    __aeabi_f2iz                             0x0800c42d   Thumb Code     0  ffix.o(x$fpl$ffix)
    _ffix                                    0x0800c42d   Thumb Code    54  ffix.o(x$fpl$ffix)
    __aeabi_f2uiz                            0x0800c465   Thumb Code     0  ffixu.o(x$fpl$ffixu)
    _ffixu                                   0x0800c465   Thumb Code    62  ffixu.o(x$fpl$ffixu)
    __aeabi_i2f                              0x0800c4a5   Thumb Code     0  fflt_clz.o(x$fpl$fflt)
    _fflt                                    0x0800c4a5   Thumb Code    48  fflt_clz.o(x$fpl$fflt)
    __aeabi_ui2f                             0x0800c4d5   Thumb Code     0  fflt_clz.o(x$fpl$ffltu)
    _ffltu                                   0x0800c4d5   Thumb Code    38  fflt_clz.o(x$fpl$ffltu)
    __aeabi_cfcmple                          0x0800c4fd   Thumb Code     0  fleqf.o(x$fpl$fleqf)
    _fcmple                                  0x0800c4fd   Thumb Code   104  fleqf.o(x$fpl$fleqf)
    __fpl_fcmple_InfNaN                      0x0800c54f   Thumb Code     0  fleqf.o(x$fpl$fleqf)
    __aeabi_fmul                             0x0800c565   Thumb Code     0  fmul.o(x$fpl$fmul)
    _fmul                                    0x0800c565   Thumb Code   258  fmul.o(x$fpl$fmul)
    __fpl_fnaninf                            0x0800c667   Thumb Code   140  fnaninf.o(x$fpl$fnaninf)
    __fpl_fretinf                            0x0800c6f3   Thumb Code    10  fretinf.o(x$fpl$fretinf)
    __aeabi_cfrcmple                         0x0800c6fd   Thumb Code     0  frleqf.o(x$fpl$frleqf)
    _frcmple                                 0x0800c6fd   Thumb Code    98  frleqf.o(x$fpl$frleqf)
    __aeabi_fsub                             0x0800c761   Thumb Code     0  faddsub_clz.o(x$fpl$fsub)
    _fsub                                    0x0800c761   Thumb Code   234  faddsub_clz.o(x$fpl$fsub)
    _printf_fp_dec                           0x0800c84b   Thumb Code     4  printf1.o(x$fpl$printf1)
    __fpl_return_NaN                         0x0800c84f   Thumb Code   100  retnan.o(x$fpl$retnan)
    __ARM_scalbn                             0x0800c8b3   Thumb Code    92  scalbn.o(x$fpl$scalbn)
    _scanf_real                              0x0800c90f   Thumb Code     4  scanf1.o(x$fpl$scanf1)
    _scanf_hex_real                          0x0800c913   Thumb Code     4  scanf2.o(x$fpl$scanf2)
    _scanf_infnan                            0x0800c917   Thumb Code     4  scanf2.o(x$fpl$scanf2)
    __fpl_cmpreturn                          0x0800c91b   Thumb Code    48  trapv.o(x$fpl$trapveneer)
    __I$use$fp                               0x0800c94a   Number         0  usenofp.o(x$fpl$usenofp)
    reg                                      0x0800c94c   Data          27  inv_mpu.o(.constdata)
    hw                                       0x0800c968   Data          12  inv_mpu.o(.constdata)
    test                                     0x0800c974   Data          40  inv_mpu.o(.constdata)
    F6x8                                     0x0800d592   Data         552  oled.o(.constdata)
    F14x16_Idx                               0x0800d7ba   Data          49  oled.o(.constdata)
    F14x16                                   0x0800d7eb   Data         672  oled.o(.constdata)
    F8X16                                    0x0800da8b   Data        1520  oled.o(.constdata)
    LOGO128x64                               0x0800e07b   Data        1024  oled.o(.constdata)
    __mathlib_zero                           0x0800e5d0   Data           8  qnan.o(.constdata)
    Region$$Table$$Base                      0x0800e7ac   Number         0  anon$$obj.o(Region$$Table)
    Region$$Table$$Limit                     0x0800e7cc   Number         0  anon$$obj.o(Region$$Table)
    __aeabi_HUGE_VAL                         0x0800e7cc   Data           0  fpconst.o(c$$dinf)
    __aeabi_HUGE_VALL                        0x0800e7cc   Data           0  fpconst.o(c$$dinf)
    __aeabi_INFINITY                         0x0800e7cc   Data           0  fpconst.o(c$$dinf)
    __dInf                                   0x0800e7cc   Data           0  fpconst.o(c$$dinf)
    __huge_val                               0x0800e7cc   Data           0  fpconst.o(c$$dinf)
    __ctype                                  0x0800e7fd   Data           0  lc_ctype_c.o(locale$$data)
    encoder_left                             0x20000000   Data           4  main.o(.data)
    encoder_right                            0x20000004   Data           4  main.o(.data)
    ang                                      0x20000008   Data           4  main.o(.data)
    dst                                      0x2000000c   Data           4  main.o(.data)
    ang_break_ref                            0x20000010   Data           4  main.o(.data)
    dst_break_ref                            0x20000014   Data           4  main.o(.data)
    Flag_Left                                0x20000018   Data           4  main.o(.data)
    Flag_Right                               0x2000001c   Data           4  main.o(.data)
    servo_i                                  0x20000020   Data           4  main.o(.data)
    light_off_count                          0x20000024   Data           4  main.o(.data)
    SystemCoreClock                          0x20000028   Data           4  system_stm32f10x.o(.data)
    AHBPrescTable                            0x2000002c   Data          16  system_stm32f10x.o(.data)
    mission_stat                             0x20000074   Data           1  stm32f10x_it.o(.data)
    light_off_count_start                    0x20000075   Data           1  stm32f10x_it.o(.data)
    heartbeat                                0x20000078   Data           4  stm32f10x_it.o(.data)
    flag_break_ref                           0x2000007c   Data           4  stm32f10x_it.o(.data)
    speed_cut                                0x20000080   Data           4  stm32f10x_it.o(.data)
    __stdout                                 0x20000088   Data           4  usart.o(.data)
    USART_RX_STA                             0x2000008c   Data           2  usart.o(.data)
    dst_l                                    0x200000a4   Data           4  odom.o(.data)
    dst_r                                    0x200000a8   Data           4  odom.o(.data)
    dst_agv                                  0x200000ac   Data           4  odom.o(.data)
    dst_agv_last                             0x200000b0   Data           4  odom.o(.data)
    vel_l                                    0x200000b4   Data           4  odom.o(.data)
    vel_r                                    0x200000b8   Data           4  odom.o(.data)
    vel_l_last                               0x200000bc   Data           4  odom.o(.data)
    vel_r_last                               0x200000c0   Data           4  odom.o(.data)
    vel_agv                                  0x200000c4   Data           4  odom.o(.data)
    vel_agv_last                             0x200000c8   Data           4  odom.o(.data)
    pitch                                    0x200000cc   Data           4  odom.o(.data)
    roll                                     0x200000d0   Data           4  odom.o(.data)
    yaw                                      0x200000d4   Data           4  odom.o(.data)
    acc_x                                    0x200000d8   Data           4  odom.o(.data)
    acc_y                                    0x200000dc   Data           4  odom.o(.data)
    acc_z                                    0x200000e0   Data           4  odom.o(.data)
    gyro_x                                   0x200000e4   Data           4  odom.o(.data)
    gyro_y                                   0x200000e8   Data           4  odom.o(.data)
    gyro_z                                   0x200000ec   Data           4  odom.o(.data)
    yaw_encoder                              0x200000f0   Data           4  odom.o(.data)
    yaw_filtered                             0x200000f4   Data           4  odom.o(.data)
    dt_sample_ms                             0x200000f8   Data           4  odom.o(.data)
    is_imu_set                               0x200000fc   Data           1  odom.o(.data)
    USART_RX_BUF                             0x2000011c   Data         200  usart.o(.bss)
    pos_current                              0x200001e4   Data          12  odom.o(.bss)
    pos_last                                 0x200001f0   Data          12  odom.o(.bss)
    yaw_pid                                  0x200001fc   Data          60  agv_control.o(.bss)
    yaw_assist_pid                           0x20000238   Data          60  agv_control.o(.bss)
    pos_pid                                  0x20000274   Data          60  agv_control.o(.bss)
    vel_pid_l                                0x200002b0   Data          60  agv_control.o(.bss)
    vel_pid_r                                0x200002ec   Data          60  agv_control.o(.bss)
    __libspace_start                         0x20000328   Data          96  libspace.o(.bss)
    __temporary_stack_top$libspace           0x20000388   Data           0  libspace.o(.bss)



==============================================================================

Memory Map of the image

  Image Entry point : 0x08000131

  Load Region LR_IROM1 (Base: 0x08000000, Size: 0x0000ea0c, Max: 0x00080000, ABSOLUTE)

    Execution Region ER_IROM1 (Base: 0x08000000, Size: 0x0000e900, Max: 0x00080000, ABSOLUTE)

    Base Addr    Size         Type   Attr      Idx    E Section Name        Object

    0x08000000   0x00000130   Data   RO          529    RESET               startup_stm32f10x_hd.o
    0x08000130   0x00000008   Code   RO          767  * !!!main             c_w.l(__main.o)
    0x08000138   0x00000034   Code   RO         1234    !!!scatter          c_w.l(__scatter.o)
    0x0800016c   0x0000001a   Code   RO         1236    !!handler_copy      c_w.l(__scatter_copy.o)
    0x08000186   0x00000002   PAD
    0x08000188   0x0000001c   Code   RO         1238    !!handler_zi        c_w.l(__scatter_zi.o)
    0x080001a4   0x00000000   Code   RO          756    .ARM.Collect$$_printf_percent$$00000000  c_w.l(_printf_percent.o)
    0x080001a4   0x00000006   Code   RO          755    .ARM.Collect$$_printf_percent$$00000003  c_w.l(_printf_f.o)
    0x080001aa   0x00000006   Code   RO          754    .ARM.Collect$$_printf_percent$$00000009  c_w.l(_printf_d.o)
    0x080001b0   0x00000006   Code   RO          753    .ARM.Collect$$_printf_percent$$0000000C  c_w.l(_printf_x.o)
    0x080001b6   0x00000004   Code   RO          900    .ARM.Collect$$_printf_percent$$00000017  c_w.l(_printf_percent_end.o)
    0x080001ba   0x00000002   Code   RO         1060    .ARM.Collect$$libinit$$00000000  c_w.l(libinit.o)
    0x080001bc   0x00000000   Code   RO         1062    .ARM.Collect$$libinit$$00000002  c_w.l(libinit2.o)
    0x080001bc   0x00000000   Code   RO         1064    .ARM.Collect$$libinit$$00000004  c_w.l(libinit2.o)
    0x080001bc   0x00000000   Code   RO         1067    .ARM.Collect$$libinit$$0000000A  c_w.l(libinit2.o)
    0x080001bc   0x00000000   Code   RO         1069    .ARM.Collect$$libinit$$0000000C  c_w.l(libinit2.o)
    0x080001bc   0x00000000   Code   RO         1071    .ARM.Collect$$libinit$$0000000E  c_w.l(libinit2.o)
    0x080001bc   0x00000006   Code   RO         1072    .ARM.Collect$$libinit$$0000000F  c_w.l(libinit2.o)
    0x080001c2   0x00000000   Code   RO         1074    .ARM.Collect$$libinit$$00000011  c_w.l(libinit2.o)
    0x080001c2   0x0000000c   Code   RO         1075    .ARM.Collect$$libinit$$00000012  c_w.l(libinit2.o)
    0x080001ce   0x00000000   Code   RO         1076    .ARM.Collect$$libinit$$00000013  c_w.l(libinit2.o)
    0x080001ce   0x00000000   Code   RO         1078    .ARM.Collect$$libinit$$00000015  c_w.l(libinit2.o)
    0x080001ce   0x0000000a   Code   RO         1079    .ARM.Collect$$libinit$$00000016  c_w.l(libinit2.o)
    0x080001d8   0x00000000   Code   RO         1080    .ARM.Collect$$libinit$$00000017  c_w.l(libinit2.o)
    0x080001d8   0x00000000   Code   RO         1082    .ARM.Collect$$libinit$$00000019  c_w.l(libinit2.o)
    0x080001d8   0x00000000   Code   RO         1084    .ARM.Collect$$libinit$$0000001B  c_w.l(libinit2.o)
    0x080001d8   0x00000000   Code   RO         1086    .ARM.Collect$$libinit$$0000001D  c_w.l(libinit2.o)
    0x080001d8   0x00000000   Code   RO         1088    .ARM.Collect$$libinit$$0000001F  c_w.l(libinit2.o)
    0x080001d8   0x00000000   Code   RO         1090    .ARM.Collect$$libinit$$00000021  c_w.l(libinit2.o)
    0x080001d8   0x00000000   Code   RO         1092    .ARM.Collect$$libinit$$00000023  c_w.l(libinit2.o)
    0x080001d8   0x00000000   Code   RO         1094    .ARM.Collect$$libinit$$00000025  c_w.l(libinit2.o)
    0x080001d8   0x00000000   Code   RO         1098    .ARM.Collect$$libinit$$0000002C  c_w.l(libinit2.o)
    0x080001d8   0x00000000   Code   RO         1100    .ARM.Collect$$libinit$$0000002E  c_w.l(libinit2.o)
    0x080001d8   0x00000000   Code   RO         1102    .ARM.Collect$$libinit$$00000030  c_w.l(libinit2.o)
    0x080001d8   0x00000000   Code   RO         1104    .ARM.Collect$$libinit$$00000032  c_w.l(libinit2.o)
    0x080001d8   0x00000002   Code   RO         1105    .ARM.Collect$$libinit$$00000033  c_w.l(libinit2.o)
    0x080001da   0x00000002   Code   RO         1183    .ARM.Collect$$libshutdown$$00000000  c_w.l(libshutdown.o)
    0x080001dc   0x00000000   Code   RO         1205    .ARM.Collect$$libshutdown$$00000003  c_w.l(libshutdown2.o)
    0x080001dc   0x00000000   Code   RO         1208    .ARM.Collect$$libshutdown$$00000006  c_w.l(libshutdown2.o)
    0x080001dc   0x00000000   Code   RO         1211    .ARM.Collect$$libshutdown$$00000009  c_w.l(libshutdown2.o)
    0x080001dc   0x00000000   Code   RO         1213    .ARM.Collect$$libshutdown$$0000000B  c_w.l(libshutdown2.o)
    0x080001dc   0x00000000   Code   RO         1216    .ARM.Collect$$libshutdown$$0000000E  c_w.l(libshutdown2.o)
    0x080001dc   0x00000002   Code   RO         1217    .ARM.Collect$$libshutdown$$0000000F  c_w.l(libshutdown2.o)
    0x080001de   0x00000000   Code   RO          885    .ARM.Collect$$rtentry$$00000000  c_w.l(__rtentry.o)
    0x080001de   0x00000000   Code   RO          964    .ARM.Collect$$rtentry$$00000002  c_w.l(__rtentry2.o)
    0x080001de   0x00000006   Code   RO          976    .ARM.Collect$$rtentry$$00000004  c_w.l(__rtentry4.o)
    0x080001e4   0x00000000   Code   RO          966    .ARM.Collect$$rtentry$$00000009  c_w.l(__rtentry2.o)
    0x080001e4   0x00000004   Code   RO          967    .ARM.Collect$$rtentry$$0000000A  c_w.l(__rtentry2.o)
    0x080001e8   0x00000000   Code   RO          969    .ARM.Collect$$rtentry$$0000000C  c_w.l(__rtentry2.o)
    0x080001e8   0x00000008   Code   RO          970    .ARM.Collect$$rtentry$$0000000D  c_w.l(__rtentry2.o)
    0x080001f0   0x00000002   Code   RO         1108    .ARM.Collect$$rtexit$$00000000  c_w.l(rtexit.o)
    0x080001f2   0x00000000   Code   RO         1139    .ARM.Collect$$rtexit$$00000002  c_w.l(rtexit2.o)
    0x080001f2   0x00000004   Code   RO         1140    .ARM.Collect$$rtexit$$00000003  c_w.l(rtexit2.o)
    0x080001f6   0x00000006   Code   RO         1141    .ARM.Collect$$rtexit$$00000004  c_w.l(rtexit2.o)
    0x080001fc   0x0000000c   Code   RO          477    .emb_text           sys.o
    0x08000208   0x000002b0   Code   RO            1    .text               main.o
    0x080004b8   0x000001e0   Code   RO          210    .text               system_stm32f10x.o
    0x08000698   0x0000228c   Code   RO          262    .text               inv_mpu.o
    0x08002924   0x00000544   Code   RO          286    .text               stm32f10x_it.o
    0x08002e68   0x0000004c   Code   RO          313    .text               led.o
    0x08002eb4   0x00000070   Code   RO          325    .text               key.o
    0x08002f24   0x00000058   Code   RO          343    .text               timer.o
    0x08002f7c   0x000003b0   Code   RO          355    .text               mpu6050.o
    0x0800332c   0x0000026c   Code   RO          367    .text               mpuiic.o
    0x08003598   0x00000d70   Code   RO          379    .text               inv_mpu_dmp_motion_driver.o
    0x08004308   0x00000da4   Code   RO          394    .text               oled.o
    0x080050ac   0x000001ec   Code   RO          409    .text               motor.o
    0x08005298   0x00000130   Code   RO          439    .text               servo.o
    0x080053c8   0x00000164   Code   RO          451    .text               encoder.o
    0x0800552c   0x000000d4   Code   RO          463    .text               delay.o
    0x08005600   0x000002bc   Code   RO          478    .text               sys.o
    0x080058bc   0x000000c0   Code   RO          494    .text               usart.o
    0x0800597c   0x00000040   Code   RO          530    .text               startup_stm32f10x_hd.o
    0x080059bc   0x000000dc   Code   RO          534    .text               misc.o
    0x08005a98   0x0000035c   Code   RO          546    .text               stm32f10x_gpio.o
    0x08005df4   0x000003a4   Code   RO          558    .text               stm32f10x_rcc.o
    0x08006198   0x00000e1a   Code   RO          572    .text               stm32f10x_tim.o
    0x08006fb2   0x00000002   PAD
    0x08006fb4   0x00000408   Code   RO          584    .text               stm32f10x_usart.o
    0x080073bc   0x0000011c   Code   RO          596    .text               stm32f10x_exti.o
    0x080074d8   0x000005d4   Code   RO          611    .text               odom.o
    0x08007aac   0x0000076c   Code   RO          630    .text               agv_control.o
    0x08008218   0x000001b8   Code   RO          649    .text               find.o
    0x080083d0   0x0000012e   Code   RO          680    .text               pid.o
    0x080084fe   0x00000002   Code   RO          694    .text               c_w.l(use_no_semi_2.o)
    0x08008500   0x00000048   Code   RO          696    .text               c_w.l(llsdiv.o)
    0x08008548   0x00000018   Code   RO          702    .text               c_w.l(noretval__2printf.o)
    0x08008560   0x00000028   Code   RO          704    .text               c_w.l(noretval__2sprintf.o)
    0x08008588   0x0000004e   Code   RO          708    .text               c_w.l(_printf_pad.o)
    0x080085d6   0x00000002   PAD
    0x080085d8   0x00000078   Code   RO          710    .text               c_w.l(_printf_dec.o)
    0x08008650   0x00000058   Code   RO          715    .text               c_w.l(_printf_hex_int.o)
    0x080086a8   0x00000138   Code   RO          745    .text               c_w.l(__printf_flags_wp.o)
    0x080087e0   0x00000058   Code   RO          757    .text               c_w.l(memcmp.o)
    0x08008838   0x00000010   Code   RO          759    .text               c_w.l(aeabi_memset.o)
    0x08008848   0x00000044   Code   RO          761    .text               c_w.l(rt_memclr.o)
    0x0800888c   0x0000004e   Code   RO          763    .text               c_w.l(rt_memclr_w.o)
    0x080088da   0x00000006   Code   RO          765    .text               c_w.l(heapauxi.o)
    0x080088e0   0x00000002   Code   RO          883    .text               c_w.l(use_no_semi.o)
    0x080088e2   0x000000ee   Code   RO          886    .text               c_w.l(lludivv7m.o)
    0x080089d0   0x00000016   Code   RO          888    .text               c_w.l(_rserrno.o)
    0x080089e6   0x000000b2   Code   RO          890    .text               c_w.l(_printf_intcommon.o)
    0x08008a98   0x0000041a   Code   RO          892    .text               c_w.l(_printf_fp_dec.o)
    0x08008eb2   0x00000002   PAD
    0x08008eb4   0x00000030   Code   RO          894    .text               c_w.l(_printf_char_common.o)
    0x08008ee4   0x0000000a   Code   RO          896    .text               c_w.l(_sputc.o)
    0x08008eee   0x00000002   PAD
    0x08008ef0   0x00000024   Code   RO          898    .text               c_w.l(_printf_char_file.o)
    0x08008f14   0x000000a0   Code   RO          901    .text               c_w.l(strtod.o)
    0x08008fb4   0x00000008   Code   RO          985    .text               c_w.l(rt_locale_intlibspace.o)
    0x08008fbc   0x00000008   Code   RO          990    .text               c_w.l(rt_errno_addr_intlibspace.o)
    0x08008fc4   0x0000008a   Code   RO          992    .text               c_w.l(lludiv10.o)
    0x0800904e   0x00000012   Code   RO          994    .text               c_w.l(isspace.o)
    0x08009060   0x00000080   Code   RO          996    .text               c_w.l(_printf_fp_infnan.o)
    0x080090e0   0x00000040   Code   RO         1000    .text               c_w.l(_sgetc.o)
    0x08009120   0x000000dc   Code   RO         1002    .text               c_w.l(bigflt0.o)
    0x080091fc   0x00000008   Code   RO         1027    .text               c_w.l(ferror.o)
    0x08009204   0x00000008   Code   RO         1040    .text               c_w.l(libspace.o)
    0x0800920c   0x0000004a   Code   RO         1043    .text               c_w.l(sys_stackheap_outer.o)
    0x08009256   0x00000002   PAD
    0x08009258   0x00000010   Code   RO         1045    .text               c_w.l(rt_ctype_table.o)
    0x08009268   0x000004a4   Code   RO         1049    .text               c_w.l(scanf_fp.o)
    0x0800970c   0x0000000c   Code   RO         1051    .text               c_w.l(exit.o)
    0x08009718   0x00000080   Code   RO         1053    .text               c_w.l(strcmpv7m.o)
    0x08009798   0x00000318   Code   RO         1147    .text               c_w.l(scanf_hexfp.o)
    0x08009ab0   0x00000134   Code   RO         1149    .text               c_w.l(scanf_infnan.o)
    0x08009be4   0x00000026   Code   RO         1169    .text               c_w.l(llshl.o)
    0x08009c0a   0x0000001c   Code   RO         1171    .text               c_w.l(_chval.o)
    0x08009c26   0x0000003e   Code   RO         1005    CL$$btod_d2e        c_w.l(btod.o)
    0x08009c64   0x00000046   Code   RO         1007    CL$$btod_d2e_denorm_low  c_w.l(btod.o)
    0x08009caa   0x00000060   Code   RO         1006    CL$$btod_d2e_norm_op1  c_w.l(btod.o)
    0x08009d0a   0x00000338   Code   RO         1015    CL$$btod_div_common  c_w.l(btod.o)
    0x0800a042   0x00000002   PAD
    0x0800a044   0x00000054   Code   RO         1013    CL$$btod_e2d        c_w.l(btod.o)
    0x0800a098   0x000000c6   Code   RO         1012    CL$$btod_e2e        c_w.l(btod.o)
    0x0800a15e   0x00000028   Code   RO         1009    CL$$btod_ediv       c_w.l(btod.o)
    0x0800a186   0x00000028   Code   RO         1011    CL$$btod_edivd      c_w.l(btod.o)
    0x0800a1ae   0x00000028   Code   RO         1008    CL$$btod_emul       c_w.l(btod.o)
    0x0800a1d6   0x00000028   Code   RO         1010    CL$$btod_emuld      c_w.l(btod.o)
    0x0800a1fe   0x00000244   Code   RO         1014    CL$$btod_mult_common  c_w.l(btod.o)
    0x0800a442   0x00000028   Code   RO          947    i.__ARM_fpclassify  m_ws.l(fpclassify.o)
    0x0800a46a   0x00000002   PAD
    0x0800a46c   0x00000388   Code   RO          952    i.__ieee754_rem_pio2  m_ws.l(rred.o)
    0x0800a7f4   0x000000fc   Code   RO          930    i.__kernel_cos      m_ws.l(cos_i.o)
    0x0800a8f0   0x000000aa   Code   RO          949    i.__kernel_poly     m_ws.l(poly.o)
    0x0800a99a   0x00000002   PAD
    0x0800a99c   0x000000ec   Code   RO          957    i.__kernel_sin      m_ws.l(sin_i.o)
    0x0800aa88   0x00000006   Code   RO          934    i.__mathlib_dbl_infnan  m_ws.l(dunder.o)
    0x0800aa8e   0x00000004   Code   RO          935    i.__mathlib_dbl_infnan2  m_ws.l(dunder.o)
    0x0800aa92   0x0000000c   Code   RO          936    i.__mathlib_dbl_invalid  m_ws.l(dunder.o)
    0x0800aa9e   0x0000000e   Code   RO          937    i.__mathlib_dbl_overflow  m_ws.l(dunder.o)
    0x0800aaac   0x00000010   Code   RO          939    i.__mathlib_dbl_underflow  m_ws.l(dunder.o)
    0x0800aabc   0x00000010   Code   RO         1132    i.__mathlib_narrow  m_ws.l(narrow.o)
    0x0800aacc   0x00000088   Code   RO         1133    i.__mathlib_tofloat  m_ws.l(narrow.o)
    0x0800ab54   0x00000016   Code   RO         1185    i.__support_ldexp   m_ws.l(ldexp.o)
    0x0800ab6a   0x0000000e   Code   RO          743    i._is_digit         c_w.l(__printf_wp.o)
    0x0800ab78   0x00000270   Code   RO          838    i.asin              m_ws.l(asin.o)
    0x0800ade8   0x00000220   Code   RO          921    i.atan              m_ws.l(atan.o)
    0x0800b008   0x00000180   Code   RO          848    i.atan2             m_ws.l(atan2.o)
    0x0800b188   0x0000002a   Code   RO          856    i.atof              m_ws.l(atof.o)
    0x0800b1b2   0x00000002   PAD
    0x0800b1b4   0x0000009c   Code   RO          860    i.cos               m_ws.l(cos.o)
    0x0800b250   0x00000058   Code   RO         1162    i.frexp             m_ws.l(frexp.o)
    0x0800b2a8   0x00000074   Code   RO         1186    i.ldexp             m_ws.l(ldexp.o)
    0x0800b31c   0x000000a0   Code   RO          868    i.sin               m_ws.l(sin.o)
    0x0800b3bc   0x0000004c   Code   RO          876    i.sqrt              m_ws.l(sqrt.o)
    0x0800b408   0x0000002c   Code   RO         1032    locale$$code        c_w.l(lc_numeric_c.o)
    0x0800b434   0x0000002c   Code   RO         1111    locale$$code        c_w.l(lc_ctype_c.o)
    0x0800b460   0x00000062   Code   RO          769    x$fpl$d2f           fz_ws.l(d2f.o)
    0x0800b4c2   0x00000002   PAD
    0x0800b4c4   0x00000150   Code   RO          771    x$fpl$dadd          fz_ws.l(daddsub_clz.o)
    0x0800b614   0x00000010   Code   RO         1034    x$fpl$dcheck1       fz_ws.l(dcheck1.o)
    0x0800b624   0x00000018   Code   RO          903    x$fpl$dcmpinf       fz_ws.l(dcmpi.o)
    0x0800b63c   0x000002b0   Code   RO          778    x$fpl$ddiv          fz_ws.l(ddiv.o)
    0x0800b8ec   0x00000078   Code   RO         1159    x$fpl$deqf          fz_ws.l(deqf.o)
    0x0800b964   0x0000005e   Code   RO          781    x$fpl$dfix          fz_ws.l(dfix.o)
    0x0800b9c2   0x00000002   PAD
    0x0800b9c4   0x0000005a   Code   RO          785    x$fpl$dfixu         fz_ws.l(dfixu.o)
    0x0800ba1e   0x0000002e   Code   RO          790    x$fpl$dflt          fz_ws.l(dflt_clz.o)
    0x0800ba4c   0x00000026   Code   RO          789    x$fpl$dfltu         fz_ws.l(dflt_clz.o)
    0x0800ba72   0x00000002   PAD
    0x0800ba74   0x00000078   Code   RO          795    x$fpl$dleqf         fz_ws.l(dleqf.o)
    0x0800baec   0x00000154   Code   RO          797    x$fpl$dmul          fz_ws.l(dmul.o)
    0x0800bc40   0x0000009c   Code   RO          905    x$fpl$dnaninf       fz_ws.l(dnaninf.o)
    0x0800bcdc   0x0000000c   Code   RO          907    x$fpl$dretinf       fz_ws.l(dretinf.o)
    0x0800bce8   0x0000006c   Code   RO          799    x$fpl$drleqf        fz_ws.l(drleqf.o)
    0x0800bd54   0x00000016   Code   RO          772    x$fpl$drsb          fz_ws.l(daddsub_clz.o)
    0x0800bd6a   0x00000002   PAD
    0x0800bd6c   0x000001cc   Code   RO          909    x$fpl$dsqrt         fz_ws.l(dsqrt_noumaal.o)
    0x0800bf38   0x000001d4   Code   RO          773    x$fpl$dsub          fz_ws.l(daddsub_clz.o)
    0x0800c10c   0x00000056   Code   RO          801    x$fpl$f2d           fz_ws.l(f2d.o)
    0x0800c162   0x00000002   PAD
    0x0800c164   0x000000c4   Code   RO          803    x$fpl$fadd          fz_ws.l(faddsub_clz.o)
    0x0800c228   0x00000018   Code   RO          911    x$fpl$fcmpinf       fz_ws.l(fcmpi.o)
    0x0800c240   0x00000184   Code   RO          810    x$fpl$fdiv          fz_ws.l(fdiv.o)
    0x0800c3c4   0x00000068   Code   RO          813    x$fpl$feqf          fz_ws.l(feqf.o)
    0x0800c42c   0x00000036   Code   RO          815    x$fpl$ffix          fz_ws.l(ffix.o)
    0x0800c462   0x00000002   PAD
    0x0800c464   0x0000003e   Code   RO          819    x$fpl$ffixu         fz_ws.l(ffixu.o)
    0x0800c4a2   0x00000002   PAD
    0x0800c4a4   0x00000030   Code   RO          824    x$fpl$fflt          fz_ws.l(fflt_clz.o)
    0x0800c4d4   0x00000026   Code   RO          823    x$fpl$ffltu         fz_ws.l(fflt_clz.o)
    0x0800c4fa   0x00000002   PAD
    0x0800c4fc   0x00000068   Code   RO          829    x$fpl$fleqf         fz_ws.l(fleqf.o)
    0x0800c564   0x00000102   Code   RO          831    x$fpl$fmul          fz_ws.l(fmul.o)
    0x0800c666   0x0000008c   Code   RO          913    x$fpl$fnaninf       fz_ws.l(fnaninf.o)
    0x0800c6f2   0x0000000a   Code   RO          915    x$fpl$fretinf       fz_ws.l(fretinf.o)
    0x0800c6fc   0x00000062   Code   RO          833    x$fpl$frleqf        fz_ws.l(frleqf.o)
    0x0800c75e   0x00000002   PAD
    0x0800c760   0x000000ea   Code   RO          805    x$fpl$fsub          fz_ws.l(faddsub_clz.o)
    0x0800c84a   0x00000004   Code   RO          835    x$fpl$printf1       fz_ws.l(printf1.o)
    0x0800c84e   0x00000064   Code   RO         1106    x$fpl$retnan        fz_ws.l(retnan.o)
    0x0800c8b2   0x0000005c   Code   RO          917    x$fpl$scalbn        fz_ws.l(scalbn.o)
    0x0800c90e   0x00000004   Code   RO         1038    x$fpl$scanf1        fz_ws.l(scanf1.o)
    0x0800c912   0x00000008   Code   RO         1124    x$fpl$scanf2        fz_ws.l(scanf2.o)
    0x0800c91a   0x00000030   Code   RO         1130    x$fpl$trapveneer    fz_ws.l(trapv.o)
    0x0800c94a   0x00000000   Code   RO          919    x$fpl$usenofp       fz_ws.l(usenofp.o)
    0x0800c94a   0x00000002   PAD
    0x0800c94c   0x00000050   Data   RO          263    .constdata          inv_mpu.o
    0x0800c99c   0x00000bf6   Data   RO          381    .constdata          inv_mpu_dmp_motion_driver.o
    0x0800d592   0x00000ee9   Data   RO          395    .constdata          oled.o
    0x0800e47b   0x00000028   Data   RO          716    .constdata          c_w.l(_printf_hex_int.o)
    0x0800e4a3   0x00000011   Data   RO          746    .constdata          c_w.l(__printf_flags_wp.o)
    0x0800e4b4   0x00000004   PAD
    0x0800e4b8   0x00000050   Data   RO          839    .constdata          m_ws.l(asin.o)
    0x0800e508   0x00000098   Data   RO          922    .constdata          m_ws.l(atan.o)
    0x0800e5a0   0x00000030   Data   RO          931    .constdata          m_ws.l(cos_i.o)
    0x0800e5d0   0x00000008   Data   RO          951    .constdata          m_ws.l(qnan.o)
    0x0800e5d8   0x000000c8   Data   RO          954    .constdata          m_ws.l(rred.o)
    0x0800e6a0   0x00000028   Data   RO          958    .constdata          m_ws.l(sin_i.o)
    0x0800e6c8   0x00000094   Data   RO         1003    .constdata          c_w.l(bigflt0.o)
    0x0800e75c   0x0000004d   Data   RO          264    .conststring        inv_mpu.o
    0x0800e7a9   0x00000003   PAD
    0x0800e7ac   0x00000020   Data   RO         1232    Region$$Table       anon$$obj.o
    0x0800e7cc   0x00000008   Data   RO         1119    c$$dinf             fz_ws.l(fpconst.o)
    0x0800e7d4   0x0000001c   Data   RO         1031    locale$$data        c_w.l(lc_numeric_c.o)
    0x0800e7f0   0x00000110   Data   RO         1110    locale$$data        c_w.l(lc_ctype_c.o)


    Execution Region RW_IRAM1 (Base: 0x20000000, Size: 0x00000988, Max: 0x00010000, ABSOLUTE)

    Base Addr    Size         Type   Attr      Idx    E Section Name        Object

    0x20000000   0x00000028   Data   RW            2    .data               main.o
    0x20000028   0x00000014   Data   RW          211    .data               system_stm32f10x.o
    0x2000003c   0x00000035   Data   RW          265    .data               inv_mpu.o
    0x20000071   0x00000003   PAD
    0x20000074   0x00000010   Data   RW          287    .data               stm32f10x_it.o
    0x20000084   0x00000004   Data   RW          464    .data               delay.o
    0x20000088   0x00000006   Data   RW          496    .data               usart.o
    0x2000008e   0x00000014   Data   RW          559    .data               stm32f10x_rcc.o
    0x200000a2   0x00000002   PAD
    0x200000a4   0x00000068   Data   RW          613    .data               odom.o
    0x2000010c   0x00000010   Zero   RW          380    .bss                inv_mpu_dmp_motion_driver.o
    0x2000011c   0x000000c8   Zero   RW          495    .bss                usart.o
    0x200001e4   0x00000018   Zero   RW          612    .bss                odom.o
    0x200001fc   0x0000012c   Zero   RW          631    .bss                agv_control.o
    0x20000328   0x00000060   Zero   RW         1041    .bss                c_w.l(libspace.o)
    0x20000388   0x00000200   Zero   RW          528    HEAP                startup_stm32f10x_hd.o
    0x20000588   0x00000400   Zero   RW          527    STACK               startup_stm32f10x_hd.o


==============================================================================

Image component sizes


      Code (inc. data)   RO Data    RW Data    ZI Data      Debug   Object Name

      1900        156          0          0        300       3684   agv_control.o
       212         18          0          4          0       1047   delay.o
       356         14          0          0          0       1254   encoder.o
       440         28          0          0          0        938   find.o
      8844        196        157         53          0      23285   inv_mpu.o
      3440        126       3062          0         16      15131   inv_mpu_dmp_motion_driver.o
       112          4          0          0          0       2968   key.o
        76          8          0          0          0        507   led.o
       688        182          0         40          0     255494   main.o
       220         22          0          0          0       1825   misc.o
       492         24          0          0          0       1216   motor.o
       944         30          0          0          0       4251   mpu6050.o
       620         14          0          0          0       2050   mpuiic.o
      1492        210          0        104         24       3689   odom.o
      3492         42       3817          0          0      12239   oled.o
       302          0          0          0          0       1813   pid.o
       304         22          0          0          0       1223   servo.o
        64         26        304          0       1536        812   startup_stm32f10x_hd.o
       284         10          0          0          0       4483   stm32f10x_exti.o
       860         38          0          0          0       5705   stm32f10x_gpio.o
      1348        188          0         16          0       2900   stm32f10x_it.o
       932         36          0         20          0       8848   stm32f10x_rcc.o
      3610         88          0          0          0      22152   stm32f10x_tim.o
      1032         22          0          0          0       8392   stm32f10x_usart.o
       712         44          0          0          0       2811   sys.o
       480         38          0         20          0       1775   system_stm32f10x.o
        88          6          0          0          0        640   timer.o
       192          8          0          6        200       2976   usart.o

    ----------------------------------------------------------------------
     33538       1600       7375        268       2076     394108   Object Totals
         0          0         32          0          0          0   (incl. Generated)
         2          0          3          5          0          0   (incl. Padding)

    ----------------------------------------------------------------------

      Code (inc. data)   RO Data    RW Data    ZI Data      Debug   Library Member Name

         8          0          0          0          0         68   __main.o
       312          4         17          0          0         92   __printf_flags_wp.o
        14          0          0          0          0         68   __printf_wp.o
         0          0          0          0          0          0   __rtentry.o
        12          0          0          0          0          0   __rtentry2.o
         6          0          0          0          0          0   __rtentry4.o
        52          8          0          0          0          0   __scatter.o
        26          0          0          0          0          0   __scatter_copy.o
        28          0          0          0          0          0   __scatter_zi.o
        28          0          0          0          0         68   _chval.o
        48          6          0          0          0         96   _printf_char_common.o
        36          4          0          0          0         80   _printf_char_file.o
         6          0          0          0          0          0   _printf_d.o
       120         16          0          0          0         92   _printf_dec.o
         6          0          0          0          0          0   _printf_f.o
      1050          0          0          0          0        216   _printf_fp_dec.o
       128         16          0          0          0         84   _printf_fp_infnan.o
        88          4         40          0          0         88   _printf_hex_int.o
       178          0          0          0          0         88   _printf_intcommon.o
        78          0          0          0          0        108   _printf_pad.o
         0          0          0          0          0          0   _printf_percent.o
         4          0          0          0          0          0   _printf_percent_end.o
         6          0          0          0          0          0   _printf_x.o
        22          0          0          0          0        100   _rserrno.o
        64          0          0          0          0         84   _sgetc.o
        10          0          0          0          0         68   _sputc.o
        16          0          0          0          0         68   aeabi_memset.o
       220          4        148          0          0         96   bigflt0.o
      2074        132          0          0          0        940   btod.o
        12          0          0          0          0         72   exit.o
         8          0          0          0          0         68   ferror.o
         6          0          0          0          0        152   heapauxi.o
        18          0          0          0          0         76   isspace.o
        44         10        272          0          0         76   lc_ctype_c.o
        44         10         28          0          0         76   lc_numeric_c.o
         2          0          0          0          0          0   libinit.o
        30          0          0          0          0          0   libinit2.o
         2          0          0          0          0          0   libshutdown.o
         2          0          0          0          0          0   libshutdown2.o
         8          4          0          0         96         68   libspace.o
        72          0          0          0          0         76   llsdiv.o
        38          0          0          0          0         68   llshl.o
       138          0          0          0          0         80   lludiv10.o
       238          0          0          0          0        100   lludivv7m.o
        88          0          0          0          0         76   memcmp.o
        24          4          0          0          0         84   noretval__2printf.o
        40          6          0          0          0         84   noretval__2sprintf.o
        16          4          0          0          0         76   rt_ctype_table.o
         8          4          0          0          0         68   rt_errno_addr_intlibspace.o
         8          4          0          0          0         68   rt_locale_intlibspace.o
        68          0          0          0          0         68   rt_memclr.o
        78          0          0          0          0         80   rt_memclr_w.o
         2          0          0          0          0          0   rtexit.o
        10          0          0          0          0          0   rtexit2.o
      1188         12          0          0          0        148   scanf_fp.o
       792         14          0          0          0        100   scanf_hexfp.o
       308         16          0          0          0        100   scanf_infnan.o
       128          0          0          0          0         68   strcmpv7m.o
       160         12          0          0          0        120   strtod.o
        74          0          0          0          0         80   sys_stackheap_outer.o
         2          0          0          0          0         68   use_no_semi.o
         2          0          0          0          0         68   use_no_semi_2.o
        98          4          0          0          0         92   d2f.o
       826         16          0          0          0        348   daddsub_clz.o
        16          4          0          0          0         68   dcheck1.o
        24          0          0          0          0         68   dcmpi.o
       688        140          0          0          0        208   ddiv.o
       120          4          0          0          0         92   deqf.o
        94          4          0          0          0         92   dfix.o
        90          4          0          0          0         92   dfixu.o
        84          0          0          0          0        136   dflt_clz.o
       120          4          0          0          0         92   dleqf.o
       340         12          0          0          0        104   dmul.o
       156          4          0          0          0         92   dnaninf.o
        12          0          0          0          0         68   dretinf.o
       108          0          0          0          0         80   drleqf.o
       460         56          0          0          0        120   dsqrt_noumaal.o
        86          4          0          0          0         84   f2d.o
       430          8          0          0          0        168   faddsub_clz.o
        24          0          0          0          0         68   fcmpi.o
       388         76          0          0          0         96   fdiv.o
       104          4          0          0          0         84   feqf.o
        54          4          0          0          0         84   ffix.o
        62          4          0          0          0         84   ffixu.o
        86          0          0          0          0        136   fflt_clz.o
       104          4          0          0          0         84   fleqf.o
       258          4          0          0          0         84   fmul.o
       140          4          0          0          0         84   fnaninf.o
         0          0          8          0          0          0   fpconst.o
        10          0          0          0          0         68   fretinf.o
        98          0          0          0          0         68   frleqf.o
         4          0          0          0          0         68   printf1.o
       100          0          0          0          0         68   retnan.o
        92          0          0          0          0         68   scalbn.o
         4          0          0          0          0         68   scanf1.o
         8          0          0          0          0         84   scanf2.o
        48          0          0          0          0         68   trapv.o
         0          0          0          0          0          0   usenofp.o
       624         52         80          0          0        168   asin.o
       544         70        152          0          0        124   atan.o
       384         38          0          0          0        144   atan2.o
        42          0          0          0          0         84   atof.o
       156          8          0          0          0        104   cos.o
       252         22         48          0          0        124   cos_i.o
        52          6          0          0          0        340   dunder.o
        40          0          0          0          0         68   fpclassify.o
        88          8          0          0          0         76   frexp.o
       138          0          0          0          0        160   ldexp.o
       152          4          0          0          0        168   narrow.o
       170          0          0          0          0         96   poly.o
         0          0          8          0          0          0   qnan.o
       904         76        200          0          0        140   rred.o
       160         10          0          0          0        108   sin.o
       236         12         40          0          0        128   sin_i.o
        76          0          0          0          0         84   sqrt.o

    ----------------------------------------------------------------------
     17690        966       1045          0         96      10256   Library Totals
        38          2          4          0          0          0   (incl. Padding)

    ----------------------------------------------------------------------

      Code (inc. data)   RO Data    RW Data    ZI Data      Debug   Library Name

      8298        294        505          0         96       4772   c_w.l
      5336        364          8          0          0       3368   fz_ws.l
      4018        306        528          0          0       2116   m_ws.l

    ----------------------------------------------------------------------
     17690        966       1045          0         96      10256   Library Totals

    ----------------------------------------------------------------------

==============================================================================


      Code (inc. data)   RO Data    RW Data    ZI Data      Debug   

     51228       2566       8420        268       2172     396248   Grand Totals
     51228       2566       8420        268       2172     396248   ELF Image Totals
     51228       2566       8420        268          0          0   ROM Totals

==============================================================================

    Total RO  Size (Code + RO Data)                59648 (  58.25kB)
    Total RW  Size (RW Data + ZI Data)              2440 (   2.38kB)
    Total ROM Size (Code + RO Data + RW Data)      59916 (  58.51kB)

==============================================================================

